<?xml version="1.0" encoding="UTF-8"?>
<TestRun id="334e78e7-3022-4d06-8142-90f9759c4912" name="Dell@DESKTOP-LTNHK23 2019-11-14 23:47:45" runUser="DESKTOP-LTNHK23\Dell" xmlns="http://microsoft.com/schemas/VisualStudio/TeamTest/2010">
  <TestSettings name="Local" id="cea33156-e72c-4d1b-a57b-eb1a5b3c21c1">
    <Description>These are default test settings for a local test run.</Description>
    <Deployment enabled="false" runDeploymentRoot="Dell_DESKTOP-LTNHK23 2019-11-14 23_47_45">
      <DeploymentItem filename="C:\Users\Dell\Desktop\Dangnhap\Dangnhap\bin\Debug\Dangnhap.exe" />
    </Deployment>
    <Execution>
      <TestTypeSpecific />
      <AgentRule name="Execution Agents">
      </AgentRule>
    </Execution>
  </TestSettings>
  <Times creation="2019-11-14T23:47:45.6831259+07:00" queuing="2019-11-14T23:47:45.7175639+07:00" start="2019-11-14T23:47:45.7245627+07:00" finish="2019-11-14T23:47:47.4403190+07:00" />
  <ResultSummary outcome="Failed">
    <Counters total="45" executed="45" passed="31" error="0" failed="14" timeout="0" aborted="0" inconclusive="0" passedButRunAborted="0" notRunnable="0" notExecuted="0" disconnected="0" warning="0" completed="0" inProgress="0" pending="0" />
    <RunInfos>
      <RunInfo computerName="DESKTOP-LTNHK23" outcome="Warning" timestamp="2019-11-14T23:47:45.7175639+07:00">
        <Text>Deployment is currently disabled. The deployment item 'testPM\testLogin.csv' on test 'testPM.TestLogin.TestCNLogin' was not deployed.</Text>
      </RunInfo>
    </RunInfos>
  </ResultSummary>
  <TestDefinitions>
    <UnitTest name="TestCNLogin" storage="c:\users\dell\desktop\dangnhap\testpm\bin\debug\testpm.dll" id="e7975907-abd7-c724-e54c-c8600f564d67">
      <DeploymentItems>
        <DeploymentItem filename="testPM\testLogin.csv" />
      </DeploymentItems>
      <Execution id="48dc749c-cb9e-48b1-9809-de177acb065e" />
      <TestMethod codeBase="C:/Users/Dell/Desktop/Dangnhap/testPM/bin/Debug/testPM.DLL" adapterTypeName="Microsoft.VisualStudio.TestTools.TestTypes.Unit.UnitTestAdapter, Microsoft.VisualStudio.QualityTools.Tips.UnitTest.Adapter, Version=10.0.0.0, Culture=neutral, PublicKeyToken=b03f5f7f11d50a3a" className="testPM.TestLogin, testPM, Version=1.0.0.0, Culture=neutral, PublicKeyToken=null" name="TestCNLogin" />
      <DataSource connectionString="|DataDirectory|\testLogin.csv" providerInvariantName="Microsoft.VisualStudio.TestTools.DataSource.CSV" tableName="testLogin#csv" />
    </UnitTest>
    <UnitTest name="testThem" storage="c:\users\dell\desktop\dangnhap\testpm\bin\debug\testpm.dll" id="84b817a3-d9ea-4ee7-4bce-6233ff1a22ec">
      <DeploymentItems>
        <DeploymentItem filename="testPM\testThem.csv" />
      </DeploymentItems>
      <Execution id="5453d889-0666-4cd6-b4b9-43c90bf5f3fb" />
      <TestMethod codeBase="C:/Users/Dell/Desktop/Dangnhap/testPM/bin/Debug/testPM.DLL" adapterTypeName="Microsoft.VisualStudio.TestTools.TestTypes.Unit.UnitTestAdapter, Microsoft.VisualStudio.QualityTools.Tips.UnitTest.Adapter, Version=10.0.0.0, Culture=neutral, PublicKeyToken=b03f5f7f11d50a3a" className="testPM.Test_Them, testPM, Version=1.0.0.0, Culture=neutral, PublicKeyToken=null" name="testThem" />
      <DataSource connectionString="|DataDirectory|\testThem.csv" providerInvariantName="Microsoft.VisualStudio.TestTools.DataSource.CSV" tableName="testThem#csv" />
    </UnitTest>
    <UnitTest name="test_ThanhToan" storage="c:\users\dell\desktop\dangnhap\testpm\bin\debug\testpm.dll" id="2169934a-9f13-ee0b-caac-0e95b5225d2b">
      <DeploymentItems>
        <DeploymentItem filename="testPM\testThanhToan.csv" />
      </DeploymentItems>
      <Execution id="163ad576-2dc2-4ac0-915b-b325863de4d0" />
      <TestMethod codeBase="C:/Users/Dell/Desktop/Dangnhap/testPM/bin/Debug/testPM.DLL" adapterTypeName="Microsoft.VisualStudio.TestTools.TestTypes.Unit.UnitTestAdapter, Microsoft.VisualStudio.QualityTools.Tips.UnitTest.Adapter, Version=10.0.0.0, Culture=neutral, PublicKeyToken=b03f5f7f11d50a3a" className="testPM.Test_ThanhToan, testPM, Version=1.0.0.0, Culture=neutral, PublicKeyToken=null" name="test_ThanhToan" />
      <DataSource connectionString="|DataDirectory|\testThanhToan.csv" providerInvariantName="Microsoft.VisualStudio.TestTools.DataSource.CSV" tableName="testThanhToan#csv" />
    </UnitTest>
    <UnitTest name="Testsua" storage="c:\users\dell\desktop\dangnhap\testpm\bin\debug\testpm.dll" id="582e6a3f-58c7-92d4-9551-1e46aed3632b">
      <DeploymentItems>
        <DeploymentItem filename="testPM\testsua.csv" />
      </DeploymentItems>
      <Execution id="d3b42e7e-7d3a-4aae-931e-8ca403edce4a" />
      <TestMethod codeBase="C:/Users/Dell/Desktop/Dangnhap/testPM/bin/Debug/testPM.DLL" adapterTypeName="Microsoft.VisualStudio.TestTools.TestTypes.Unit.UnitTestAdapter, Microsoft.VisualStudio.QualityTools.Tips.UnitTest.Adapter, Version=10.0.0.0, Culture=neutral, PublicKeyToken=b03f5f7f11d50a3a" className="testPM.Test_Sua, testPM, Version=1.0.0.0, Culture=neutral, PublicKeyToken=null" name="Testsua" />
      <DataSource connectionString="|DataDirectory|\testsua.csv" providerInvariantName="Microsoft.VisualStudio.TestTools.DataSource.CSV" tableName="testsua#csv" />
    </UnitTest>
    <UnitTest name="testThemMon" storage="c:\users\dell\desktop\dangnhap\testpm\bin\debug\testpm.dll" id="d126ba14-7fa7-4e78-7434-4a28ba2ec146">
      <DeploymentItems>
        <DeploymentItem filename="testPM\TestThemMon.csv" />
      </DeploymentItems>
      <Execution id="2dd12754-d331-414b-b0dd-35a6b2808f7a" />
      <TestMethod codeBase="C:/Users/Dell/Desktop/Dangnhap/testPM/bin/Debug/testPM.DLL" adapterTypeName="Microsoft.VisualStudio.TestTools.TestTypes.Unit.UnitTestAdapter, Microsoft.VisualStudio.QualityTools.Tips.UnitTest.Adapter, Version=10.0.0.0, Culture=neutral, PublicKeyToken=b03f5f7f11d50a3a" className="testPM.Test_ThemMon, testPM, Version=1.0.0.0, Culture=neutral, PublicKeyToken=null" name="testThemMon" />
      <DataSource connectionString="|DataDirectory|\TestThemMon.csv" providerInvariantName="Microsoft.VisualStudio.TestTools.DataSource.CSV" tableName="TestThemMon#csv" />
    </UnitTest>
    <UnitTest name="Testxoa" storage="c:\users\dell\desktop\dangnhap\testpm\bin\debug\testpm.dll" id="764f383b-c699-f502-7ad3-0926bd1b950d">
      <DeploymentItems>
        <DeploymentItem filename="testPM\testXoa.csv" />
      </DeploymentItems>
      <Execution id="2de185dc-eeb7-4a64-b9dd-3808bb1464d1" />
      <TestMethod codeBase="C:/Users/Dell/Desktop/Dangnhap/testPM/bin/Debug/testPM.DLL" adapterTypeName="Microsoft.VisualStudio.TestTools.TestTypes.Unit.UnitTestAdapter, Microsoft.VisualStudio.QualityTools.Tips.UnitTest.Adapter, Version=10.0.0.0, Culture=neutral, PublicKeyToken=b03f5f7f11d50a3a" className="testPM.Test_Xoa, testPM, Version=1.0.0.0, Culture=neutral, PublicKeyToken=null" name="Testxoa" />
      <DataSource connectionString="|DataDirectory|\testXoa.csv" providerInvariantName="Microsoft.VisualStudio.TestTools.DataSource.CSV" tableName="testXoa#csv" />
    </UnitTest>
    <UnitTest name="testchuyenban" storage="c:\users\dell\desktop\dangnhap\testpm\bin\debug\testpm.dll" id="cdc9cf75-63ba-fe53-246e-69fbea83d298">
      <DeploymentItems>
        <DeploymentItem filename="testPM\testchuyenban.csv" />
      </DeploymentItems>
      <Execution id="b2016e62-dedf-4a44-a006-5a3700ae1192" />
      <TestMethod codeBase="C:/Users/Dell/Desktop/Dangnhap/testPM/bin/Debug/testPM.DLL" adapterTypeName="Microsoft.VisualStudio.TestTools.TestTypes.Unit.UnitTestAdapter, Microsoft.VisualStudio.QualityTools.Tips.UnitTest.Adapter, Version=10.0.0.0, Culture=neutral, PublicKeyToken=b03f5f7f11d50a3a" className="testPM.Test_Chuyenban, testPM, Version=1.0.0.0, Culture=neutral, PublicKeyToken=null" name="testchuyenban" />
      <DataSource connectionString="|DataDirectory|\testchuyenban.csv" providerInvariantName="Microsoft.VisualStudio.TestTools.DataSource.CSV" tableName="testchuyenban#csv" />
    </UnitTest>
  </TestDefinitions>
  <TestLists>
    <TestList name="Results Not in a List" id="8c84fa94-04c1-424b-9868-57a2d4851a1d" />
    <TestList name="All Loaded Results" id="19431567-8539-422a-85d7-44ee4e166bda" />
  </TestLists>
  <TestEntries>
    <TestEntry testId="2169934a-9f13-ee0b-caac-0e95b5225d2b" executionId="163ad576-2dc2-4ac0-915b-b325863de4d0" testListId="8c84fa94-04c1-424b-9868-57a2d4851a1d" />
    <TestEntry testId="582e6a3f-58c7-92d4-9551-1e46aed3632b" executionId="d3b42e7e-7d3a-4aae-931e-8ca403edce4a" testListId="8c84fa94-04c1-424b-9868-57a2d4851a1d" />
    <TestEntry testId="764f383b-c699-f502-7ad3-0926bd1b950d" executionId="2de185dc-eeb7-4a64-b9dd-3808bb1464d1" testListId="8c84fa94-04c1-424b-9868-57a2d4851a1d" />
    <TestEntry testId="84b817a3-d9ea-4ee7-4bce-6233ff1a22ec" executionId="5453d889-0666-4cd6-b4b9-43c90bf5f3fb" testListId="8c84fa94-04c1-424b-9868-57a2d4851a1d" />
    <TestEntry testId="cdc9cf75-63ba-fe53-246e-69fbea83d298" executionId="b2016e62-dedf-4a44-a006-5a3700ae1192" testListId="8c84fa94-04c1-424b-9868-57a2d4851a1d" />
    <TestEntry testId="d126ba14-7fa7-4e78-7434-4a28ba2ec146" executionId="2dd12754-d331-414b-b0dd-35a6b2808f7a" testListId="8c84fa94-04c1-424b-9868-57a2d4851a1d" />
    <TestEntry testId="e7975907-abd7-c724-e54c-c8600f564d67" executionId="48dc749c-cb9e-48b1-9809-de177acb065e" testListId="8c84fa94-04c1-424b-9868-57a2d4851a1d" />
  </TestEntries>
  <Results>
    <UnitTestResult executionId="163ad576-2dc2-4ac0-915b-b325863de4d0" testId="2169934a-9f13-ee0b-caac-0e95b5225d2b" testName="test_ThanhToan" computerName="DESKTOP-LTNHK23" duration="00:00:00.2650481" startTime="2019-11-14T23:47:45.7315809+07:00" endTime="2019-11-14T23:47:46.2364019+07:00" testType="13cdc9d9-ddb5-4fa4-a97d-d965ccfc6d4b" outcome="Passed" testListId="8c84fa94-04c1-424b-9868-57a2d4851a1d" relativeResultsDirectory="163ad576-2dc2-4ac0-915b-b325863de4d0" resultType="DataDrivenTest">
      <Counters error="0" failed="0" timeout="0" aborted="0" inconclusive="0" passedButRunAborted="0" notRunnable="0" notExecuted="0" disconnected="0" warning="0" passed="5" completed="0" inProgress="0" pending="0" />
      <InnerResults>
        <UnitTestResult executionId="c46d3810-da7b-44bf-85e7-fce7adf84115" parentExecutionId="163ad576-2dc2-4ac0-915b-b325863de4d0" testId="2169934a-9f13-ee0b-caac-0e95b5225d2b" testName="test_ThanhToan" computerName="DESKTOP-LTNHK23" duration="00:00:00.0993111" startTime="2019-11-14T23:47:46.0984426+07:00" endTime="2019-11-14T23:47:46.2044093+07:00" testType="13cdc9d9-ddb5-4fa4-a97d-d965ccfc6d4b" outcome="Passed" testListId="8c84fa94-04c1-424b-9868-57a2d4851a1d" relativeResultsDirectory="163ad576-2dc2-4ac0-915b-b325863de4d0" dataRowInfo="0" resultType="DataDrivenDataRow" />
        <UnitTestResult executionId="8ed2f328-f10a-4993-bee1-2560b5099bdf" parentExecutionId="163ad576-2dc2-4ac0-915b-b325863de4d0" testId="2169934a-9f13-ee0b-caac-0e95b5225d2b" testName="test_ThanhToan" computerName="DESKTOP-LTNHK23" duration="00:00:00.0008005" startTime="2019-11-14T23:47:46.2044093+07:00" endTime="2019-11-14T23:47:46.2054093+07:00" testType="13cdc9d9-ddb5-4fa4-a97d-d965ccfc6d4b" outcome="Passed" testListId="8c84fa94-04c1-424b-9868-57a2d4851a1d" relativeResultsDirectory="163ad576-2dc2-4ac0-915b-b325863de4d0" dataRowInfo="1" resultType="DataDrivenDataRow" />
        <UnitTestResult executionId="8107b4b2-3038-4a94-9dca-12bda2e3b45e" parentExecutionId="163ad576-2dc2-4ac0-915b-b325863de4d0" testId="2169934a-9f13-ee0b-caac-0e95b5225d2b" testName="test_ThanhToan" computerName="DESKTOP-LTNHK23" duration="00:00:00.0000333" startTime="2019-11-14T23:47:46.2054093+07:00" endTime="2019-11-14T23:47:46.2054093+07:00" testType="13cdc9d9-ddb5-4fa4-a97d-d965ccfc6d4b" outcome="Passed" testListId="8c84fa94-04c1-424b-9868-57a2d4851a1d" relativeResultsDirectory="163ad576-2dc2-4ac0-915b-b325863de4d0" dataRowInfo="2" resultType="DataDrivenDataRow" />
        <UnitTestResult executionId="74243f7d-d270-4a29-b651-7f2cbfc0207a" parentExecutionId="163ad576-2dc2-4ac0-915b-b325863de4d0" testId="2169934a-9f13-ee0b-caac-0e95b5225d2b" testName="test_ThanhToan" computerName="DESKTOP-LTNHK23" duration="00:00:00.0000214" startTime="2019-11-14T23:47:46.2054093+07:00" endTime="2019-11-14T23:47:46.2054093+07:00" testType="13cdc9d9-ddb5-4fa4-a97d-d965ccfc6d4b" outcome="Passed" testListId="8c84fa94-04c1-424b-9868-57a2d4851a1d" relativeResultsDirectory="163ad576-2dc2-4ac0-915b-b325863de4d0" dataRowInfo="3" resultType="DataDrivenDataRow" />
        <UnitTestResult executionId="4baf3867-3845-45ef-894c-41903493e20e" parentExecutionId="163ad576-2dc2-4ac0-915b-b325863de4d0" testId="2169934a-9f13-ee0b-caac-0e95b5225d2b" testName="test_ThanhToan" computerName="DESKTOP-LTNHK23" duration="00:00:00.0000257" startTime="2019-11-14T23:47:46.2054093+07:00" endTime="2019-11-14T23:47:46.2054093+07:00" testType="13cdc9d9-ddb5-4fa4-a97d-d965ccfc6d4b" outcome="Passed" testListId="8c84fa94-04c1-424b-9868-57a2d4851a1d" relativeResultsDirectory="163ad576-2dc2-4ac0-915b-b325863de4d0" dataRowInfo="4" resultType="DataDrivenDataRow" />
      </InnerResults>
    </UnitTestResult>
    <UnitTestResult executionId="d3b42e7e-7d3a-4aae-931e-8ca403edce4a" testId="582e6a3f-58c7-92d4-9551-1e46aed3632b" testName="Testsua" computerName="DESKTOP-LTNHK23" duration="00:00:00.2821197" startTime="2019-11-14T23:47:46.2483960+07:00" endTime="2019-11-14T23:47:46.5446453+07:00" testType="13cdc9d9-ddb5-4fa4-a97d-d965ccfc6d4b" outcome="Failed" testListId="8c84fa94-04c1-424b-9868-57a2d4851a1d" relativeResultsDirectory="d3b42e7e-7d3a-4aae-931e-8ca403edce4a" resultType="DataDrivenTest">
      <Counters error="0" failed="6" timeout="0" aborted="0" inconclusive="0" passedButRunAborted="0" notRunnable="0" notExecuted="0" disconnected="0" warning="0" passed="0" completed="0" inProgress="0" pending="0" />
      <InnerResults>
        <UnitTestResult executionId="a90930a4-52b9-4065-b65a-7a83de44e1a3" parentExecutionId="d3b42e7e-7d3a-4aae-931e-8ca403edce4a" testId="582e6a3f-58c7-92d4-9551-1e46aed3632b" testName="Testsua" computerName="DESKTOP-LTNHK23" duration="00:00:00.0734744" startTime="2019-11-14T23:47:46.4313364+07:00" endTime="2019-11-14T23:47:46.5043141+07:00" testType="13cdc9d9-ddb5-4fa4-a97d-d965ccfc6d4b" outcome="Failed" testListId="8c84fa94-04c1-424b-9868-57a2d4851a1d" relativeResultsDirectory="d3b42e7e-7d3a-4aae-931e-8ca403edce4a" dataRowInfo="0" resultType="DataDrivenDataRow">
          <Output>
            <ErrorInfo>
              <Message>Assert.AreEqual failed. Expected:&lt;True&gt;. Actual:&lt;False&gt;. </Message>
              <StackTrace>   at testPM.Test_Sua.Testsua() in C:\Users\Dell\Desktop\Dangnhap\testPM\Test_Sua.cs:line 28
</StackTrace>
            </ErrorInfo>
          </Output>
        </UnitTestResult>
        <UnitTestResult executionId="97df9bcc-494a-45a4-9939-18db35445731" parentExecutionId="d3b42e7e-7d3a-4aae-931e-8ca403edce4a" testId="582e6a3f-58c7-92d4-9551-1e46aed3632b" testName="Testsua" computerName="DESKTOP-LTNHK23" duration="00:00:00.0092831" startTime="2019-11-14T23:47:46.5043141+07:00" endTime="2019-11-14T23:47:46.5143097+07:00" testType="13cdc9d9-ddb5-4fa4-a97d-d965ccfc6d4b" outcome="Failed" testListId="8c84fa94-04c1-424b-9868-57a2d4851a1d" relativeResultsDirectory="d3b42e7e-7d3a-4aae-931e-8ca403edce4a" dataRowInfo="1" resultType="DataDrivenDataRow">
          <Output>
            <ErrorInfo>
              <Message>Assert.AreEqual failed. Expected:&lt;True&gt;. Actual:&lt;False&gt;. </Message>
              <StackTrace>   at testPM.Test_Sua.Testsua() in C:\Users\Dell\Desktop\Dangnhap\testPM\Test_Sua.cs:line 28
</StackTrace>
            </ErrorInfo>
          </Output>
        </UnitTestResult>
        <UnitTestResult executionId="63662afe-029a-4594-86c9-93d971773c77" parentExecutionId="d3b42e7e-7d3a-4aae-931e-8ca403edce4a" testId="582e6a3f-58c7-92d4-9551-1e46aed3632b" testName="Testsua" computerName="DESKTOP-LTNHK23" duration="00:00:00.0108686" startTime="2019-11-14T23:47:46.5143097+07:00" endTime="2019-11-14T23:47:46.5246531+07:00" testType="13cdc9d9-ddb5-4fa4-a97d-d965ccfc6d4b" outcome="Failed" testListId="8c84fa94-04c1-424b-9868-57a2d4851a1d" relativeResultsDirectory="d3b42e7e-7d3a-4aae-931e-8ca403edce4a" dataRowInfo="2" resultType="DataDrivenDataRow">
          <Output>
            <ErrorInfo>
              <Message>Assert.AreEqual failed. Expected:&lt;True&gt;. Actual:&lt;False&gt;. </Message>
              <StackTrace>   at testPM.Test_Sua.Testsua() in C:\Users\Dell\Desktop\Dangnhap\testPM\Test_Sua.cs:line 28
</StackTrace>
            </ErrorInfo>
          </Output>
        </UnitTestResult>
        <UnitTestResult executionId="3ffc9b89-11eb-4787-bf9a-c467eaf18eac" parentExecutionId="d3b42e7e-7d3a-4aae-931e-8ca403edce4a" testId="582e6a3f-58c7-92d4-9551-1e46aed3632b" testName="Testsua" computerName="DESKTOP-LTNHK23" duration="00:00:00.0045813" startTime="2019-11-14T23:47:46.5246531+07:00" endTime="2019-11-14T23:47:46.5296547+07:00" testType="13cdc9d9-ddb5-4fa4-a97d-d965ccfc6d4b" outcome="Failed" testListId="8c84fa94-04c1-424b-9868-57a2d4851a1d" relativeResultsDirectory="d3b42e7e-7d3a-4aae-931e-8ca403edce4a" dataRowInfo="3" resultType="DataDrivenDataRow">
          <Output>
            <ErrorInfo>
              <Message>Test method testPM.Test_Sua.Testsua threw exception: 
System.FormatException: Input string was not in a correct format.</Message>
              <StackTrace>    at System.Number.StringToNumber(String str, NumberStyles options, NumberBuffer&amp; number, NumberFormatInfo info, Boolean parseDecimal)
   at System.Number.ParseInt32(String s, NumberStyles style, NumberFormatInfo info)
   at System.Int32.Parse(String s)
   at testPM.Test_Sua.Testsua() in C:\Users\Dell\Desktop\Dangnhap\testPM\Test_Sua.cs:line 22
</StackTrace>
            </ErrorInfo>
          </Output>
        </UnitTestResult>
        <UnitTestResult executionId="bc71c8c0-6a9c-46b9-8aa9-7bf319c8deab" parentExecutionId="d3b42e7e-7d3a-4aae-931e-8ca403edce4a" testId="582e6a3f-58c7-92d4-9551-1e46aed3632b" testName="Testsua" computerName="DESKTOP-LTNHK23" duration="00:00:00.0020810" startTime="2019-11-14T23:47:46.5296547+07:00" endTime="2019-11-14T23:47:46.5316478+07:00" testType="13cdc9d9-ddb5-4fa4-a97d-d965ccfc6d4b" outcome="Failed" testListId="8c84fa94-04c1-424b-9868-57a2d4851a1d" relativeResultsDirectory="d3b42e7e-7d3a-4aae-931e-8ca403edce4a" dataRowInfo="4" resultType="DataDrivenDataRow">
          <Output>
            <ErrorInfo>
              <Message>Test method testPM.Test_Sua.Testsua threw exception: 
System.FormatException: Input string was not in a correct format.</Message>
              <StackTrace>    at System.Number.ParseSingle(String value, NumberStyles options, NumberFormatInfo numfmt)
   at System.Single.Parse(String s)
   at testPM.Test_Sua.Testsua() in C:\Users\Dell\Desktop\Dangnhap\testPM\Test_Sua.cs:line 23
</StackTrace>
            </ErrorInfo>
          </Output>
        </UnitTestResult>
        <UnitTestResult executionId="b07a1835-a11a-4ad4-9eb0-5eecb6eb0a0f" parentExecutionId="d3b42e7e-7d3a-4aae-931e-8ca403edce4a" testId="582e6a3f-58c7-92d4-9551-1e46aed3632b" testName="Testsua" computerName="DESKTOP-LTNHK23" duration="00:00:00.0019781" startTime="2019-11-14T23:47:46.5316478+07:00" endTime="2019-11-14T23:47:46.5336485+07:00" testType="13cdc9d9-ddb5-4fa4-a97d-d965ccfc6d4b" outcome="Failed" testListId="8c84fa94-04c1-424b-9868-57a2d4851a1d" relativeResultsDirectory="d3b42e7e-7d3a-4aae-931e-8ca403edce4a" dataRowInfo="5" resultType="DataDrivenDataRow">
          <Output>
            <ErrorInfo>
              <Message>Test method testPM.Test_Sua.Testsua threw exception: 
System.FormatException: Input string was not in a correct format.</Message>
              <StackTrace>    at System.Number.StringToNumber(String str, NumberStyles options, NumberBuffer&amp; number, NumberFormatInfo info, Boolean parseDecimal)
   at System.Number.ParseInt32(String s, NumberStyles style, NumberFormatInfo info)
   at System.Int32.Parse(String s)
   at testPM.Test_Sua.Testsua() in C:\Users\Dell\Desktop\Dangnhap\testPM\Test_Sua.cs:line 24
</StackTrace>
            </ErrorInfo>
          </Output>
        </UnitTestResult>
      </InnerResults>
    </UnitTestResult>
    <UnitTestResult executionId="2de185dc-eeb7-4a64-b9dd-3808bb1464d1" testId="764f383b-c699-f502-7ad3-0926bd1b950d" testName="Testxoa" computerName="DESKTOP-LTNHK23" duration="00:00:00.1478111" startTime="2019-11-14T23:47:46.5506419+07:00" endTime="2019-11-14T23:47:46.7068003+07:00" testType="13cdc9d9-ddb5-4fa4-a97d-d965ccfc6d4b" outcome="Failed" testListId="8c84fa94-04c1-424b-9868-57a2d4851a1d" relativeResultsDirectory="2de185dc-eeb7-4a64-b9dd-3808bb1464d1" resultType="DataDrivenTest">
      <Counters error="0" failed="2" timeout="0" aborted="0" inconclusive="0" passedButRunAborted="0" notRunnable="0" notExecuted="0" disconnected="0" warning="0" passed="1" completed="0" inProgress="0" pending="0" />
      <InnerResults>
        <UnitTestResult executionId="43ccb041-5a41-4ed4-8619-0d117db4f0a1" parentExecutionId="2de185dc-eeb7-4a64-b9dd-3808bb1464d1" testId="764f383b-c699-f502-7ad3-0926bd1b950d" testName="Testxoa" computerName="DESKTOP-LTNHK23" duration="00:00:00.0180674" startTime="2019-11-14T23:47:46.6747852+07:00" endTime="2019-11-14T23:47:46.6922319+07:00" testType="13cdc9d9-ddb5-4fa4-a97d-d965ccfc6d4b" outcome="Failed" testListId="8c84fa94-04c1-424b-9868-57a2d4851a1d" relativeResultsDirectory="2de185dc-eeb7-4a64-b9dd-3808bb1464d1" dataRowInfo="0" resultType="DataDrivenDataRow">
          <Output>
            <ErrorInfo>
              <Message>Assert.AreEqual failed. Expected:&lt;True&gt;. Actual:&lt;False&gt;. </Message>
              <StackTrace>   at testPM.Test_Xoa.Testxoa() in C:\Users\Dell\Desktop\Dangnhap\testPM\Test_Xoa.cs:line 24
</StackTrace>
            </ErrorInfo>
          </Output>
        </UnitTestResult>
        <UnitTestResult executionId="11e1de65-7887-4647-b9ca-f65833a3eecc" parentExecutionId="2de185dc-eeb7-4a64-b9dd-3808bb1464d1" testId="764f383b-c699-f502-7ad3-0926bd1b950d" testName="Testxoa" computerName="DESKTOP-LTNHK23" duration="00:00:00.0067974" startTime="2019-11-14T23:47:46.6922319+07:00" endTime="2019-11-14T23:47:46.6998003+07:00" testType="13cdc9d9-ddb5-4fa4-a97d-d965ccfc6d4b" outcome="Passed" testListId="8c84fa94-04c1-424b-9868-57a2d4851a1d" relativeResultsDirectory="2de185dc-eeb7-4a64-b9dd-3808bb1464d1" dataRowInfo="1" resultType="DataDrivenDataRow" />
        <UnitTestResult executionId="77eff8fe-013b-4019-9c0b-b05c2267d46c" parentExecutionId="2de185dc-eeb7-4a64-b9dd-3808bb1464d1" testId="764f383b-c699-f502-7ad3-0926bd1b950d" testName="Testxoa" computerName="DESKTOP-LTNHK23" duration="00:00:00.0016147" startTime="2019-11-14T23:47:46.6998003+07:00" endTime="2019-11-14T23:47:46.7008024+07:00" testType="13cdc9d9-ddb5-4fa4-a97d-d965ccfc6d4b" outcome="Failed" testListId="8c84fa94-04c1-424b-9868-57a2d4851a1d" relativeResultsDirectory="2de185dc-eeb7-4a64-b9dd-3808bb1464d1" dataRowInfo="2" resultType="DataDrivenDataRow">
          <Output>
            <ErrorInfo>
              <Message>Test method testPM.Test_Xoa.Testxoa threw exception: 
System.FormatException: Input string was not in a correct format.</Message>
              <StackTrace>    at System.Number.StringToNumber(String str, NumberStyles options, NumberBuffer&amp; number, NumberFormatInfo info, Boolean parseDecimal)
   at System.Number.ParseInt32(String s, NumberStyles style, NumberFormatInfo info)
   at System.Int32.Parse(String s)
   at testPM.Test_Xoa.Testxoa() in C:\Users\Dell\Desktop\Dangnhap\testPM\Test_Xoa.cs:line 20
</StackTrace>
            </ErrorInfo>
          </Output>
        </UnitTestResult>
      </InnerResults>
    </UnitTestResult>
    <UnitTestResult executionId="5453d889-0666-4cd6-b4b9-43c90bf5f3fb" testId="84b817a3-d9ea-4ee7-4bce-6233ff1a22ec" testName="testThem" computerName="DESKTOP-LTNHK23" duration="00:00:00.1510188" startTime="2019-11-14T23:47:46.7138021+07:00" endTime="2019-11-14T23:47:46.8722078+07:00" testType="13cdc9d9-ddb5-4fa4-a97d-d965ccfc6d4b" outcome="Passed" testListId="8c84fa94-04c1-424b-9868-57a2d4851a1d" relativeResultsDirectory="5453d889-0666-4cd6-b4b9-43c90bf5f3fb" resultType="DataDrivenTest">
      <Counters error="0" failed="0" timeout="0" aborted="0" inconclusive="0" passedButRunAborted="0" notRunnable="0" notExecuted="0" disconnected="0" warning="0" passed="2" completed="0" inProgress="0" pending="0" />
      <InnerResults>
        <UnitTestResult executionId="cb21caac-5fb8-4a4a-be28-3efb2792fbba" parentExecutionId="5453d889-0666-4cd6-b4b9-43c90bf5f3fb" testId="84b817a3-d9ea-4ee7-4bce-6233ff1a22ec" testName="testThem" computerName="DESKTOP-LTNHK23" duration="00:00:00.0142347" startTime="2019-11-14T23:47:46.8431348+07:00" endTime="2019-11-14T23:47:46.8573345+07:00" testType="13cdc9d9-ddb5-4fa4-a97d-d965ccfc6d4b" outcome="Passed" testListId="8c84fa94-04c1-424b-9868-57a2d4851a1d" relativeResultsDirectory="5453d889-0666-4cd6-b4b9-43c90bf5f3fb" dataRowInfo="0" resultType="DataDrivenDataRow" />
        <UnitTestResult executionId="f7446d7d-3e7f-4390-8b65-bc939aa125de" parentExecutionId="5453d889-0666-4cd6-b4b9-43c90bf5f3fb" testId="84b817a3-d9ea-4ee7-4bce-6233ff1a22ec" testName="testThem" computerName="DESKTOP-LTNHK23" duration="00:00:00.0099846" startTime="2019-11-14T23:47:46.8573345+07:00" endTime="2019-11-14T23:47:46.8672226+07:00" testType="13cdc9d9-ddb5-4fa4-a97d-d965ccfc6d4b" outcome="Passed" testListId="8c84fa94-04c1-424b-9868-57a2d4851a1d" relativeResultsDirectory="5453d889-0666-4cd6-b4b9-43c90bf5f3fb" dataRowInfo="1" resultType="DataDrivenDataRow" />
      </InnerResults>
    </UnitTestResult>
    <UnitTestResult executionId="b2016e62-dedf-4a44-a006-5a3700ae1192" testId="cdc9cf75-63ba-fe53-246e-69fbea83d298" testName="testchuyenban" computerName="DESKTOP-LTNHK23" duration="00:00:00.1331683" startTime="2019-11-14T23:47:46.8792050+07:00" endTime="2019-11-14T23:47:47.0174557+07:00" testType="13cdc9d9-ddb5-4fa4-a97d-d965ccfc6d4b" outcome="Failed" testListId="8c84fa94-04c1-424b-9868-57a2d4851a1d" relativeResultsDirectory="b2016e62-dedf-4a44-a006-5a3700ae1192" resultType="DataDrivenTest">
      <Counters error="0" failed="1" timeout="0" aborted="0" inconclusive="0" passedButRunAborted="0" notRunnable="0" notExecuted="0" disconnected="0" warning="0" passed="0" completed="0" inProgress="0" pending="0" />
      <InnerResults>
        <UnitTestResult executionId="6a124df1-51c5-4a47-8239-3569bcb54638" parentExecutionId="b2016e62-dedf-4a44-a006-5a3700ae1192" testId="cdc9cf75-63ba-fe53-246e-69fbea83d298" testName="testchuyenban" computerName="DESKTOP-LTNHK23" duration="00:00:00.0055821" startTime="2019-11-14T23:47:47.0094395+07:00" endTime="2019-11-14T23:47:47.0144563+07:00" testType="13cdc9d9-ddb5-4fa4-a97d-d965ccfc6d4b" outcome="Failed" testListId="8c84fa94-04c1-424b-9868-57a2d4851a1d" relativeResultsDirectory="b2016e62-dedf-4a44-a006-5a3700ae1192" dataRowInfo="0" resultType="DataDrivenDataRow">
          <Output>
            <ErrorInfo>
              <Message>Test method testPM.Test_Chuyenban.testchuyenban threw exception: 
System.IndexOutOfRangeException: loi</Message>
              <StackTrace>    at Dangnhap.QuanLy.thuchuyen(Int32 ban1, Int32 ban2) in C:\Users\Dell\Desktop\Dangnhap\Dangnhap\QuanLy.cs:line 278
   at testPM.Test_Chuyenban.testchuyenban() in C:\Users\Dell\Desktop\Dangnhap\testPM\Test_Chuyenban.cs:line 25
</StackTrace>
            </ErrorInfo>
          </Output>
        </UnitTestResult>
      </InnerResults>
    </UnitTestResult>
    <UnitTestResult executionId="2dd12754-d331-414b-b0dd-35a6b2808f7a" testId="d126ba14-7fa7-4e78-7434-4a28ba2ec146" testName="testThemMon" computerName="DESKTOP-LTNHK23" duration="00:00:00.1288310" startTime="2019-11-14T23:47:47.0254529+07:00" endTime="2019-11-14T23:47:47.1665409+07:00" testType="13cdc9d9-ddb5-4fa4-a97d-d965ccfc6d4b" outcome="Passed" testListId="8c84fa94-04c1-424b-9868-57a2d4851a1d" relativeResultsDirectory="2dd12754-d331-414b-b0dd-35a6b2808f7a" resultType="DataDrivenTest">
      <Counters error="0" failed="0" timeout="0" aborted="0" inconclusive="0" passedButRunAborted="0" notRunnable="0" notExecuted="0" disconnected="0" warning="0" passed="6" completed="0" inProgress="0" pending="0" />
      <InnerResults>
        <UnitTestResult executionId="95db84a9-3b46-430c-8479-6b1e05856cad" parentExecutionId="2dd12754-d331-414b-b0dd-35a6b2808f7a" testId="d126ba14-7fa7-4e78-7434-4a28ba2ec146" testName="testThemMon" computerName="DESKTOP-LTNHK23" duration="00:00:00.0016084" startTime="2019-11-14T23:47:47.1485451+07:00" endTime="2019-11-14T23:47:47.1495464+07:00" testType="13cdc9d9-ddb5-4fa4-a97d-d965ccfc6d4b" outcome="Passed" testListId="8c84fa94-04c1-424b-9868-57a2d4851a1d" relativeResultsDirectory="2dd12754-d331-414b-b0dd-35a6b2808f7a" dataRowInfo="0" resultType="DataDrivenDataRow" />
        <UnitTestResult executionId="b4395314-64cd-4e4e-85d8-47611b6a3008" parentExecutionId="2dd12754-d331-414b-b0dd-35a6b2808f7a" testId="d126ba14-7fa7-4e78-7434-4a28ba2ec146" testName="testThemMon" computerName="DESKTOP-LTNHK23" duration="00:00:00.0063752" startTime="2019-11-14T23:47:47.1495464+07:00" endTime="2019-11-14T23:47:47.1565405+07:00" testType="13cdc9d9-ddb5-4fa4-a97d-d965ccfc6d4b" outcome="Passed" testListId="8c84fa94-04c1-424b-9868-57a2d4851a1d" relativeResultsDirectory="2dd12754-d331-414b-b0dd-35a6b2808f7a" dataRowInfo="1" resultType="DataDrivenDataRow" />
        <UnitTestResult executionId="7032dc8a-30b2-47a5-bda3-6e4519cd6def" parentExecutionId="2dd12754-d331-414b-b0dd-35a6b2808f7a" testId="d126ba14-7fa7-4e78-7434-4a28ba2ec146" testName="testThemMon" computerName="DESKTOP-LTNHK23" duration="00:00:00.0000343" startTime="2019-11-14T23:47:47.1565405+07:00" endTime="2019-11-14T23:47:47.1565405+07:00" testType="13cdc9d9-ddb5-4fa4-a97d-d965ccfc6d4b" outcome="Passed" testListId="8c84fa94-04c1-424b-9868-57a2d4851a1d" relativeResultsDirectory="2dd12754-d331-414b-b0dd-35a6b2808f7a" dataRowInfo="2" resultType="DataDrivenDataRow" />
        <UnitTestResult executionId="44c72ccb-b092-4a74-86f7-24294e0e45fd" parentExecutionId="2dd12754-d331-414b-b0dd-35a6b2808f7a" testId="d126ba14-7fa7-4e78-7434-4a28ba2ec146" testName="testThemMon" computerName="DESKTOP-LTNHK23" duration="00:00:00.0000139" startTime="2019-11-14T23:47:47.1565405+07:00" endTime="2019-11-14T23:47:47.1565405+07:00" testType="13cdc9d9-ddb5-4fa4-a97d-d965ccfc6d4b" outcome="Passed" testListId="8c84fa94-04c1-424b-9868-57a2d4851a1d" relativeResultsDirectory="2dd12754-d331-414b-b0dd-35a6b2808f7a" dataRowInfo="3" resultType="DataDrivenDataRow" />
        <UnitTestResult executionId="aa993876-523c-4074-bed9-30746b63a5bb" parentExecutionId="2dd12754-d331-414b-b0dd-35a6b2808f7a" testId="d126ba14-7fa7-4e78-7434-4a28ba2ec146" testName="testThemMon" computerName="DESKTOP-LTNHK23" duration="00:00:00.0000147" startTime="2019-11-14T23:47:47.1565405+07:00" endTime="2019-11-14T23:47:47.1565405+07:00" testType="13cdc9d9-ddb5-4fa4-a97d-d965ccfc6d4b" outcome="Passed" testListId="8c84fa94-04c1-424b-9868-57a2d4851a1d" relativeResultsDirectory="2dd12754-d331-414b-b0dd-35a6b2808f7a" dataRowInfo="4" resultType="DataDrivenDataRow" />
        <UnitTestResult executionId="df017010-a053-490e-9e34-d0ec855a77ac" parentExecutionId="2dd12754-d331-414b-b0dd-35a6b2808f7a" testId="d126ba14-7fa7-4e78-7434-4a28ba2ec146" testName="testThemMon" computerName="DESKTOP-LTNHK23" duration="00:00:00.0000117" startTime="2019-11-14T23:47:47.1565405+07:00" endTime="2019-11-14T23:47:47.1565405+07:00" testType="13cdc9d9-ddb5-4fa4-a97d-d965ccfc6d4b" outcome="Passed" testListId="8c84fa94-04c1-424b-9868-57a2d4851a1d" relativeResultsDirectory="2dd12754-d331-414b-b0dd-35a6b2808f7a" dataRowInfo="5" resultType="DataDrivenDataRow" />
      </InnerResults>
    </UnitTestResult>
    <UnitTestResult executionId="48dc749c-cb9e-48b1-9809-de177acb065e" testId="e7975907-abd7-c724-e54c-c8600f564d67" testName="TestCNLogin" computerName="DESKTOP-LTNHK23" duration="00:00:00.1492439" startTime="2019-11-14T23:47:47.1735404+07:00" endTime="2019-11-14T23:47:47.3493565+07:00" testType="13cdc9d9-ddb5-4fa4-a97d-d965ccfc6d4b" outcome="Failed" testListId="8c84fa94-04c1-424b-9868-57a2d4851a1d" relativeResultsDirectory="48dc749c-cb9e-48b1-9809-de177acb065e" resultType="DataDrivenTest">
      <Counters error="0" failed="1" timeout="0" aborted="0" inconclusive="0" passedButRunAborted="0" notRunnable="0" notExecuted="0" disconnected="0" warning="0" passed="14" completed="0" inProgress="0" pending="0" />
      <InnerResults>
        <UnitTestResult executionId="e3042352-3c84-4c1d-8cff-a4eeead5cf0c" parentExecutionId="48dc749c-cb9e-48b1-9809-de177acb065e" testId="e7975907-abd7-c724-e54c-c8600f564d67" testName="TestCNLogin" computerName="DESKTOP-LTNHK23" duration="00:00:00.0056955" startTime="2019-11-14T23:47:47.3022249+07:00" endTime="2019-11-14T23:47:47.3072235+07:00" testType="13cdc9d9-ddb5-4fa4-a97d-d965ccfc6d4b" outcome="Passed" testListId="8c84fa94-04c1-424b-9868-57a2d4851a1d" relativeResultsDirectory="48dc749c-cb9e-48b1-9809-de177acb065e" dataRowInfo="0" resultType="DataDrivenDataRow" />
        <UnitTestResult executionId="2a356ba5-b2f7-42fe-bf3c-7c9d342b40ab" parentExecutionId="48dc749c-cb9e-48b1-9809-de177acb065e" testId="e7975907-abd7-c724-e54c-c8600f564d67" testName="TestCNLogin" computerName="DESKTOP-LTNHK23" duration="00:00:00.0009866" startTime="2019-11-14T23:47:47.3072235+07:00" endTime="2019-11-14T23:47:47.3082139+07:00" testType="13cdc9d9-ddb5-4fa4-a97d-d965ccfc6d4b" outcome="Passed" testListId="8c84fa94-04c1-424b-9868-57a2d4851a1d" relativeResultsDirectory="48dc749c-cb9e-48b1-9809-de177acb065e" dataRowInfo="1" resultType="DataDrivenDataRow" />
        <UnitTestResult executionId="adacac7a-b329-418a-9551-fa70672fe4ce" parentExecutionId="48dc749c-cb9e-48b1-9809-de177acb065e" testId="e7975907-abd7-c724-e54c-c8600f564d67" testName="TestCNLogin" computerName="DESKTOP-LTNHK23" duration="00:00:00.0009110" startTime="2019-11-14T23:47:47.3082139+07:00" endTime="2019-11-14T23:47:47.3092132+07:00" testType="13cdc9d9-ddb5-4fa4-a97d-d965ccfc6d4b" outcome="Passed" testListId="8c84fa94-04c1-424b-9868-57a2d4851a1d" relativeResultsDirectory="48dc749c-cb9e-48b1-9809-de177acb065e" dataRowInfo="2" resultType="DataDrivenDataRow" />
        <UnitTestResult executionId="acc39d83-df76-41cb-b751-e7561943e78a" parentExecutionId="48dc749c-cb9e-48b1-9809-de177acb065e" testId="e7975907-abd7-c724-e54c-c8600f564d67" testName="TestCNLogin" computerName="DESKTOP-LTNHK23" duration="00:00:00.0024568" startTime="2019-11-14T23:47:47.3092132+07:00" endTime="2019-11-14T23:47:47.3125572+07:00" testType="13cdc9d9-ddb5-4fa4-a97d-d965ccfc6d4b" outcome="Passed" testListId="8c84fa94-04c1-424b-9868-57a2d4851a1d" relativeResultsDirectory="48dc749c-cb9e-48b1-9809-de177acb065e" dataRowInfo="3" resultType="DataDrivenDataRow" />
        <UnitTestResult executionId="a7cba27a-0b06-4bad-aa1d-1083c6740de7" parentExecutionId="48dc749c-cb9e-48b1-9809-de177acb065e" testId="e7975907-abd7-c724-e54c-c8600f564d67" testName="TestCNLogin" computerName="DESKTOP-LTNHK23" duration="00:00:00.0008621" startTime="2019-11-14T23:47:47.3125572+07:00" endTime="2019-11-14T23:47:47.3125572+07:00" testType="13cdc9d9-ddb5-4fa4-a97d-d965ccfc6d4b" outcome="Passed" testListId="8c84fa94-04c1-424b-9868-57a2d4851a1d" relativeResultsDirectory="48dc749c-cb9e-48b1-9809-de177acb065e" dataRowInfo="4" resultType="DataDrivenDataRow" />
        <UnitTestResult executionId="a778910a-f426-402c-b53c-0946e29f622e" parentExecutionId="48dc749c-cb9e-48b1-9809-de177acb065e" testId="e7975907-abd7-c724-e54c-c8600f564d67" testName="TestCNLogin" computerName="DESKTOP-LTNHK23" duration="00:00:00.0011135" startTime="2019-11-14T23:47:47.3125572+07:00" endTime="2019-11-14T23:47:47.3145664+07:00" testType="13cdc9d9-ddb5-4fa4-a97d-d965ccfc6d4b" outcome="Passed" testListId="8c84fa94-04c1-424b-9868-57a2d4851a1d" relativeResultsDirectory="48dc749c-cb9e-48b1-9809-de177acb065e" dataRowInfo="5" resultType="DataDrivenDataRow" />
        <UnitTestResult executionId="53b6534f-dd54-4899-a03c-849bdb9b94c8" parentExecutionId="48dc749c-cb9e-48b1-9809-de177acb065e" testId="e7975907-abd7-c724-e54c-c8600f564d67" testName="TestCNLogin" computerName="DESKTOP-LTNHK23" duration="00:00:00.0008427" startTime="2019-11-14T23:47:47.3145664+07:00" endTime="2019-11-14T23:47:47.3145664+07:00" testType="13cdc9d9-ddb5-4fa4-a97d-d965ccfc6d4b" outcome="Passed" testListId="8c84fa94-04c1-424b-9868-57a2d4851a1d" relativeResultsDirectory="48dc749c-cb9e-48b1-9809-de177acb065e" dataRowInfo="6" resultType="DataDrivenDataRow" />
        <UnitTestResult executionId="51c951d8-3939-4051-bd4d-0fae66ecd2af" parentExecutionId="48dc749c-cb9e-48b1-9809-de177acb065e" testId="e7975907-abd7-c724-e54c-c8600f564d67" testName="TestCNLogin" computerName="DESKTOP-LTNHK23" duration="00:00:00.0008774" startTime="2019-11-14T23:47:47.3145664+07:00" endTime="2019-11-14T23:47:47.3155710+07:00" testType="13cdc9d9-ddb5-4fa4-a97d-d965ccfc6d4b" outcome="Passed" testListId="8c84fa94-04c1-424b-9868-57a2d4851a1d" relativeResultsDirectory="48dc749c-cb9e-48b1-9809-de177acb065e" dataRowInfo="7" resultType="DataDrivenDataRow" />
        <UnitTestResult executionId="025ef783-6588-4c6b-a384-b8efb020c229" parentExecutionId="48dc749c-cb9e-48b1-9809-de177acb065e" testId="e7975907-abd7-c724-e54c-c8600f564d67" testName="TestCNLogin" computerName="DESKTOP-LTNHK23" duration="00:00:00.0007940" startTime="2019-11-14T23:47:47.3155710+07:00" endTime="2019-11-14T23:47:47.3165707+07:00" testType="13cdc9d9-ddb5-4fa4-a97d-d965ccfc6d4b" outcome="Passed" testListId="8c84fa94-04c1-424b-9868-57a2d4851a1d" relativeResultsDirectory="48dc749c-cb9e-48b1-9809-de177acb065e" dataRowInfo="8" resultType="DataDrivenDataRow" />
        <UnitTestResult executionId="df5e1751-c32d-42cb-a5d5-d6470d5629fa" parentExecutionId="48dc749c-cb9e-48b1-9809-de177acb065e" testId="e7975907-abd7-c724-e54c-c8600f564d67" testName="TestCNLogin" computerName="DESKTOP-LTNHK23" duration="00:00:00.0008715" startTime="2019-11-14T23:47:47.3165707+07:00" endTime="2019-11-14T23:47:47.3175703+07:00" testType="13cdc9d9-ddb5-4fa4-a97d-d965ccfc6d4b" outcome="Passed" testListId="8c84fa94-04c1-424b-9868-57a2d4851a1d" relativeResultsDirectory="48dc749c-cb9e-48b1-9809-de177acb065e" dataRowInfo="9" resultType="DataDrivenDataRow" />
        <UnitTestResult executionId="b9f7243b-6c3b-4541-bb67-5f5f0186a2ad" parentExecutionId="48dc749c-cb9e-48b1-9809-de177acb065e" testId="e7975907-abd7-c724-e54c-c8600f564d67" testName="TestCNLogin" computerName="DESKTOP-LTNHK23" duration="00:00:00.0022222" startTime="2019-11-14T23:47:47.3175703+07:00" endTime="2019-11-14T23:47:47.3195544+07:00" testType="13cdc9d9-ddb5-4fa4-a97d-d965ccfc6d4b" outcome="Passed" testListId="8c84fa94-04c1-424b-9868-57a2d4851a1d" relativeResultsDirectory="48dc749c-cb9e-48b1-9809-de177acb065e" dataRowInfo="10" resultType="DataDrivenDataRow" />
        <UnitTestResult executionId="2ca2afb0-9987-4d5c-8919-8b1d0420b695" parentExecutionId="48dc749c-cb9e-48b1-9809-de177acb065e" testId="e7975907-abd7-c724-e54c-c8600f564d67" testName="TestCNLogin" computerName="DESKTOP-LTNHK23" duration="00:00:00.0008835" startTime="2019-11-14T23:47:47.3195544+07:00" endTime="2019-11-14T23:47:47.3205695+07:00" testType="13cdc9d9-ddb5-4fa4-a97d-d965ccfc6d4b" outcome="Passed" testListId="8c84fa94-04c1-424b-9868-57a2d4851a1d" relativeResultsDirectory="48dc749c-cb9e-48b1-9809-de177acb065e" dataRowInfo="11" resultType="DataDrivenDataRow" />
        <UnitTestResult executionId="1f866c53-34c3-4b48-b01a-e4e0e3684d3f" parentExecutionId="48dc749c-cb9e-48b1-9809-de177acb065e" testId="e7975907-abd7-c724-e54c-c8600f564d67" testName="TestCNLogin" computerName="DESKTOP-LTNHK23" duration="00:00:00.0012156" startTime="2019-11-14T23:47:47.3205695+07:00" endTime="2019-11-14T23:47:47.3223538+07:00" testType="13cdc9d9-ddb5-4fa4-a97d-d965ccfc6d4b" outcome="Passed" testListId="8c84fa94-04c1-424b-9868-57a2d4851a1d" relativeResultsDirectory="48dc749c-cb9e-48b1-9809-de177acb065e" dataRowInfo="12" resultType="DataDrivenDataRow" />
        <UnitTestResult executionId="78c2a615-7e0d-42e4-aff2-959f69d37c50" parentExecutionId="48dc749c-cb9e-48b1-9809-de177acb065e" testId="e7975907-abd7-c724-e54c-c8600f564d67" testName="TestCNLogin" computerName="DESKTOP-LTNHK23" duration="00:00:00.0009424" startTime="2019-11-14T23:47:47.3223538+07:00" endTime="2019-11-14T23:47:47.3233561+07:00" testType="13cdc9d9-ddb5-4fa4-a97d-d965ccfc6d4b" outcome="Passed" testListId="8c84fa94-04c1-424b-9868-57a2d4851a1d" relativeResultsDirectory="48dc749c-cb9e-48b1-9809-de177acb065e" dataRowInfo="13" resultType="DataDrivenDataRow" />
        <UnitTestResult executionId="606f7ee7-3ef0-4506-9a4c-0a9d8feb5b72" parentExecutionId="48dc749c-cb9e-48b1-9809-de177acb065e" testId="e7975907-abd7-c724-e54c-c8600f564d67" testName="TestCNLogin" computerName="DESKTOP-LTNHK23" duration="00:00:00.0021335" startTime="2019-11-14T23:47:47.3233561+07:00" endTime="2019-11-14T23:47:47.3253562+07:00" testType="13cdc9d9-ddb5-4fa4-a97d-d965ccfc6d4b" outcome="Failed" testListId="8c84fa94-04c1-424b-9868-57a2d4851a1d" relativeResultsDirectory="48dc749c-cb9e-48b1-9809-de177acb065e" dataRowInfo="14" resultType="DataDrivenDataRow">
          <Output>
            <ErrorInfo>
              <Message>Test method testPM.TestLogin.TestCNLogin threw exception: 
System.InvalidOperationException: số kí tự quá lớn</Message>
              <StackTrace>    at testPM.TestLogin.TestCNLogin() in C:\Users\Dell\Desktop\Dangnhap\testPM\Test_Login.cs:line 27
</StackTrace>
            </ErrorInfo>
          </Output>
        </UnitTestResult>
      </InnerResults>
    </UnitTestResult>
  </Results>
</TestRun>