<?xml version="1.0" encoding="UTF-8"?>
<TestRun id="7ca66d1a-7ad9-47a6-a062-a2a9602b3361" name="Dell@DESKTOP-LTNHK23 2019-11-08 14:19:33" runUser="DESKTOP-LTNHK23\Dell" xmlns="http://microsoft.com/schemas/VisualStudio/TeamTest/2010">
  <TestSettings name="Local" id="cea33156-e72c-4d1b-a57b-eb1a5b3c21c1">
    <Description>These are default test settings for a local test run.</Description>
    <Deployment enabled="false" runDeploymentRoot="Dell_DESKTOP-LTNHK23 2019-11-08 14_19_33">
      <DeploymentItem filename="C:\Users\Dell\Desktop\Dangnhap\Dangnhap\bin\Debug\Dangnhap.exe" />
    </Deployment>
    <Execution>
      <TestTypeSpecific />
      <AgentRule name="Execution Agents">
      </AgentRule>
    </Execution>
  </TestSettings>
  <Times creation="2019-11-08T14:19:33.3703738+07:00" queuing="2019-11-08T14:19:33.3913531+07:00" start="2019-11-08T14:19:33.3973506+07:00" finish="2019-11-08T14:19:33.9948893+07:00" />
  <ResultSummary outcome="Failed">
    <Counters total="20" executed="20" passed="15" error="0" failed="5" timeout="0" aborted="0" inconclusive="0" passedButRunAborted="0" notRunnable="0" notExecuted="0" disconnected="0" warning="0" completed="0" inProgress="0" pending="0" />
    <RunInfos>
      <RunInfo computerName="DESKTOP-LTNHK23" outcome="Warning" timestamp="2019-11-08T14:19:33.3913531+07:00">
        <Text>Deployment is currently disabled. The deployment item 'testPM\testThanhToan.csv' on test 'testPM.Test_ThanhToan.test_ThanhToan' was not deployed.</Text>
      </RunInfo>
    </RunInfos>
  </ResultSummary>
  <TestDefinitions>
    <UnitTest name="test_ThanhToan" storage="c:\users\dell\desktop\dangnhap\testpm\bin\debug\testpm.dll" id="2169934a-9f13-ee0b-caac-0e95b5225d2b">
      <DeploymentItems>
        <DeploymentItem filename="testPM\testThanhToan.csv" />
      </DeploymentItems>
      <Execution id="5daf9e70-893e-4c18-9e3d-a7ff0ba5d784" />
      <TestMethod codeBase="C:/Users/Dell/Desktop/Dangnhap/testPM/bin/Debug/testPM.DLL" adapterTypeName="Microsoft.VisualStudio.TestTools.TestTypes.Unit.UnitTestAdapter, Microsoft.VisualStudio.QualityTools.Tips.UnitTest.Adapter, Version=10.0.0.0, Culture=neutral, PublicKeyToken=b03f5f7f11d50a3a" className="testPM.Test_ThanhToan, testPM, Version=1.0.0.0, Culture=neutral, PublicKeyToken=null" name="test_ThanhToan" />
      <DataSource connectionString="|DataDirectory|\testThanhToan.csv" providerInvariantName="Microsoft.VisualStudio.TestTools.DataSource.CSV" tableName="testThanhToan#csv" />
    </UnitTest>
    <UnitTest name="TestCNLogin" storage="c:\users\dell\desktop\dangnhap\testpm\bin\debug\testpm.dll" id="e7975907-abd7-c724-e54c-c8600f564d67">
      <DeploymentItems>
        <DeploymentItem filename="testPM\testLogin.csv" />
      </DeploymentItems>
      <Execution id="27ef468b-d301-41bd-aee1-c040083bfc42" />
      <TestMethod codeBase="C:/Users/Dell/Desktop/Dangnhap/testPM/bin/Debug/testPM.DLL" adapterTypeName="Microsoft.VisualStudio.TestTools.TestTypes.Unit.UnitTestAdapter, Microsoft.VisualStudio.QualityTools.Tips.UnitTest.Adapter, Version=10.0.0.0, Culture=neutral, PublicKeyToken=b03f5f7f11d50a3a" className="testPM.TestLogin, testPM, Version=1.0.0.0, Culture=neutral, PublicKeyToken=null" name="TestCNLogin" />
      <DataSource connectionString="|DataDirectory|\testLogin.csv" providerInvariantName="Microsoft.VisualStudio.TestTools.DataSource.CSV" tableName="testLogin#csv" />
    </UnitTest>
  </TestDefinitions>
  <TestLists>
    <TestList name="Results Not in a List" id="8c84fa94-04c1-424b-9868-57a2d4851a1d" />
    <TestList name="All Loaded Results" id="19431567-8539-422a-85d7-44ee4e166bda" />
  </TestLists>
  <TestEntries>
    <TestEntry testId="2169934a-9f13-ee0b-caac-0e95b5225d2b" executionId="5daf9e70-893e-4c18-9e3d-a7ff0ba5d784" testListId="8c84fa94-04c1-424b-9868-57a2d4851a1d" />
    <TestEntry testId="e7975907-abd7-c724-e54c-c8600f564d67" executionId="27ef468b-d301-41bd-aee1-c040083bfc42" testListId="8c84fa94-04c1-424b-9868-57a2d4851a1d" />
  </TestEntries>
  <Results>
    <UnitTestResult executionId="5daf9e70-893e-4c18-9e3d-a7ff0ba5d784" testId="2169934a-9f13-ee0b-caac-0e95b5225d2b" testName="test_ThanhToan" computerName="DESKTOP-LTNHK23" duration="00:00:00.1742104" startTime="2019-11-08T14:19:33.4043511+07:00" endTime="2019-11-08T14:19:33.8013983+07:00" testType="13cdc9d9-ddb5-4fa4-a97d-d965ccfc6d4b" outcome="Failed" testListId="8c84fa94-04c1-424b-9868-57a2d4851a1d" relativeResultsDirectory="5daf9e70-893e-4c18-9e3d-a7ff0ba5d784" resultType="DataDrivenTest">
      <Counters error="0" failed="2" timeout="0" aborted="0" inconclusive="0" passedButRunAborted="0" notRunnable="0" notExecuted="0" disconnected="0" warning="0" passed="1" completed="0" inProgress="0" pending="0" />
      <InnerResults>
        <UnitTestResult executionId="a89e7c3c-85cc-4b18-9ab1-7f3660e3b8b5" parentExecutionId="5daf9e70-893e-4c18-9e3d-a7ff0ba5d784" testId="2169934a-9f13-ee0b-caac-0e95b5225d2b" testName="test_ThanhToan" computerName="DESKTOP-LTNHK23" duration="00:00:00.0324399" startTime="2019-11-08T14:19:33.7374497+07:00" endTime="2019-11-08T14:19:33.7753968+07:00" testType="13cdc9d9-ddb5-4fa4-a97d-d965ccfc6d4b" outcome="Passed" testListId="8c84fa94-04c1-424b-9868-57a2d4851a1d" relativeResultsDirectory="5daf9e70-893e-4c18-9e3d-a7ff0ba5d784" dataRowInfo="0" resultType="DataDrivenDataRow" />
        <UnitTestResult executionId="c04c01b6-f542-48ac-93d2-53d80469c051" parentExecutionId="5daf9e70-893e-4c18-9e3d-a7ff0ba5d784" testId="2169934a-9f13-ee0b-caac-0e95b5225d2b" testName="test_ThanhToan" computerName="DESKTOP-LTNHK23" duration="00:00:00.0140045" startTime="2019-11-08T14:19:33.7753968+07:00" endTime="2019-11-08T14:19:33.7894109+07:00" testType="13cdc9d9-ddb5-4fa4-a97d-d965ccfc6d4b" outcome="Failed" testListId="8c84fa94-04c1-424b-9868-57a2d4851a1d" relativeResultsDirectory="5daf9e70-893e-4c18-9e3d-a7ff0ba5d784" dataRowInfo="1" resultType="DataDrivenDataRow">
          <Output>
            <ErrorInfo>
              <Message>Test method testPM.Test_ThanhToan.test_ThanhToan threw exception: 
System.FormatException: Input string was not in a correct format.</Message>
              <StackTrace>    at System.Number.StringToNumber(String str, NumberStyles options, NumberBuffer&amp; number, NumberFormatInfo info, Boolean parseDecimal)
   at System.Number.ParseInt32(String s, NumberStyles style, NumberFormatInfo info)
   at System.Int32.Parse(String s)
   at testPM.Test_ThanhToan.test_ThanhToan() in C:\Users\Dell\Desktop\Dangnhap\testPM\Test_ThanhToan.cs:line 22
</StackTrace>
            </ErrorInfo>
          </Output>
        </UnitTestResult>
        <UnitTestResult executionId="5b505455-93db-425a-a86f-a426c6ee7ba5" parentExecutionId="5daf9e70-893e-4c18-9e3d-a7ff0ba5d784" testId="2169934a-9f13-ee0b-caac-0e95b5225d2b" testName="test_ThanhToan" computerName="DESKTOP-LTNHK23" duration="00:00:00.0014352" startTime="2019-11-08T14:19:33.7894109+07:00" endTime="2019-11-08T14:19:33.7904061+07:00" testType="13cdc9d9-ddb5-4fa4-a97d-d965ccfc6d4b" outcome="Failed" testListId="8c84fa94-04c1-424b-9868-57a2d4851a1d" relativeResultsDirectory="5daf9e70-893e-4c18-9e3d-a7ff0ba5d784" dataRowInfo="2" resultType="DataDrivenDataRow">
          <Output>
            <ErrorInfo>
              <Message>Test method testPM.Test_ThanhToan.test_ThanhToan threw exception: 
System.FormatException: Input string was not in a correct format.</Message>
              <StackTrace>    at System.Number.StringToNumber(String str, NumberStyles options, NumberBuffer&amp; number, NumberFormatInfo info, Boolean parseDecimal)
   at System.Number.ParseInt32(String s, NumberStyles style, NumberFormatInfo info)
   at System.Int32.Parse(String s)
   at testPM.Test_ThanhToan.test_ThanhToan() in C:\Users\Dell\Desktop\Dangnhap\testPM\Test_ThanhToan.cs:line 22
</StackTrace>
            </ErrorInfo>
          </Output>
        </UnitTestResult>
      </InnerResults>
    </UnitTestResult>
    <UnitTestResult executionId="27ef468b-d301-41bd-aee1-c040083bfc42" testId="e7975907-abd7-c724-e54c-c8600f564d67" testName="TestCNLogin" computerName="DESKTOP-LTNHK23" duration="00:00:00.1421177" startTime="2019-11-08T14:19:33.8083887+07:00" endTime="2019-11-08T14:19:33.9749111+07:00" testType="13cdc9d9-ddb5-4fa4-a97d-d965ccfc6d4b" outcome="Failed" testListId="8c84fa94-04c1-424b-9868-57a2d4851a1d" relativeResultsDirectory="27ef468b-d301-41bd-aee1-c040083bfc42" resultType="DataDrivenTest">
      <Counters error="0" failed="1" timeout="0" aborted="0" inconclusive="0" passedButRunAborted="0" notRunnable="0" notExecuted="0" disconnected="0" warning="0" passed="14" completed="0" inProgress="0" pending="0" />
      <InnerResults>
        <UnitTestResult executionId="40d2a5ee-c373-473b-a227-5d38e2d97233" parentExecutionId="27ef468b-d301-41bd-aee1-c040083bfc42" testId="e7975907-abd7-c724-e54c-c8600f564d67" testName="TestCNLogin" computerName="DESKTOP-LTNHK23" duration="00:00:00.0088920" startTime="2019-11-08T14:19:33.9299109+07:00" endTime="2019-11-08T14:19:33.9389070+07:00" testType="13cdc9d9-ddb5-4fa4-a97d-d965ccfc6d4b" outcome="Passed" testListId="8c84fa94-04c1-424b-9868-57a2d4851a1d" relativeResultsDirectory="27ef468b-d301-41bd-aee1-c040083bfc42" dataRowInfo="0" resultType="DataDrivenDataRow" />
        <UnitTestResult executionId="2fd75170-e868-4d54-baab-6a6e3c871f8d" parentExecutionId="27ef468b-d301-41bd-aee1-c040083bfc42" testId="e7975907-abd7-c724-e54c-c8600f564d67" testName="TestCNLogin" computerName="DESKTOP-LTNHK23" duration="00:00:00.0009133" startTime="2019-11-08T14:19:33.9389070+07:00" endTime="2019-11-08T14:19:33.9399069+07:00" testType="13cdc9d9-ddb5-4fa4-a97d-d965ccfc6d4b" outcome="Passed" testListId="8c84fa94-04c1-424b-9868-57a2d4851a1d" relativeResultsDirectory="27ef468b-d301-41bd-aee1-c040083bfc42" dataRowInfo="1" resultType="DataDrivenDataRow" />
        <UnitTestResult executionId="02e15840-50e8-4494-8164-7cc38565b87b" parentExecutionId="27ef468b-d301-41bd-aee1-c040083bfc42" testId="e7975907-abd7-c724-e54c-c8600f564d67" testName="TestCNLogin" computerName="DESKTOP-LTNHK23" duration="00:00:00.0014424" startTime="2019-11-08T14:19:33.9399069+07:00" endTime="2019-11-08T14:19:33.9409073+07:00" testType="13cdc9d9-ddb5-4fa4-a97d-d965ccfc6d4b" outcome="Passed" testListId="8c84fa94-04c1-424b-9868-57a2d4851a1d" relativeResultsDirectory="27ef468b-d301-41bd-aee1-c040083bfc42" dataRowInfo="2" resultType="DataDrivenDataRow" />
        <UnitTestResult executionId="cedb2306-7d15-4b3e-80f9-df3289bf5b67" parentExecutionId="27ef468b-d301-41bd-aee1-c040083bfc42" testId="e7975907-abd7-c724-e54c-c8600f564d67" testName="TestCNLogin" computerName="DESKTOP-LTNHK23" duration="00:00:00.0008479" startTime="2019-11-08T14:19:33.9409073+07:00" endTime="2019-11-08T14:19:33.9419076+07:00" testType="13cdc9d9-ddb5-4fa4-a97d-d965ccfc6d4b" outcome="Passed" testListId="8c84fa94-04c1-424b-9868-57a2d4851a1d" relativeResultsDirectory="27ef468b-d301-41bd-aee1-c040083bfc42" dataRowInfo="3" resultType="DataDrivenDataRow" />
        <UnitTestResult executionId="bb4b2842-6295-438e-9846-ab161e715e0b" parentExecutionId="27ef468b-d301-41bd-aee1-c040083bfc42" testId="e7975907-abd7-c724-e54c-c8600f564d67" testName="TestCNLogin" computerName="DESKTOP-LTNHK23" duration="00:00:00.0008549" startTime="2019-11-08T14:19:33.9419076+07:00" endTime="2019-11-08T14:19:33.9429106+07:00" testType="13cdc9d9-ddb5-4fa4-a97d-d965ccfc6d4b" outcome="Passed" testListId="8c84fa94-04c1-424b-9868-57a2d4851a1d" relativeResultsDirectory="27ef468b-d301-41bd-aee1-c040083bfc42" dataRowInfo="4" resultType="DataDrivenDataRow" />
        <UnitTestResult executionId="977523a8-4de8-41e9-af04-4649f21b1cf0" parentExecutionId="27ef468b-d301-41bd-aee1-c040083bfc42" testId="e7975907-abd7-c724-e54c-c8600f564d67" testName="TestCNLogin" computerName="DESKTOP-LTNHK23" duration="00:00:00.0013289" startTime="2019-11-08T14:19:33.9429106+07:00" endTime="2019-11-08T14:19:33.9439049+07:00" testType="13cdc9d9-ddb5-4fa4-a97d-d965ccfc6d4b" outcome="Passed" testListId="8c84fa94-04c1-424b-9868-57a2d4851a1d" relativeResultsDirectory="27ef468b-d301-41bd-aee1-c040083bfc42" dataRowInfo="5" resultType="DataDrivenDataRow" />
        <UnitTestResult executionId="e5b6f2c2-c46d-4c19-9012-b41b070fb7ff" parentExecutionId="27ef468b-d301-41bd-aee1-c040083bfc42" testId="e7975907-abd7-c724-e54c-c8600f564d67" testName="TestCNLogin" computerName="DESKTOP-LTNHK23" duration="00:00:00.0008590" startTime="2019-11-08T14:19:33.9439049+07:00" endTime="2019-11-08T14:19:33.9449059+07:00" testType="13cdc9d9-ddb5-4fa4-a97d-d965ccfc6d4b" outcome="Passed" testListId="8c84fa94-04c1-424b-9868-57a2d4851a1d" relativeResultsDirectory="27ef468b-d301-41bd-aee1-c040083bfc42" dataRowInfo="6" resultType="DataDrivenDataRow" />
        <UnitTestResult executionId="9c65df48-a88f-493a-9e6a-723fc1d541c5" parentExecutionId="27ef468b-d301-41bd-aee1-c040083bfc42" testId="e7975907-abd7-c724-e54c-c8600f564d67" testName="TestCNLogin" computerName="DESKTOP-LTNHK23" duration="00:00:00.0008153" startTime="2019-11-08T14:19:33.9449059+07:00" endTime="2019-11-08T14:19:33.9459054+07:00" testType="13cdc9d9-ddb5-4fa4-a97d-d965ccfc6d4b" outcome="Passed" testListId="8c84fa94-04c1-424b-9868-57a2d4851a1d" relativeResultsDirectory="27ef468b-d301-41bd-aee1-c040083bfc42" dataRowInfo="7" resultType="DataDrivenDataRow" />
        <UnitTestResult executionId="f5cb2879-1667-4af7-a3a2-349e12174db0" parentExecutionId="27ef468b-d301-41bd-aee1-c040083bfc42" testId="e7975907-abd7-c724-e54c-c8600f564d67" testName="TestCNLogin" computerName="DESKTOP-LTNHK23" duration="00:00:00.0008037" startTime="2019-11-08T14:19:33.9459054+07:00" endTime="2019-11-08T14:19:33.9469061+07:00" testType="13cdc9d9-ddb5-4fa4-a97d-d965ccfc6d4b" outcome="Passed" testListId="8c84fa94-04c1-424b-9868-57a2d4851a1d" relativeResultsDirectory="27ef468b-d301-41bd-aee1-c040083bfc42" dataRowInfo="8" resultType="DataDrivenDataRow" />
        <UnitTestResult executionId="7b8f991e-ec58-4fdc-a13c-77d3978b4556" parentExecutionId="27ef468b-d301-41bd-aee1-c040083bfc42" testId="e7975907-abd7-c724-e54c-c8600f564d67" testName="TestCNLogin" computerName="DESKTOP-LTNHK23" duration="00:00:00.0007925" startTime="2019-11-08T14:19:33.9469061+07:00" endTime="2019-11-08T14:19:33.9479050+07:00" testType="13cdc9d9-ddb5-4fa4-a97d-d965ccfc6d4b" outcome="Passed" testListId="8c84fa94-04c1-424b-9868-57a2d4851a1d" relativeResultsDirectory="27ef468b-d301-41bd-aee1-c040083bfc42" dataRowInfo="9" resultType="DataDrivenDataRow" />
        <UnitTestResult executionId="ea8cfabb-783b-48f6-8f5a-89df6b40e19f" parentExecutionId="27ef468b-d301-41bd-aee1-c040083bfc42" testId="e7975907-abd7-c724-e54c-c8600f564d67" testName="TestCNLogin" computerName="DESKTOP-LTNHK23" duration="00:00:00.0008226" startTime="2019-11-08T14:19:33.9479050+07:00" endTime="2019-11-08T14:19:33.9479050+07:00" testType="13cdc9d9-ddb5-4fa4-a97d-d965ccfc6d4b" outcome="Passed" testListId="8c84fa94-04c1-424b-9868-57a2d4851a1d" relativeResultsDirectory="27ef468b-d301-41bd-aee1-c040083bfc42" dataRowInfo="10" resultType="DataDrivenDataRow" />
        <UnitTestResult executionId="e5b6d2fe-bfd6-4655-83e1-93829cdc0230" parentExecutionId="27ef468b-d301-41bd-aee1-c040083bfc42" testId="e7975907-abd7-c724-e54c-c8600f564d67" testName="TestCNLogin" computerName="DESKTOP-LTNHK23" duration="00:00:00.0007955" startTime="2019-11-08T14:19:33.9479050+07:00" endTime="2019-11-08T14:19:33.9489049+07:00" testType="13cdc9d9-ddb5-4fa4-a97d-d965ccfc6d4b" outcome="Passed" testListId="8c84fa94-04c1-424b-9868-57a2d4851a1d" relativeResultsDirectory="27ef468b-d301-41bd-aee1-c040083bfc42" dataRowInfo="11" resultType="DataDrivenDataRow" />
        <UnitTestResult executionId="42576fa8-21d1-47ae-af81-301062fdb7ff" parentExecutionId="27ef468b-d301-41bd-aee1-c040083bfc42" testId="e7975907-abd7-c724-e54c-c8600f564d67" testName="TestCNLogin" computerName="DESKTOP-LTNHK23" duration="00:00:00.0007938" startTime="2019-11-08T14:19:33.9489049+07:00" endTime="2019-11-08T14:19:33.9499184+07:00" testType="13cdc9d9-ddb5-4fa4-a97d-d965ccfc6d4b" outcome="Passed" testListId="8c84fa94-04c1-424b-9868-57a2d4851a1d" relativeResultsDirectory="27ef468b-d301-41bd-aee1-c040083bfc42" dataRowInfo="12" resultType="DataDrivenDataRow" />
        <UnitTestResult executionId="201234ab-806f-4e5e-9fe5-b944d1af948d" parentExecutionId="27ef468b-d301-41bd-aee1-c040083bfc42" testId="e7975907-abd7-c724-e54c-c8600f564d67" testName="TestCNLogin" computerName="DESKTOP-LTNHK23" duration="00:00:00.0008023" startTime="2019-11-08T14:19:33.9499184+07:00" endTime="2019-11-08T14:19:33.9509193+07:00" testType="13cdc9d9-ddb5-4fa4-a97d-d965ccfc6d4b" outcome="Passed" testListId="8c84fa94-04c1-424b-9868-57a2d4851a1d" relativeResultsDirectory="27ef468b-d301-41bd-aee1-c040083bfc42" dataRowInfo="13" resultType="DataDrivenDataRow" />
        <UnitTestResult executionId="5b380958-a57c-41ee-a61e-4b89b3cf26b3" parentExecutionId="27ef468b-d301-41bd-aee1-c040083bfc42" testId="e7975907-abd7-c724-e54c-c8600f564d67" testName="TestCNLogin" computerName="DESKTOP-LTNHK23" duration="00:00:00.0021415" startTime="2019-11-08T14:19:33.9509193+07:00" endTime="2019-11-08T14:19:33.9529184+07:00" testType="13cdc9d9-ddb5-4fa4-a97d-d965ccfc6d4b" outcome="Failed" testListId="8c84fa94-04c1-424b-9868-57a2d4851a1d" relativeResultsDirectory="27ef468b-d301-41bd-aee1-c040083bfc42" dataRowInfo="14" resultType="DataDrivenDataRow">
          <Output>
            <ErrorInfo>
              <Message>Test method testPM.TestLogin.TestCNLogin threw exception: 
System.InvalidOperationException: số kí tự quá lớn</Message>
              <StackTrace>    at testPM.TestLogin.TestCNLogin() in C:\Users\Dell\Desktop\Dangnhap\testPM\Test_Login.cs:line 27
</StackTrace>
            </ErrorInfo>
          </Output>
        </UnitTestResult>
      </InnerResults>
    </UnitTestResult>
  </Results>
</TestRun>