<?xml version="1.0" encoding="UTF-8"?>
<TestRun id="7be51ceb-fd66-4d62-93ad-d352a773f770" name="Dell@DESKTOP-LTNHK23 2019-11-15 00:26:45" runUser="DESKTOP-LTNHK23\Dell" xmlns="http://microsoft.com/schemas/VisualStudio/TeamTest/2010">
  <TestSettings name="Local" id="cea33156-e72c-4d1b-a57b-eb1a5b3c21c1">
    <Description>These are default test settings for a local test run.</Description>
    <Deployment enabled="false" runDeploymentRoot="Dell_DESKTOP-LTNHK23 2019-11-15 00_26_45">
      <DeploymentItem filename="C:\Users\Dell\Desktop\Dangnhap\Dangnhap\bin\Debug\Dangnhap.exe" />
    </Deployment>
    <Execution>
      <TestTypeSpecific />
      <AgentRule name="Execution Agents">
      </AgentRule>
    </Execution>
  </TestSettings>
  <Times creation="2019-11-15T00:26:45.3607158+07:00" queuing="2019-11-15T00:26:45.3706987+07:00" start="2019-11-15T00:26:45.3756967+07:00" finish="2019-11-15T00:26:47.1240512+07:00" />
  <ResultSummary outcome="Failed">
    <Counters total="49" executed="49" passed="33" error="0" failed="16" timeout="0" aborted="0" inconclusive="0" passedButRunAborted="0" notRunnable="0" notExecuted="0" disconnected="0" warning="0" completed="0" inProgress="0" pending="0" />
    <RunInfos>
      <RunInfo computerName="DESKTOP-LTNHK23" outcome="Warning" timestamp="2019-11-15T00:26:45.3706987+07:00">
        <Text>Deployment is currently disabled. The deployment item 'testPM\testLogin.csv' on test 'testPM.TestLogin.TestCNLogin' was not deployed.</Text>
      </RunInfo>
    </RunInfos>
  </ResultSummary>
  <TestDefinitions>
    <UnitTest name="TestCNLogin" storage="c:\users\dell\desktop\dangnhap\testpm\bin\debug\testpm.dll" id="e7975907-abd7-c724-e54c-c8600f564d67">
      <DeploymentItems>
        <DeploymentItem filename="testPM\testLogin.csv" />
      </DeploymentItems>
      <Execution id="9f7b88a9-adeb-4a54-97b4-2d95571ea93c" />
      <TestMethod codeBase="C:/Users/Dell/Desktop/Dangnhap/testPM/bin/Debug/testPM.DLL" adapterTypeName="Microsoft.VisualStudio.TestTools.TestTypes.Unit.UnitTestAdapter, Microsoft.VisualStudio.QualityTools.Tips.UnitTest.Adapter, Version=10.0.0.0, Culture=neutral, PublicKeyToken=b03f5f7f11d50a3a" className="testPM.TestLogin, testPM, Version=1.0.0.0, Culture=neutral, PublicKeyToken=null" name="TestCNLogin" />
      <DataSource connectionString="|DataDirectory|\testLogin.csv" providerInvariantName="Microsoft.VisualStudio.TestTools.DataSource.CSV" tableName="testLogin#csv" />
    </UnitTest>
    <UnitTest name="testThem" storage="c:\users\dell\desktop\dangnhap\testpm\bin\debug\testpm.dll" id="84b817a3-d9ea-4ee7-4bce-6233ff1a22ec">
      <DeploymentItems>
        <DeploymentItem filename="testPM\testThem.csv" />
      </DeploymentItems>
      <Execution id="61c6e862-a494-4949-b1ed-93bedf13cdc5" />
      <TestMethod codeBase="C:/Users/Dell/Desktop/Dangnhap/testPM/bin/Debug/testPM.DLL" adapterTypeName="Microsoft.VisualStudio.TestTools.TestTypes.Unit.UnitTestAdapter, Microsoft.VisualStudio.QualityTools.Tips.UnitTest.Adapter, Version=10.0.0.0, Culture=neutral, PublicKeyToken=b03f5f7f11d50a3a" className="testPM.Test_Them, testPM, Version=1.0.0.0, Culture=neutral, PublicKeyToken=null" name="testThem" />
      <DataSource connectionString="|DataDirectory|\testThem.csv" providerInvariantName="Microsoft.VisualStudio.TestTools.DataSource.CSV" tableName="testThem#csv" />
    </UnitTest>
    <UnitTest name="test_ThanhToan" storage="c:\users\dell\desktop\dangnhap\testpm\bin\debug\testpm.dll" id="2169934a-9f13-ee0b-caac-0e95b5225d2b">
      <DeploymentItems>
        <DeploymentItem filename="testPM\testThanhToan.csv" />
      </DeploymentItems>
      <Execution id="b1aa86b7-bfd7-44d1-9002-73e7d9532972" />
      <TestMethod codeBase="C:/Users/Dell/Desktop/Dangnhap/testPM/bin/Debug/testPM.DLL" adapterTypeName="Microsoft.VisualStudio.TestTools.TestTypes.Unit.UnitTestAdapter, Microsoft.VisualStudio.QualityTools.Tips.UnitTest.Adapter, Version=10.0.0.0, Culture=neutral, PublicKeyToken=b03f5f7f11d50a3a" className="testPM.Test_ThanhToan, testPM, Version=1.0.0.0, Culture=neutral, PublicKeyToken=null" name="test_ThanhToan" />
      <DataSource connectionString="|DataDirectory|\testThanhToan.csv" providerInvariantName="Microsoft.VisualStudio.TestTools.DataSource.CSV" tableName="testThanhToan#csv" />
    </UnitTest>
    <UnitTest name="Testsua" storage="c:\users\dell\desktop\dangnhap\testpm\bin\debug\testpm.dll" id="582e6a3f-58c7-92d4-9551-1e46aed3632b">
      <DeploymentItems>
        <DeploymentItem filename="testPM\testsua.csv" />
      </DeploymentItems>
      <Execution id="f1a5be65-5fd6-4dfe-9f62-8ab22f112f2f" />
      <TestMethod codeBase="C:/Users/Dell/Desktop/Dangnhap/testPM/bin/Debug/testPM.DLL" adapterTypeName="Microsoft.VisualStudio.TestTools.TestTypes.Unit.UnitTestAdapter, Microsoft.VisualStudio.QualityTools.Tips.UnitTest.Adapter, Version=10.0.0.0, Culture=neutral, PublicKeyToken=b03f5f7f11d50a3a" className="testPM.Test_Sua, testPM, Version=1.0.0.0, Culture=neutral, PublicKeyToken=null" name="Testsua" />
      <DataSource connectionString="|DataDirectory|\testsua.csv" providerInvariantName="Microsoft.VisualStudio.TestTools.DataSource.CSV" tableName="testsua#csv" />
    </UnitTest>
    <UnitTest name="testThemMon" storage="c:\users\dell\desktop\dangnhap\testpm\bin\debug\testpm.dll" id="d126ba14-7fa7-4e78-7434-4a28ba2ec146">
      <DeploymentItems>
        <DeploymentItem filename="testPM\TestThemMon.csv" />
      </DeploymentItems>
      <Execution id="0c6b2917-078b-486d-9a50-cf7036b03f25" />
      <TestMethod codeBase="C:/Users/Dell/Desktop/Dangnhap/testPM/bin/Debug/testPM.DLL" adapterTypeName="Microsoft.VisualStudio.TestTools.TestTypes.Unit.UnitTestAdapter, Microsoft.VisualStudio.QualityTools.Tips.UnitTest.Adapter, Version=10.0.0.0, Culture=neutral, PublicKeyToken=b03f5f7f11d50a3a" className="testPM.Test_ThemMon, testPM, Version=1.0.0.0, Culture=neutral, PublicKeyToken=null" name="testThemMon" />
      <DataSource connectionString="|DataDirectory|\TestThemMon.csv" providerInvariantName="Microsoft.VisualStudio.TestTools.DataSource.CSV" tableName="TestThemMon#csv" />
    </UnitTest>
    <UnitTest name="testsql" storage="c:\users\dell\desktop\dangnhap\testpm\bin\debug\testpm.dll" id="666b100b-0389-6f14-603f-27dd25f0b641">
      <Execution id="16fb4a67-0353-40f9-a395-fc31b97c193a" />
      <TestMethod codeBase="C:/Users/Dell/Desktop/Dangnhap/testPM/bin/Debug/testPM.DLL" adapterTypeName="Microsoft.VisualStudio.TestTools.TestTypes.Unit.UnitTestAdapter, Microsoft.VisualStudio.QualityTools.Tips.UnitTest.Adapter, Version=10.0.0.0, Culture=neutral, PublicKeyToken=b03f5f7f11d50a3a" className="testPM.Test_SQL, testPM, Version=1.0.0.0, Culture=neutral, PublicKeyToken=null" name="testsql" />
    </UnitTest>
    <UnitTest name="Testxoa" storage="c:\users\dell\desktop\dangnhap\testpm\bin\debug\testpm.dll" id="764f383b-c699-f502-7ad3-0926bd1b950d">
      <DeploymentItems>
        <DeploymentItem filename="testPM\testXoa.csv" />
      </DeploymentItems>
      <Execution id="f62aebef-993a-4517-9587-31cac4374a0e" />
      <TestMethod codeBase="C:/Users/Dell/Desktop/Dangnhap/testPM/bin/Debug/testPM.DLL" adapterTypeName="Microsoft.VisualStudio.TestTools.TestTypes.Unit.UnitTestAdapter, Microsoft.VisualStudio.QualityTools.Tips.UnitTest.Adapter, Version=10.0.0.0, Culture=neutral, PublicKeyToken=b03f5f7f11d50a3a" className="testPM.Test_Xoa, testPM, Version=1.0.0.0, Culture=neutral, PublicKeyToken=null" name="Testxoa" />
      <DataSource connectionString="|DataDirectory|\testXoa.csv" providerInvariantName="Microsoft.VisualStudio.TestTools.DataSource.CSV" tableName="testXoa#csv" />
    </UnitTest>
    <UnitTest name="testchuyenban" storage="c:\users\dell\desktop\dangnhap\testpm\bin\debug\testpm.dll" id="cdc9cf75-63ba-fe53-246e-69fbea83d298">
      <DeploymentItems>
        <DeploymentItem filename="testPM\testchuyenban.csv" />
      </DeploymentItems>
      <Execution id="35bc51c2-3ce6-43b1-bbb2-38371599bddc" />
      <TestMethod codeBase="C:/Users/Dell/Desktop/Dangnhap/testPM/bin/Debug/testPM.DLL" adapterTypeName="Microsoft.VisualStudio.TestTools.TestTypes.Unit.UnitTestAdapter, Microsoft.VisualStudio.QualityTools.Tips.UnitTest.Adapter, Version=10.0.0.0, Culture=neutral, PublicKeyToken=b03f5f7f11d50a3a" className="testPM.Test_Chuyenban, testPM, Version=1.0.0.0, Culture=neutral, PublicKeyToken=null" name="testchuyenban" />
      <DataSource connectionString="|DataDirectory|\testchuyenban.csv" providerInvariantName="Microsoft.VisualStudio.TestTools.DataSource.CSV" tableName="testchuyenban#csv" />
    </UnitTest>
  </TestDefinitions>
  <TestLists>
    <TestList name="Results Not in a List" id="8c84fa94-04c1-424b-9868-57a2d4851a1d" />
    <TestList name="All Loaded Results" id="19431567-8539-422a-85d7-44ee4e166bda" />
  </TestLists>
  <TestEntries>
    <TestEntry testId="2169934a-9f13-ee0b-caac-0e95b5225d2b" executionId="b1aa86b7-bfd7-44d1-9002-73e7d9532972" testListId="8c84fa94-04c1-424b-9868-57a2d4851a1d" />
    <TestEntry testId="582e6a3f-58c7-92d4-9551-1e46aed3632b" executionId="f1a5be65-5fd6-4dfe-9f62-8ab22f112f2f" testListId="8c84fa94-04c1-424b-9868-57a2d4851a1d" />
    <TestEntry testId="666b100b-0389-6f14-603f-27dd25f0b641" executionId="16fb4a67-0353-40f9-a395-fc31b97c193a" testListId="8c84fa94-04c1-424b-9868-57a2d4851a1d" />
    <TestEntry testId="764f383b-c699-f502-7ad3-0926bd1b950d" executionId="f62aebef-993a-4517-9587-31cac4374a0e" testListId="8c84fa94-04c1-424b-9868-57a2d4851a1d" />
    <TestEntry testId="84b817a3-d9ea-4ee7-4bce-6233ff1a22ec" executionId="61c6e862-a494-4949-b1ed-93bedf13cdc5" testListId="8c84fa94-04c1-424b-9868-57a2d4851a1d" />
    <TestEntry testId="cdc9cf75-63ba-fe53-246e-69fbea83d298" executionId="35bc51c2-3ce6-43b1-bbb2-38371599bddc" testListId="8c84fa94-04c1-424b-9868-57a2d4851a1d" />
    <TestEntry testId="d126ba14-7fa7-4e78-7434-4a28ba2ec146" executionId="0c6b2917-078b-486d-9a50-cf7036b03f25" testListId="8c84fa94-04c1-424b-9868-57a2d4851a1d" />
    <TestEntry testId="e7975907-abd7-c724-e54c-c8600f564d67" executionId="9f7b88a9-adeb-4a54-97b4-2d95571ea93c" testListId="8c84fa94-04c1-424b-9868-57a2d4851a1d" />
  </TestEntries>
  <Results>
    <UnitTestResult executionId="b1aa86b7-bfd7-44d1-9002-73e7d9532972" testId="2169934a-9f13-ee0b-caac-0e95b5225d2b" testName="test_ThanhToan" computerName="DESKTOP-LTNHK23" duration="00:00:00.2694386" startTime="2019-11-15T00:26:45.3836935+07:00" endTime="2019-11-15T00:26:45.8753376+07:00" testType="13cdc9d9-ddb5-4fa4-a97d-d965ccfc6d4b" outcome="Passed" testListId="8c84fa94-04c1-424b-9868-57a2d4851a1d" relativeResultsDirectory="b1aa86b7-bfd7-44d1-9002-73e7d9532972" resultType="DataDrivenTest">
      <Counters error="0" failed="0" timeout="0" aborted="0" inconclusive="0" passedButRunAborted="0" notRunnable="0" notExecuted="0" disconnected="0" warning="0" passed="5" completed="0" inProgress="0" pending="0" />
      <InnerResults>
        <UnitTestResult executionId="b6d6ac7e-0980-46c3-8563-a7a0d473ead5" parentExecutionId="b1aa86b7-bfd7-44d1-9002-73e7d9532972" testId="2169934a-9f13-ee0b-caac-0e95b5225d2b" testName="test_ThanhToan" computerName="DESKTOP-LTNHK23" duration="00:00:00.0732159" startTime="2019-11-15T00:26:45.7723707+07:00" endTime="2019-11-15T00:26:45.8503707+07:00" testType="13cdc9d9-ddb5-4fa4-a97d-d965ccfc6d4b" outcome="Passed" testListId="8c84fa94-04c1-424b-9868-57a2d4851a1d" relativeResultsDirectory="b1aa86b7-bfd7-44d1-9002-73e7d9532972" dataRowInfo="0" resultType="DataDrivenDataRow" />
        <UnitTestResult executionId="c119b2f6-6449-47e3-800f-37e16df459cf" parentExecutionId="b1aa86b7-bfd7-44d1-9002-73e7d9532972" testId="2169934a-9f13-ee0b-caac-0e95b5225d2b" testName="test_ThanhToan" computerName="DESKTOP-LTNHK23" duration="00:00:00.0007044" startTime="2019-11-15T00:26:45.8503707+07:00" endTime="2019-11-15T00:26:45.8513703+07:00" testType="13cdc9d9-ddb5-4fa4-a97d-d965ccfc6d4b" outcome="Passed" testListId="8c84fa94-04c1-424b-9868-57a2d4851a1d" relativeResultsDirectory="b1aa86b7-bfd7-44d1-9002-73e7d9532972" dataRowInfo="1" resultType="DataDrivenDataRow" />
        <UnitTestResult executionId="dc27171f-b184-4863-8e3b-d6642b5769ab" parentExecutionId="b1aa86b7-bfd7-44d1-9002-73e7d9532972" testId="2169934a-9f13-ee0b-caac-0e95b5225d2b" testName="test_ThanhToan" computerName="DESKTOP-LTNHK23" duration="00:00:00.0000230" startTime="2019-11-15T00:26:45.8513703+07:00" endTime="2019-11-15T00:26:45.8513703+07:00" testType="13cdc9d9-ddb5-4fa4-a97d-d965ccfc6d4b" outcome="Passed" testListId="8c84fa94-04c1-424b-9868-57a2d4851a1d" relativeResultsDirectory="b1aa86b7-bfd7-44d1-9002-73e7d9532972" dataRowInfo="2" resultType="DataDrivenDataRow" />
        <UnitTestResult executionId="08dc37bb-a14d-4f8e-965d-d48b6d7b6125" parentExecutionId="b1aa86b7-bfd7-44d1-9002-73e7d9532972" testId="2169934a-9f13-ee0b-caac-0e95b5225d2b" testName="test_ThanhToan" computerName="DESKTOP-LTNHK23" duration="00:00:00.0000237" startTime="2019-11-15T00:26:45.8513703+07:00" endTime="2019-11-15T00:26:45.8513703+07:00" testType="13cdc9d9-ddb5-4fa4-a97d-d965ccfc6d4b" outcome="Passed" testListId="8c84fa94-04c1-424b-9868-57a2d4851a1d" relativeResultsDirectory="b1aa86b7-bfd7-44d1-9002-73e7d9532972" dataRowInfo="3" resultType="DataDrivenDataRow" />
        <UnitTestResult executionId="d51e0ffd-2d35-4ecb-8f8e-6080fbfca9d1" parentExecutionId="b1aa86b7-bfd7-44d1-9002-73e7d9532972" testId="2169934a-9f13-ee0b-caac-0e95b5225d2b" testName="test_ThanhToan" computerName="DESKTOP-LTNHK23" duration="00:00:00.0000127" startTime="2019-11-15T00:26:45.8513703+07:00" endTime="2019-11-15T00:26:45.8513703+07:00" testType="13cdc9d9-ddb5-4fa4-a97d-d965ccfc6d4b" outcome="Passed" testListId="8c84fa94-04c1-424b-9868-57a2d4851a1d" relativeResultsDirectory="b1aa86b7-bfd7-44d1-9002-73e7d9532972" dataRowInfo="4" resultType="DataDrivenDataRow" />
      </InnerResults>
    </UnitTestResult>
    <UnitTestResult executionId="f1a5be65-5fd6-4dfe-9f62-8ab22f112f2f" testId="582e6a3f-58c7-92d4-9551-1e46aed3632b" testName="Testsua" computerName="DESKTOP-LTNHK23" duration="00:00:00.3194818" startTime="2019-11-15T00:26:45.8903332+07:00" endTime="2019-11-15T00:26:46.2252277+07:00" testType="13cdc9d9-ddb5-4fa4-a97d-d965ccfc6d4b" outcome="Failed" testListId="8c84fa94-04c1-424b-9868-57a2d4851a1d" relativeResultsDirectory="f1a5be65-5fd6-4dfe-9f62-8ab22f112f2f" resultType="DataDrivenTest">
      <Counters error="0" failed="6" timeout="0" aborted="0" inconclusive="0" passedButRunAborted="0" notRunnable="0" notExecuted="0" disconnected="0" warning="0" passed="0" completed="0" inProgress="0" pending="0" />
      <InnerResults>
        <UnitTestResult executionId="6735141a-ad67-4d49-8c89-9a86ccf61b02" parentExecutionId="f1a5be65-5fd6-4dfe-9f62-8ab22f112f2f" testId="582e6a3f-58c7-92d4-9551-1e46aed3632b" testName="Testsua" computerName="DESKTOP-LTNHK23" duration="00:00:00.0888234" startTime="2019-11-15T00:26:46.0802724+07:00" endTime="2019-11-15T00:26:46.1692434+07:00" testType="13cdc9d9-ddb5-4fa4-a97d-d965ccfc6d4b" outcome="Failed" testListId="8c84fa94-04c1-424b-9868-57a2d4851a1d" relativeResultsDirectory="f1a5be65-5fd6-4dfe-9f62-8ab22f112f2f" dataRowInfo="0" resultType="DataDrivenDataRow">
          <Output>
            <ErrorInfo>
              <Message>Assert.AreEqual failed. Expected:&lt;True&gt;. Actual:&lt;False&gt;. </Message>
              <StackTrace>   at testPM.Test_Sua.Testsua() in C:\Users\Dell\Desktop\Dangnhap\testPM\Test_Sua.cs:line 28
</StackTrace>
            </ErrorInfo>
          </Output>
        </UnitTestResult>
        <UnitTestResult executionId="bfdfb999-ebe6-4689-a4b7-1d6d42fca7c2" parentExecutionId="f1a5be65-5fd6-4dfe-9f62-8ab22f112f2f" testId="582e6a3f-58c7-92d4-9551-1e46aed3632b" testName="Testsua" computerName="DESKTOP-LTNHK23" duration="00:00:00.0177649" startTime="2019-11-15T00:26:46.1692434+07:00" endTime="2019-11-15T00:26:46.1862380+07:00" testType="13cdc9d9-ddb5-4fa4-a97d-d965ccfc6d4b" outcome="Failed" testListId="8c84fa94-04c1-424b-9868-57a2d4851a1d" relativeResultsDirectory="f1a5be65-5fd6-4dfe-9f62-8ab22f112f2f" dataRowInfo="1" resultType="DataDrivenDataRow">
          <Output>
            <ErrorInfo>
              <Message>Assert.AreEqual failed. Expected:&lt;True&gt;. Actual:&lt;False&gt;. </Message>
              <StackTrace>   at testPM.Test_Sua.Testsua() in C:\Users\Dell\Desktop\Dangnhap\testPM\Test_Sua.cs:line 28
</StackTrace>
            </ErrorInfo>
          </Output>
        </UnitTestResult>
        <UnitTestResult executionId="0d012d00-e042-4817-80c3-16b79d3d53e2" parentExecutionId="f1a5be65-5fd6-4dfe-9f62-8ab22f112f2f" testId="582e6a3f-58c7-92d4-9551-1e46aed3632b" testName="Testsua" computerName="DESKTOP-LTNHK23" duration="00:00:00.0181969" startTime="2019-11-15T00:26:46.1862380+07:00" endTime="2019-11-15T00:26:46.2052323+07:00" testType="13cdc9d9-ddb5-4fa4-a97d-d965ccfc6d4b" outcome="Failed" testListId="8c84fa94-04c1-424b-9868-57a2d4851a1d" relativeResultsDirectory="f1a5be65-5fd6-4dfe-9f62-8ab22f112f2f" dataRowInfo="2" resultType="DataDrivenDataRow">
          <Output>
            <ErrorInfo>
              <Message>Assert.AreEqual failed. Expected:&lt;True&gt;. Actual:&lt;False&gt;. </Message>
              <StackTrace>   at testPM.Test_Sua.Testsua() in C:\Users\Dell\Desktop\Dangnhap\testPM\Test_Sua.cs:line 28
</StackTrace>
            </ErrorInfo>
          </Output>
        </UnitTestResult>
        <UnitTestResult executionId="97c8562f-d0de-4e73-afd9-b1d1706f50d3" parentExecutionId="f1a5be65-5fd6-4dfe-9f62-8ab22f112f2f" testId="582e6a3f-58c7-92d4-9551-1e46aed3632b" testName="Testsua" computerName="DESKTOP-LTNHK23" duration="00:00:00.0050081" startTime="2019-11-15T00:26:46.2052323+07:00" endTime="2019-11-15T00:26:46.2102323+07:00" testType="13cdc9d9-ddb5-4fa4-a97d-d965ccfc6d4b" outcome="Failed" testListId="8c84fa94-04c1-424b-9868-57a2d4851a1d" relativeResultsDirectory="f1a5be65-5fd6-4dfe-9f62-8ab22f112f2f" dataRowInfo="3" resultType="DataDrivenDataRow">
          <Output>
            <ErrorInfo>
              <Message>Test method testPM.Test_Sua.Testsua threw exception: 
System.FormatException: Input string was not in a correct format.</Message>
              <StackTrace>    at System.Number.StringToNumber(String str, NumberStyles options, NumberBuffer&amp; number, NumberFormatInfo info, Boolean parseDecimal)
   at System.Number.ParseInt32(String s, NumberStyles style, NumberFormatInfo info)
   at System.Int32.Parse(String s)
   at testPM.Test_Sua.Testsua() in C:\Users\Dell\Desktop\Dangnhap\testPM\Test_Sua.cs:line 22
</StackTrace>
            </ErrorInfo>
          </Output>
        </UnitTestResult>
        <UnitTestResult executionId="58e62f5f-3d8e-4a40-9517-5ceb956639fa" parentExecutionId="f1a5be65-5fd6-4dfe-9f62-8ab22f112f2f" testId="582e6a3f-58c7-92d4-9551-1e46aed3632b" testName="Testsua" computerName="DESKTOP-LTNHK23" duration="00:00:00.0017057" startTime="2019-11-15T00:26:46.2102323+07:00" endTime="2019-11-15T00:26:46.2112314+07:00" testType="13cdc9d9-ddb5-4fa4-a97d-d965ccfc6d4b" outcome="Failed" testListId="8c84fa94-04c1-424b-9868-57a2d4851a1d" relativeResultsDirectory="f1a5be65-5fd6-4dfe-9f62-8ab22f112f2f" dataRowInfo="4" resultType="DataDrivenDataRow">
          <Output>
            <ErrorInfo>
              <Message>Test method testPM.Test_Sua.Testsua threw exception: 
System.FormatException: Input string was not in a correct format.</Message>
              <StackTrace>    at System.Number.ParseSingle(String value, NumberStyles options, NumberFormatInfo numfmt)
   at System.Single.Parse(String s)
   at testPM.Test_Sua.Testsua() in C:\Users\Dell\Desktop\Dangnhap\testPM\Test_Sua.cs:line 23
</StackTrace>
            </ErrorInfo>
          </Output>
        </UnitTestResult>
        <UnitTestResult executionId="f61d8634-f9c7-459a-b1c6-8c7cbea456d5" parentExecutionId="f1a5be65-5fd6-4dfe-9f62-8ab22f112f2f" testId="582e6a3f-58c7-92d4-9551-1e46aed3632b" testName="Testsua" computerName="DESKTOP-LTNHK23" duration="00:00:00.0016381" startTime="2019-11-15T00:26:46.2112314+07:00" endTime="2019-11-15T00:26:46.2132320+07:00" testType="13cdc9d9-ddb5-4fa4-a97d-d965ccfc6d4b" outcome="Failed" testListId="8c84fa94-04c1-424b-9868-57a2d4851a1d" relativeResultsDirectory="f1a5be65-5fd6-4dfe-9f62-8ab22f112f2f" dataRowInfo="5" resultType="DataDrivenDataRow">
          <Output>
            <ErrorInfo>
              <Message>Test method testPM.Test_Sua.Testsua threw exception: 
System.FormatException: Input string was not in a correct format.</Message>
              <StackTrace>    at System.Number.StringToNumber(String str, NumberStyles options, NumberBuffer&amp; number, NumberFormatInfo info, Boolean parseDecimal)
   at System.Number.ParseInt32(String s, NumberStyles style, NumberFormatInfo info)
   at System.Int32.Parse(String s)
   at testPM.Test_Sua.Testsua() in C:\Users\Dell\Desktop\Dangnhap\testPM\Test_Sua.cs:line 24
</StackTrace>
            </ErrorInfo>
          </Output>
        </UnitTestResult>
      </InnerResults>
    </UnitTestResult>
    <UnitTestResult executionId="16fb4a67-0353-40f9-a395-fc31b97c193a" testId="666b100b-0389-6f14-603f-27dd25f0b641" testName="testsql" computerName="DESKTOP-LTNHK23" duration="00:00:00.0047823" startTime="2019-11-15T00:26:46.2312243+07:00" endTime="2019-11-15T00:26:46.2402211+07:00" testType="13cdc9d9-ddb5-4fa4-a97d-d965ccfc6d4b" outcome="Failed" testListId="8c84fa94-04c1-424b-9868-57a2d4851a1d" relativeResultsDirectory="16fb4a67-0353-40f9-a395-fc31b97c193a">
      <Output>
        <ErrorInfo>
          <Message>Assert.AreEqual failed. Expected:&lt;0&gt;. Actual:&lt;1&gt;. </Message>
          <StackTrace>   at testPM.Test_SQL.testsql() in C:\Users\Dell\Desktop\Dangnhap\testPM\Test_SQL.cs:line 23
</StackTrace>
        </ErrorInfo>
      </Output>
    </UnitTestResult>
    <UnitTestResult executionId="f62aebef-993a-4517-9587-31cac4374a0e" testId="764f383b-c699-f502-7ad3-0926bd1b950d" testName="Testxoa" computerName="DESKTOP-LTNHK23" duration="00:00:00.1538938" startTime="2019-11-15T00:26:46.2462190+07:00" endTime="2019-11-15T00:26:46.4089509+07:00" testType="13cdc9d9-ddb5-4fa4-a97d-d965ccfc6d4b" outcome="Failed" testListId="8c84fa94-04c1-424b-9868-57a2d4851a1d" relativeResultsDirectory="f62aebef-993a-4517-9587-31cac4374a0e" resultType="DataDrivenTest">
      <Counters error="0" failed="2" timeout="0" aborted="0" inconclusive="0" passedButRunAborted="0" notRunnable="0" notExecuted="0" disconnected="0" warning="0" passed="1" completed="0" inProgress="0" pending="0" />
      <InnerResults>
        <UnitTestResult executionId="7e42851a-5e31-4656-b4fa-8ccaa8245afd" parentExecutionId="f62aebef-993a-4517-9587-31cac4374a0e" testId="764f383b-c699-f502-7ad3-0926bd1b950d" testName="Testxoa" computerName="DESKTOP-LTNHK23" duration="00:00:00.0225768" startTime="2019-11-15T00:26:46.3689132+07:00" endTime="2019-11-15T00:26:46.3912416+07:00" testType="13cdc9d9-ddb5-4fa4-a97d-d965ccfc6d4b" outcome="Failed" testListId="8c84fa94-04c1-424b-9868-57a2d4851a1d" relativeResultsDirectory="f62aebef-993a-4517-9587-31cac4374a0e" dataRowInfo="0" resultType="DataDrivenDataRow">
          <Output>
            <ErrorInfo>
              <Message>Assert.AreEqual failed. Expected:&lt;True&gt;. Actual:&lt;False&gt;. </Message>
              <StackTrace>   at testPM.Test_Xoa.Testxoa() in C:\Users\Dell\Desktop\Dangnhap\testPM\Test_Xoa.cs:line 24
</StackTrace>
            </ErrorInfo>
          </Output>
        </UnitTestResult>
        <UnitTestResult executionId="de22ab4b-7858-45c5-9440-0dd67eb06f6b" parentExecutionId="f62aebef-993a-4517-9587-31cac4374a0e" testId="764f383b-c699-f502-7ad3-0926bd1b950d" testName="Testxoa" computerName="DESKTOP-LTNHK23" duration="00:00:00.0096851" startTime="2019-11-15T00:26:46.3912416+07:00" endTime="2019-11-15T00:26:46.4009373+07:00" testType="13cdc9d9-ddb5-4fa4-a97d-d965ccfc6d4b" outcome="Passed" testListId="8c84fa94-04c1-424b-9868-57a2d4851a1d" relativeResultsDirectory="f62aebef-993a-4517-9587-31cac4374a0e" dataRowInfo="1" resultType="DataDrivenDataRow" />
        <UnitTestResult executionId="d4290b8c-afd5-4fda-9206-f73df4779652" parentExecutionId="f62aebef-993a-4517-9587-31cac4374a0e" testId="764f383b-c699-f502-7ad3-0926bd1b950d" testName="Testxoa" computerName="DESKTOP-LTNHK23" duration="00:00:00.0016904" startTime="2019-11-15T00:26:46.4009373+07:00" endTime="2019-11-15T00:26:46.4029576+07:00" testType="13cdc9d9-ddb5-4fa4-a97d-d965ccfc6d4b" outcome="Failed" testListId="8c84fa94-04c1-424b-9868-57a2d4851a1d" relativeResultsDirectory="f62aebef-993a-4517-9587-31cac4374a0e" dataRowInfo="2" resultType="DataDrivenDataRow">
          <Output>
            <ErrorInfo>
              <Message>Test method testPM.Test_Xoa.Testxoa threw exception: 
System.FormatException: Input string was not in a correct format.</Message>
              <StackTrace>    at System.Number.StringToNumber(String str, NumberStyles options, NumberBuffer&amp; number, NumberFormatInfo info, Boolean parseDecimal)
   at System.Number.ParseInt32(String s, NumberStyles style, NumberFormatInfo info)
   at System.Int32.Parse(String s)
   at testPM.Test_Xoa.Testxoa() in C:\Users\Dell\Desktop\Dangnhap\testPM\Test_Xoa.cs:line 20
</StackTrace>
            </ErrorInfo>
          </Output>
        </UnitTestResult>
      </InnerResults>
    </UnitTestResult>
    <UnitTestResult executionId="61c6e862-a494-4949-b1ed-93bedf13cdc5" testId="84b817a3-d9ea-4ee7-4bce-6233ff1a22ec" testName="testThem" computerName="DESKTOP-LTNHK23" duration="00:00:00.1602960" startTime="2019-11-15T00:26:46.4159319+07:00" endTime="2019-11-15T00:26:46.5838297+07:00" testType="13cdc9d9-ddb5-4fa4-a97d-d965ccfc6d4b" outcome="Passed" testListId="8c84fa94-04c1-424b-9868-57a2d4851a1d" relativeResultsDirectory="61c6e862-a494-4949-b1ed-93bedf13cdc5" resultType="DataDrivenTest">
      <Counters error="0" failed="0" timeout="0" aborted="0" inconclusive="0" passedButRunAborted="0" notRunnable="0" notExecuted="0" disconnected="0" warning="0" passed="2" completed="0" inProgress="0" pending="0" />
      <InnerResults>
        <UnitTestResult executionId="f2745986-dcde-4fdb-8ac6-0bed731095ad" parentExecutionId="61c6e862-a494-4949-b1ed-93bedf13cdc5" testId="84b817a3-d9ea-4ee7-4bce-6233ff1a22ec" testName="testThem" computerName="DESKTOP-LTNHK23" duration="00:00:00.0176254" startTime="2019-11-15T00:26:46.5491030+07:00" endTime="2019-11-15T00:26:46.5668068+07:00" testType="13cdc9d9-ddb5-4fa4-a97d-d965ccfc6d4b" outcome="Passed" testListId="8c84fa94-04c1-424b-9868-57a2d4851a1d" relativeResultsDirectory="61c6e862-a494-4949-b1ed-93bedf13cdc5" dataRowInfo="0" resultType="DataDrivenDataRow" />
        <UnitTestResult executionId="4b5f5476-3876-4885-85d4-8853fd5dce67" parentExecutionId="61c6e862-a494-4949-b1ed-93bedf13cdc5" testId="84b817a3-d9ea-4ee7-4bce-6233ff1a22ec" testName="testThem" computerName="DESKTOP-LTNHK23" duration="00:00:00.0118774" startTime="2019-11-15T00:26:46.5668068+07:00" endTime="2019-11-15T00:26:46.5778199+07:00" testType="13cdc9d9-ddb5-4fa4-a97d-d965ccfc6d4b" outcome="Passed" testListId="8c84fa94-04c1-424b-9868-57a2d4851a1d" relativeResultsDirectory="61c6e862-a494-4949-b1ed-93bedf13cdc5" dataRowInfo="1" resultType="DataDrivenDataRow" />
      </InnerResults>
    </UnitTestResult>
    <UnitTestResult executionId="35bc51c2-3ce6-43b1-bbb2-38371599bddc" testId="cdc9cf75-63ba-fe53-246e-69fbea83d298" testName="testchuyenban" computerName="DESKTOP-LTNHK23" duration="00:00:00.1665542" startTime="2019-11-15T00:26:46.5898163+07:00" endTime="2019-11-15T00:26:46.7660257+07:00" testType="13cdc9d9-ddb5-4fa4-a97d-d965ccfc6d4b" outcome="Failed" testListId="8c84fa94-04c1-424b-9868-57a2d4851a1d" relativeResultsDirectory="35bc51c2-3ce6-43b1-bbb2-38371599bddc" resultType="DataDrivenTest">
      <Counters error="0" failed="2" timeout="0" aborted="0" inconclusive="0" passedButRunAborted="0" notRunnable="0" notExecuted="0" disconnected="0" warning="0" passed="2" completed="0" inProgress="0" pending="0" />
      <InnerResults>
        <UnitTestResult executionId="2830126c-6ede-43fc-8fff-3f9a2d672ae4" parentExecutionId="35bc51c2-3ce6-43b1-bbb2-38371599bddc" testId="cdc9cf75-63ba-fe53-246e-69fbea83d298" testName="testchuyenban" computerName="DESKTOP-LTNHK23" duration="00:00:00.0280401" startTime="2019-11-15T00:26:46.7190755+07:00" endTime="2019-11-15T00:26:46.7466580+07:00" testType="13cdc9d9-ddb5-4fa4-a97d-d965ccfc6d4b" outcome="Passed" testListId="8c84fa94-04c1-424b-9868-57a2d4851a1d" relativeResultsDirectory="35bc51c2-3ce6-43b1-bbb2-38371599bddc" dataRowInfo="0" resultType="DataDrivenDataRow" />
        <UnitTestResult executionId="9532d9bd-70db-4671-8fec-e4660fed1265" parentExecutionId="35bc51c2-3ce6-43b1-bbb2-38371599bddc" testId="cdc9cf75-63ba-fe53-246e-69fbea83d298" testName="testchuyenban" computerName="DESKTOP-LTNHK23" duration="00:00:00.0081106" startTime="2019-11-15T00:26:46.7466580+07:00" endTime="2019-11-15T00:26:46.7550114+07:00" testType="13cdc9d9-ddb5-4fa4-a97d-d965ccfc6d4b" outcome="Passed" testListId="8c84fa94-04c1-424b-9868-57a2d4851a1d" relativeResultsDirectory="35bc51c2-3ce6-43b1-bbb2-38371599bddc" dataRowInfo="1" resultType="DataDrivenDataRow" />
        <UnitTestResult executionId="34fa5362-addf-473a-a6a6-6875c5e175dd" parentExecutionId="35bc51c2-3ce6-43b1-bbb2-38371599bddc" testId="cdc9cf75-63ba-fe53-246e-69fbea83d298" testName="testchuyenban" computerName="DESKTOP-LTNHK23" duration="00:00:00.0018265" startTime="2019-11-15T00:26:46.7550114+07:00" endTime="2019-11-15T00:26:46.7570262+07:00" testType="13cdc9d9-ddb5-4fa4-a97d-d965ccfc6d4b" outcome="Failed" testListId="8c84fa94-04c1-424b-9868-57a2d4851a1d" relativeResultsDirectory="35bc51c2-3ce6-43b1-bbb2-38371599bddc" dataRowInfo="2" resultType="DataDrivenDataRow">
          <Output>
            <ErrorInfo>
              <Message>Test method testPM.Test_Chuyenban.testchuyenban threw exception: 
System.FormatException: Input string was not in a correct format.</Message>
              <StackTrace>    at System.Number.StringToNumber(String str, NumberStyles options, NumberBuffer&amp; number, NumberFormatInfo info, Boolean parseDecimal)
   at System.Number.ParseInt32(String s, NumberStyles style, NumberFormatInfo info)
   at System.Int32.Parse(String s)
   at testPM.Test_Chuyenban.testchuyenban() in C:\Users\Dell\Desktop\Dangnhap\testPM\Test_Chuyenban.cs:line 21
</StackTrace>
            </ErrorInfo>
          </Output>
        </UnitTestResult>
        <UnitTestResult executionId="baec7cb1-9752-441f-89fc-0d30ca49cac6" parentExecutionId="35bc51c2-3ce6-43b1-bbb2-38371599bddc" testId="cdc9cf75-63ba-fe53-246e-69fbea83d298" testName="testchuyenban" computerName="DESKTOP-LTNHK23" duration="00:00:00.0014107" startTime="2019-11-15T00:26:46.7570262+07:00" endTime="2019-11-15T00:26:46.7580261+07:00" testType="13cdc9d9-ddb5-4fa4-a97d-d965ccfc6d4b" outcome="Failed" testListId="8c84fa94-04c1-424b-9868-57a2d4851a1d" relativeResultsDirectory="35bc51c2-3ce6-43b1-bbb2-38371599bddc" dataRowInfo="3" resultType="DataDrivenDataRow">
          <Output>
            <ErrorInfo>
              <Message>Test method testPM.Test_Chuyenban.testchuyenban threw exception: 
System.FormatException: Input string was not in a correct format.</Message>
              <StackTrace>    at System.Number.StringToNumber(String str, NumberStyles options, NumberBuffer&amp; number, NumberFormatInfo info, Boolean parseDecimal)
   at System.Number.ParseInt32(String s, NumberStyles style, NumberFormatInfo info)
   at System.Int32.Parse(String s)
   at testPM.Test_Chuyenban.testchuyenban() in C:\Users\Dell\Desktop\Dangnhap\testPM\Test_Chuyenban.cs:line 22
</StackTrace>
            </ErrorInfo>
          </Output>
        </UnitTestResult>
      </InnerResults>
    </UnitTestResult>
    <UnitTestResult executionId="0c6b2917-078b-486d-9a50-cf7036b03f25" testId="d126ba14-7fa7-4e78-7434-4a28ba2ec146" testName="testThemMon" computerName="DESKTOP-LTNHK23" duration="00:00:00.1316561" startTime="2019-11-15T00:26:46.7740305+07:00" endTime="2019-11-15T00:26:46.9180293+07:00" testType="13cdc9d9-ddb5-4fa4-a97d-d965ccfc6d4b" outcome="Passed" testListId="8c84fa94-04c1-424b-9868-57a2d4851a1d" relativeResultsDirectory="0c6b2917-078b-486d-9a50-cf7036b03f25" resultType="DataDrivenTest">
      <Counters error="0" failed="0" timeout="0" aborted="0" inconclusive="0" passedButRunAborted="0" notRunnable="0" notExecuted="0" disconnected="0" warning="0" passed="6" completed="0" inProgress="0" pending="0" />
      <InnerResults>
        <UnitTestResult executionId="261ef672-4e25-4f72-9f36-8f871bc1b55a" parentExecutionId="0c6b2917-078b-486d-9a50-cf7036b03f25" testId="d126ba14-7fa7-4e78-7434-4a28ba2ec146" testName="testThemMon" computerName="DESKTOP-LTNHK23" duration="00:00:00.0019919" startTime="2019-11-15T00:26:46.9001560+07:00" endTime="2019-11-15T00:26:46.9019316+07:00" testType="13cdc9d9-ddb5-4fa4-a97d-d965ccfc6d4b" outcome="Passed" testListId="8c84fa94-04c1-424b-9868-57a2d4851a1d" relativeResultsDirectory="0c6b2917-078b-486d-9a50-cf7036b03f25" dataRowInfo="0" resultType="DataDrivenDataRow" />
        <UnitTestResult executionId="641203bd-19c2-4082-b032-1886e25f01e5" parentExecutionId="0c6b2917-078b-486d-9a50-cf7036b03f25" testId="d126ba14-7fa7-4e78-7434-4a28ba2ec146" testName="testThemMon" computerName="DESKTOP-LTNHK23" duration="00:00:00.0057765" startTime="2019-11-15T00:26:46.9019316+07:00" endTime="2019-11-15T00:26:46.9080298+07:00" testType="13cdc9d9-ddb5-4fa4-a97d-d965ccfc6d4b" outcome="Passed" testListId="8c84fa94-04c1-424b-9868-57a2d4851a1d" relativeResultsDirectory="0c6b2917-078b-486d-9a50-cf7036b03f25" dataRowInfo="1" resultType="DataDrivenDataRow" />
        <UnitTestResult executionId="9d0ca79b-dbc9-4034-ab5f-acc1ce8a102a" parentExecutionId="0c6b2917-078b-486d-9a50-cf7036b03f25" testId="d126ba14-7fa7-4e78-7434-4a28ba2ec146" testName="testThemMon" computerName="DESKTOP-LTNHK23" duration="00:00:00.0000401" startTime="2019-11-15T00:26:46.9080298+07:00" endTime="2019-11-15T00:26:46.9080298+07:00" testType="13cdc9d9-ddb5-4fa4-a97d-d965ccfc6d4b" outcome="Passed" testListId="8c84fa94-04c1-424b-9868-57a2d4851a1d" relativeResultsDirectory="0c6b2917-078b-486d-9a50-cf7036b03f25" dataRowInfo="2" resultType="DataDrivenDataRow" />
        <UnitTestResult executionId="d524847e-ede5-424b-a1c4-6c82ec3af219" parentExecutionId="0c6b2917-078b-486d-9a50-cf7036b03f25" testId="d126ba14-7fa7-4e78-7434-4a28ba2ec146" testName="testThemMon" computerName="DESKTOP-LTNHK23" duration="00:00:00.0000147" startTime="2019-11-15T00:26:46.9080298+07:00" endTime="2019-11-15T00:26:46.9080298+07:00" testType="13cdc9d9-ddb5-4fa4-a97d-d965ccfc6d4b" outcome="Passed" testListId="8c84fa94-04c1-424b-9868-57a2d4851a1d" relativeResultsDirectory="0c6b2917-078b-486d-9a50-cf7036b03f25" dataRowInfo="3" resultType="DataDrivenDataRow" />
        <UnitTestResult executionId="bc94a5ba-c529-4acc-ba41-908ac2d1b6c1" parentExecutionId="0c6b2917-078b-486d-9a50-cf7036b03f25" testId="d126ba14-7fa7-4e78-7434-4a28ba2ec146" testName="testThemMon" computerName="DESKTOP-LTNHK23" duration="00:00:00.0000130" startTime="2019-11-15T00:26:46.9080298+07:00" endTime="2019-11-15T00:26:46.9080298+07:00" testType="13cdc9d9-ddb5-4fa4-a97d-d965ccfc6d4b" outcome="Passed" testListId="8c84fa94-04c1-424b-9868-57a2d4851a1d" relativeResultsDirectory="0c6b2917-078b-486d-9a50-cf7036b03f25" dataRowInfo="4" resultType="DataDrivenDataRow" />
        <UnitTestResult executionId="4f17937b-8485-4f86-9ffb-e36899796418" parentExecutionId="0c6b2917-078b-486d-9a50-cf7036b03f25" testId="d126ba14-7fa7-4e78-7434-4a28ba2ec146" testName="testThemMon" computerName="DESKTOP-LTNHK23" duration="00:00:00.0000127" startTime="2019-11-15T00:26:46.9080298+07:00" endTime="2019-11-15T00:26:46.9080298+07:00" testType="13cdc9d9-ddb5-4fa4-a97d-d965ccfc6d4b" outcome="Passed" testListId="8c84fa94-04c1-424b-9868-57a2d4851a1d" relativeResultsDirectory="0c6b2917-078b-486d-9a50-cf7036b03f25" dataRowInfo="5" resultType="DataDrivenDataRow" />
      </InnerResults>
    </UnitTestResult>
    <UnitTestResult executionId="9f7b88a9-adeb-4a54-97b4-2d95571ea93c" testId="e7975907-abd7-c724-e54c-c8600f564d67" testName="TestCNLogin" computerName="DESKTOP-LTNHK23" duration="00:00:00.1520224" startTime="2019-11-15T00:26:46.9250293+07:00" endTime="2019-11-15T00:26:47.1020560+07:00" testType="13cdc9d9-ddb5-4fa4-a97d-d965ccfc6d4b" outcome="Failed" testListId="8c84fa94-04c1-424b-9868-57a2d4851a1d" relativeResultsDirectory="9f7b88a9-adeb-4a54-97b4-2d95571ea93c" resultType="DataDrivenTest">
      <Counters error="0" failed="1" timeout="0" aborted="0" inconclusive="0" passedButRunAborted="0" notRunnable="0" notExecuted="0" disconnected="0" warning="0" passed="14" completed="0" inProgress="0" pending="0" />
      <InnerResults>
        <UnitTestResult executionId="ca832e23-b512-4adb-98d7-24662a2737d6" parentExecutionId="9f7b88a9-adeb-4a54-97b4-2d95571ea93c" testId="e7975907-abd7-c724-e54c-c8600f564d67" testName="TestCNLogin" computerName="DESKTOP-LTNHK23" duration="00:00:00.0054566" startTime="2019-11-15T00:26:47.0555780+07:00" endTime="2019-11-15T00:26:47.0605505+07:00" testType="13cdc9d9-ddb5-4fa4-a97d-d965ccfc6d4b" outcome="Passed" testListId="8c84fa94-04c1-424b-9868-57a2d4851a1d" relativeResultsDirectory="9f7b88a9-adeb-4a54-97b4-2d95571ea93c" dataRowInfo="0" resultType="DataDrivenDataRow" />
        <UnitTestResult executionId="98e4d8a6-6f54-4239-867d-adb2a29935b3" parentExecutionId="9f7b88a9-adeb-4a54-97b4-2d95571ea93c" testId="e7975907-abd7-c724-e54c-c8600f564d67" testName="TestCNLogin" computerName="DESKTOP-LTNHK23" duration="00:00:00.0012897" startTime="2019-11-15T00:26:47.0605505+07:00" endTime="2019-11-15T00:26:47.0615495+07:00" testType="13cdc9d9-ddb5-4fa4-a97d-d965ccfc6d4b" outcome="Passed" testListId="8c84fa94-04c1-424b-9868-57a2d4851a1d" relativeResultsDirectory="9f7b88a9-adeb-4a54-97b4-2d95571ea93c" dataRowInfo="1" resultType="DataDrivenDataRow" />
        <UnitTestResult executionId="0831b8d8-161b-40eb-ae69-d18aec792a44" parentExecutionId="9f7b88a9-adeb-4a54-97b4-2d95571ea93c" testId="e7975907-abd7-c724-e54c-c8600f564d67" testName="TestCNLogin" computerName="DESKTOP-LTNHK23" duration="00:00:00.0009286" startTime="2019-11-15T00:26:47.0615495+07:00" endTime="2019-11-15T00:26:47.0625499+07:00" testType="13cdc9d9-ddb5-4fa4-a97d-d965ccfc6d4b" outcome="Passed" testListId="8c84fa94-04c1-424b-9868-57a2d4851a1d" relativeResultsDirectory="9f7b88a9-adeb-4a54-97b4-2d95571ea93c" dataRowInfo="2" resultType="DataDrivenDataRow" />
        <UnitTestResult executionId="530319bc-eb5e-455a-ab11-8e331831a538" parentExecutionId="9f7b88a9-adeb-4a54-97b4-2d95571ea93c" testId="e7975907-abd7-c724-e54c-c8600f564d67" testName="TestCNLogin" computerName="DESKTOP-LTNHK23" duration="00:00:00.0014682" startTime="2019-11-15T00:26:47.0625499+07:00" endTime="2019-11-15T00:26:47.0645326+07:00" testType="13cdc9d9-ddb5-4fa4-a97d-d965ccfc6d4b" outcome="Passed" testListId="8c84fa94-04c1-424b-9868-57a2d4851a1d" relativeResultsDirectory="9f7b88a9-adeb-4a54-97b4-2d95571ea93c" dataRowInfo="3" resultType="DataDrivenDataRow" />
        <UnitTestResult executionId="000ea738-d693-4d3b-9428-863deaacc98e" parentExecutionId="9f7b88a9-adeb-4a54-97b4-2d95571ea93c" testId="e7975907-abd7-c724-e54c-c8600f564d67" testName="TestCNLogin" computerName="DESKTOP-LTNHK23" duration="00:00:00.0010470" startTime="2019-11-15T00:26:47.0645326+07:00" endTime="2019-11-15T00:26:47.0655323+07:00" testType="13cdc9d9-ddb5-4fa4-a97d-d965ccfc6d4b" outcome="Passed" testListId="8c84fa94-04c1-424b-9868-57a2d4851a1d" relativeResultsDirectory="9f7b88a9-adeb-4a54-97b4-2d95571ea93c" dataRowInfo="4" resultType="DataDrivenDataRow" />
        <UnitTestResult executionId="cfa7ae9a-6586-41f2-9214-71d337d0cca7" parentExecutionId="9f7b88a9-adeb-4a54-97b4-2d95571ea93c" testId="e7975907-abd7-c724-e54c-c8600f564d67" testName="TestCNLogin" computerName="DESKTOP-LTNHK23" duration="00:00:00.0013352" startTime="2019-11-15T00:26:47.0655323+07:00" endTime="2019-11-15T00:26:47.0665571+07:00" testType="13cdc9d9-ddb5-4fa4-a97d-d965ccfc6d4b" outcome="Passed" testListId="8c84fa94-04c1-424b-9868-57a2d4851a1d" relativeResultsDirectory="9f7b88a9-adeb-4a54-97b4-2d95571ea93c" dataRowInfo="5" resultType="DataDrivenDataRow" />
        <UnitTestResult executionId="7eaf6ef8-8817-49f3-ab48-95bc4f0152fa" parentExecutionId="9f7b88a9-adeb-4a54-97b4-2d95571ea93c" testId="e7975907-abd7-c724-e54c-c8600f564d67" testName="TestCNLogin" computerName="DESKTOP-LTNHK23" duration="00:00:00.0018880" startTime="2019-11-15T00:26:47.0665571+07:00" endTime="2019-11-15T00:26:47.0685318+07:00" testType="13cdc9d9-ddb5-4fa4-a97d-d965ccfc6d4b" outcome="Passed" testListId="8c84fa94-04c1-424b-9868-57a2d4851a1d" relativeResultsDirectory="9f7b88a9-adeb-4a54-97b4-2d95571ea93c" dataRowInfo="6" resultType="DataDrivenDataRow" />
        <UnitTestResult executionId="3c608337-b28a-4b4b-ac03-556f999c99f4" parentExecutionId="9f7b88a9-adeb-4a54-97b4-2d95571ea93c" testId="e7975907-abd7-c724-e54c-c8600f564d67" testName="TestCNLogin" computerName="DESKTOP-LTNHK23" duration="00:00:00.0010311" startTime="2019-11-15T00:26:47.0685318+07:00" endTime="2019-11-15T00:26:47.0695313+07:00" testType="13cdc9d9-ddb5-4fa4-a97d-d965ccfc6d4b" outcome="Passed" testListId="8c84fa94-04c1-424b-9868-57a2d4851a1d" relativeResultsDirectory="9f7b88a9-adeb-4a54-97b4-2d95571ea93c" dataRowInfo="7" resultType="DataDrivenDataRow" />
        <UnitTestResult executionId="efd798cf-d7d7-47f6-8a71-a00f2d5c9965" parentExecutionId="9f7b88a9-adeb-4a54-97b4-2d95571ea93c" testId="e7975907-abd7-c724-e54c-c8600f564d67" testName="TestCNLogin" computerName="DESKTOP-LTNHK23" duration="00:00:00.0009542" startTime="2019-11-15T00:26:47.0695313+07:00" endTime="2019-11-15T00:26:47.0705468+07:00" testType="13cdc9d9-ddb5-4fa4-a97d-d965ccfc6d4b" outcome="Passed" testListId="8c84fa94-04c1-424b-9868-57a2d4851a1d" relativeResultsDirectory="9f7b88a9-adeb-4a54-97b4-2d95571ea93c" dataRowInfo="8" resultType="DataDrivenDataRow" />
        <UnitTestResult executionId="8a7fe1d1-069a-4ba1-bb31-dfbecd5e1c68" parentExecutionId="9f7b88a9-adeb-4a54-97b4-2d95571ea93c" testId="e7975907-abd7-c724-e54c-c8600f564d67" testName="TestCNLogin" computerName="DESKTOP-LTNHK23" duration="00:00:00.0009018" startTime="2019-11-15T00:26:47.0705468+07:00" endTime="2019-11-15T00:26:47.0721432+07:00" testType="13cdc9d9-ddb5-4fa4-a97d-d965ccfc6d4b" outcome="Passed" testListId="8c84fa94-04c1-424b-9868-57a2d4851a1d" relativeResultsDirectory="9f7b88a9-adeb-4a54-97b4-2d95571ea93c" dataRowInfo="9" resultType="DataDrivenDataRow" />
        <UnitTestResult executionId="d4817cf9-14bf-4ede-ba65-f989b96d1b7b" parentExecutionId="9f7b88a9-adeb-4a54-97b4-2d95571ea93c" testId="e7975907-abd7-c724-e54c-c8600f564d67" testName="TestCNLogin" computerName="DESKTOP-LTNHK23" duration="00:00:00.0008697" startTime="2019-11-15T00:26:47.0721432+07:00" endTime="2019-11-15T00:26:47.0730624+07:00" testType="13cdc9d9-ddb5-4fa4-a97d-d965ccfc6d4b" outcome="Passed" testListId="8c84fa94-04c1-424b-9868-57a2d4851a1d" relativeResultsDirectory="9f7b88a9-adeb-4a54-97b4-2d95571ea93c" dataRowInfo="10" resultType="DataDrivenDataRow" />
        <UnitTestResult executionId="2782e356-61dd-451c-86c5-ff4612db0755" parentExecutionId="9f7b88a9-adeb-4a54-97b4-2d95571ea93c" testId="e7975907-abd7-c724-e54c-c8600f564d67" testName="TestCNLogin" computerName="DESKTOP-LTNHK23" duration="00:00:00.0009656" startTime="2019-11-15T00:26:47.0730624+07:00" endTime="2019-11-15T00:26:47.0740833+07:00" testType="13cdc9d9-ddb5-4fa4-a97d-d965ccfc6d4b" outcome="Passed" testListId="8c84fa94-04c1-424b-9868-57a2d4851a1d" relativeResultsDirectory="9f7b88a9-adeb-4a54-97b4-2d95571ea93c" dataRowInfo="11" resultType="DataDrivenDataRow" />
        <UnitTestResult executionId="1502e249-cdd1-4907-9353-90e5b77cea8c" parentExecutionId="9f7b88a9-adeb-4a54-97b4-2d95571ea93c" testId="e7975907-abd7-c724-e54c-c8600f564d67" testName="TestCNLogin" computerName="DESKTOP-LTNHK23" duration="00:00:00.0009781" startTime="2019-11-15T00:26:47.0740833+07:00" endTime="2019-11-15T00:26:47.0750660+07:00" testType="13cdc9d9-ddb5-4fa4-a97d-d965ccfc6d4b" outcome="Passed" testListId="8c84fa94-04c1-424b-9868-57a2d4851a1d" relativeResultsDirectory="9f7b88a9-adeb-4a54-97b4-2d95571ea93c" dataRowInfo="12" resultType="DataDrivenDataRow" />
        <UnitTestResult executionId="3e8923cf-38ec-43c3-9326-70bd2aa6e256" parentExecutionId="9f7b88a9-adeb-4a54-97b4-2d95571ea93c" testId="e7975907-abd7-c724-e54c-c8600f564d67" testName="TestCNLogin" computerName="DESKTOP-LTNHK23" duration="00:00:00.0022339" startTime="2019-11-15T00:26:47.0750660+07:00" endTime="2019-11-15T00:26:47.0770648+07:00" testType="13cdc9d9-ddb5-4fa4-a97d-d965ccfc6d4b" outcome="Passed" testListId="8c84fa94-04c1-424b-9868-57a2d4851a1d" relativeResultsDirectory="9f7b88a9-adeb-4a54-97b4-2d95571ea93c" dataRowInfo="13" resultType="DataDrivenDataRow" />
        <UnitTestResult executionId="311b4dd9-038c-480b-81b8-8546831bc327" parentExecutionId="9f7b88a9-adeb-4a54-97b4-2d95571ea93c" testId="e7975907-abd7-c724-e54c-c8600f564d67" testName="TestCNLogin" computerName="DESKTOP-LTNHK23" duration="00:00:00.0021574" startTime="2019-11-15T00:26:47.0770648+07:00" endTime="2019-11-15T00:26:47.0790634+07:00" testType="13cdc9d9-ddb5-4fa4-a97d-d965ccfc6d4b" outcome="Failed" testListId="8c84fa94-04c1-424b-9868-57a2d4851a1d" relativeResultsDirectory="9f7b88a9-adeb-4a54-97b4-2d95571ea93c" dataRowInfo="14" resultType="DataDrivenDataRow">
          <Output>
            <ErrorInfo>
              <Message>Test method testPM.TestLogin.TestCNLogin threw exception: 
System.InvalidOperationException: số kí tự quá lớn</Message>
              <StackTrace>    at testPM.TestLogin.TestCNLogin() in C:\Users\Dell\Desktop\Dangnhap\testPM\Test_Login.cs:line 27
</StackTrace>
            </ErrorInfo>
          </Output>
        </UnitTestResult>
      </InnerResults>
    </UnitTestResult>
  </Results>
</TestRun>