<?xml version="1.0" encoding="UTF-8"?>
<TestRun id="76d87f76-ac12-4c3f-a934-d38f45c2ac1d" name="Dell@DESKTOP-LTNHK23 2019-11-08 14:20:09" runUser="DESKTOP-LTNHK23\Dell" xmlns="http://microsoft.com/schemas/VisualStudio/TeamTest/2010">
  <TestSettings name="Local" id="cea33156-e72c-4d1b-a57b-eb1a5b3c21c1">
    <Description>These are default test settings for a local test run.</Description>
    <Deployment enabled="false" runDeploymentRoot="Dell_DESKTOP-LTNHK23 2019-11-08 14_20_09">
      <DeploymentItem filename="C:\Users\Dell\Desktop\Dangnhap\Dangnhap\bin\Debug\Dangnhap.exe" />
    </Deployment>
    <Execution>
      <TestTypeSpecific />
      <AgentRule name="Execution Agents">
      </AgentRule>
    </Execution>
  </TestSettings>
  <Times creation="2019-11-08T14:20:09.3773266+07:00" queuing="2019-11-08T14:20:09.3883975+07:00" start="2019-11-08T14:20:09.3933968+07:00" finish="2019-11-08T14:20:09.8742439+07:00" />
  <ResultSummary outcome="Warning">
    <Counters total="6" executed="6" passed="6" error="0" failed="0" timeout="0" aborted="0" inconclusive="0" passedButRunAborted="0" notRunnable="0" notExecuted="0" disconnected="0" warning="0" completed="0" inProgress="0" pending="0" />
    <RunInfos>
      <RunInfo computerName="DESKTOP-LTNHK23" outcome="Warning" timestamp="2019-11-08T14:20:09.3873981+07:00">
        <Text>Deployment is currently disabled. The deployment item 'testPM\testThanhToan.csv' on test 'testPM.Test_ThanhToan.test_ThanhToan' was not deployed.</Text>
      </RunInfo>
    </RunInfos>
  </ResultSummary>
  <TestDefinitions>
    <UnitTest name="test_ThanhToan" storage="c:\users\dell\desktop\dangnhap\testpm\bin\debug\testpm.dll" id="2169934a-9f13-ee0b-caac-0e95b5225d2b">
      <DeploymentItems>
        <DeploymentItem filename="testPM\testThanhToan.csv" />
      </DeploymentItems>
      <Execution id="9ff9b54d-b860-4cbe-97ba-4dd401d285e1" />
      <TestMethod codeBase="C:/Users/Dell/Desktop/Dangnhap/testPM/bin/Debug/testPM.DLL" adapterTypeName="Microsoft.VisualStudio.TestTools.TestTypes.Unit.UnitTestAdapter, Microsoft.VisualStudio.QualityTools.Tips.UnitTest.Adapter, Version=10.0.0.0, Culture=neutral, PublicKeyToken=b03f5f7f11d50a3a" className="testPM.Test_ThanhToan, testPM, Version=1.0.0.0, Culture=neutral, PublicKeyToken=null" name="test_ThanhToan" />
      <DataSource connectionString="|DataDirectory|\testThanhToan.csv" providerInvariantName="Microsoft.VisualStudio.TestTools.DataSource.CSV" tableName="testThanhToan#csv" />
    </UnitTest>
  </TestDefinitions>
  <TestLists>
    <TestList name="Results Not in a List" id="8c84fa94-04c1-424b-9868-57a2d4851a1d" />
    <TestList name="All Loaded Results" id="19431567-8539-422a-85d7-44ee4e166bda" />
  </TestLists>
  <TestEntries>
    <TestEntry testId="2169934a-9f13-ee0b-caac-0e95b5225d2b" executionId="9ff9b54d-b860-4cbe-97ba-4dd401d285e1" testListId="8c84fa94-04c1-424b-9868-57a2d4851a1d" />
  </TestEntries>
  <Results>
    <UnitTestResult executionId="9ff9b54d-b860-4cbe-97ba-4dd401d285e1" testId="2169934a-9f13-ee0b-caac-0e95b5225d2b" testName="test_ThanhToan" computerName="DESKTOP-LTNHK23" duration="00:00:00.1968026" startTime="2019-11-08T14:20:09.4003925+07:00" endTime="2019-11-08T14:20:09.8412527+07:00" testType="13cdc9d9-ddb5-4fa4-a97d-d965ccfc6d4b" outcome="Passed" testListId="8c84fa94-04c1-424b-9868-57a2d4851a1d" relativeResultsDirectory="9ff9b54d-b860-4cbe-97ba-4dd401d285e1" resultType="DataDrivenTest">
      <Counters error="0" failed="0" timeout="0" aborted="0" inconclusive="0" passedButRunAborted="0" notRunnable="0" notExecuted="0" disconnected="0" warning="0" passed="5" completed="0" inProgress="0" pending="0" />
      <InnerResults>
        <UnitTestResult executionId="32c17b15-f7bc-471f-83d8-e23193e18ace" parentExecutionId="9ff9b54d-b860-4cbe-97ba-4dd401d285e1" testId="2169934a-9f13-ee0b-caac-0e95b5225d2b" testName="test_ThanhToan" computerName="DESKTOP-LTNHK23" duration="00:00:00.0460244" startTime="2019-11-08T14:20:09.7572800+07:00" endTime="2019-11-08T14:20:09.8102623+07:00" testType="13cdc9d9-ddb5-4fa4-a97d-d965ccfc6d4b" outcome="Passed" testListId="8c84fa94-04c1-424b-9868-57a2d4851a1d" relativeResultsDirectory="9ff9b54d-b860-4cbe-97ba-4dd401d285e1" dataRowInfo="0" resultType="DataDrivenDataRow" />
        <UnitTestResult executionId="48a2e95c-8469-4d7f-92b9-9322857fa65d" parentExecutionId="9ff9b54d-b860-4cbe-97ba-4dd401d285e1" testId="2169934a-9f13-ee0b-caac-0e95b5225d2b" testName="test_ThanhToan" computerName="DESKTOP-LTNHK23" duration="00:00:00.0006200" startTime="2019-11-08T14:20:09.8102623+07:00" endTime="2019-11-08T14:20:09.8112631+07:00" testType="13cdc9d9-ddb5-4fa4-a97d-d965ccfc6d4b" outcome="Passed" testListId="8c84fa94-04c1-424b-9868-57a2d4851a1d" relativeResultsDirectory="9ff9b54d-b860-4cbe-97ba-4dd401d285e1" dataRowInfo="1" resultType="DataDrivenDataRow" />
        <UnitTestResult executionId="08eab3aa-916c-4132-8542-3fcca1f5aa68" parentExecutionId="9ff9b54d-b860-4cbe-97ba-4dd401d285e1" testId="2169934a-9f13-ee0b-caac-0e95b5225d2b" testName="test_ThanhToan" computerName="DESKTOP-LTNHK23" duration="00:00:00.0000622" startTime="2019-11-08T14:20:09.8112631+07:00" endTime="2019-11-08T14:20:09.8112631+07:00" testType="13cdc9d9-ddb5-4fa4-a97d-d965ccfc6d4b" outcome="Passed" testListId="8c84fa94-04c1-424b-9868-57a2d4851a1d" relativeResultsDirectory="9ff9b54d-b860-4cbe-97ba-4dd401d285e1" dataRowInfo="2" resultType="DataDrivenDataRow" />
        <UnitTestResult executionId="5f23338c-c1e4-437b-90ef-559e252f394b" parentExecutionId="9ff9b54d-b860-4cbe-97ba-4dd401d285e1" testId="2169934a-9f13-ee0b-caac-0e95b5225d2b" testName="test_ThanhToan" computerName="DESKTOP-LTNHK23" duration="00:00:00.0000420" startTime="2019-11-08T14:20:09.8112631+07:00" endTime="2019-11-08T14:20:09.8112631+07:00" testType="13cdc9d9-ddb5-4fa4-a97d-d965ccfc6d4b" outcome="Passed" testListId="8c84fa94-04c1-424b-9868-57a2d4851a1d" relativeResultsDirectory="9ff9b54d-b860-4cbe-97ba-4dd401d285e1" dataRowInfo="3" resultType="DataDrivenDataRow" />
        <UnitTestResult executionId="bd0930a6-2279-4a00-9d3a-5dacd6a7a851" parentExecutionId="9ff9b54d-b860-4cbe-97ba-4dd401d285e1" testId="2169934a-9f13-ee0b-caac-0e95b5225d2b" testName="test_ThanhToan" computerName="DESKTOP-LTNHK23" duration="00:00:00.0000432" startTime="2019-11-08T14:20:09.8112631+07:00" endTime="2019-11-08T14:20:09.8112631+07:00" testType="13cdc9d9-ddb5-4fa4-a97d-d965ccfc6d4b" outcome="Passed" testListId="8c84fa94-04c1-424b-9868-57a2d4851a1d" relativeResultsDirectory="9ff9b54d-b860-4cbe-97ba-4dd401d285e1" dataRowInfo="4" resultType="DataDrivenDataRow" />
      </InnerResults>
    </UnitTestResult>
  </Results>
</TestRun>