<?xml version="1.0" encoding="UTF-8"?>
<TestRun id="c082f3a6-f9d9-4b6f-8341-0d3833b9e164" name="Dell@DESKTOP-LTNHK23 2019-11-08 14:17:14" runUser="DESKTOP-LTNHK23\Dell" xmlns="http://microsoft.com/schemas/VisualStudio/TeamTest/2010">
  <TestSettings name="Local" id="cea33156-e72c-4d1b-a57b-eb1a5b3c21c1">
    <Description>These are default test settings for a local test run.</Description>
    <Deployment enabled="false" runDeploymentRoot="Dell_DESKTOP-LTNHK23 2019-11-08 14_17_14">
      <DeploymentItem filename="C:\Users\Dell\Desktop\Dangnhap\Dangnhap\bin\Debug\Dangnhap.exe" />
    </Deployment>
    <Execution>
      <TestTypeSpecific />
      <AgentRule name="Execution Agents">
      </AgentRule>
    </Execution>
  </TestSettings>
  <Times creation="2019-11-08T14:17:14.5907455+07:00" queuing="2019-11-08T14:17:14.6117385+07:00" start="2019-11-08T14:17:14.6147393+07:00" finish="2019-11-08T14:17:15.0268772+07:00" />
  <ResultSummary outcome="Failed">
    <Counters total="7" executed="7" passed="5" error="0" failed="2" timeout="0" aborted="0" inconclusive="0" passedButRunAborted="0" notRunnable="0" notExecuted="0" disconnected="0" warning="0" completed="0" inProgress="0" pending="0" />
    <RunInfos>
      <RunInfo computerName="DESKTOP-LTNHK23" outcome="Warning" timestamp="2019-11-08T14:17:14.6107394+07:00">
        <Text>Deployment is currently disabled. The deployment item 'testPM\testThanhToan.csv' on test 'testPM.Test_ThanhToan.test_ThanhToan' was not deployed.</Text>
      </RunInfo>
    </RunInfos>
  </ResultSummary>
  <TestDefinitions>
    <UnitTest name="test_ThanhToan" storage="c:\users\dell\desktop\dangnhap\testpm\bin\debug\testpm.dll" id="2169934a-9f13-ee0b-caac-0e95b5225d2b">
      <DeploymentItems>
        <DeploymentItem filename="testPM\testThanhToan.csv" />
      </DeploymentItems>
      <Execution id="ca276a45-d4e4-4892-bd0b-56acfc59c0a8" />
      <TestMethod codeBase="C:/Users/Dell/Desktop/Dangnhap/testPM/bin/Debug/testPM.DLL" adapterTypeName="Microsoft.VisualStudio.TestTools.TestTypes.Unit.UnitTestAdapter, Microsoft.VisualStudio.QualityTools.Tips.UnitTest.Adapter, Version=10.0.0.0, Culture=neutral, PublicKeyToken=b03f5f7f11d50a3a" className="testPM.Test_ThanhToan, testPM, Version=1.0.0.0, Culture=neutral, PublicKeyToken=null" name="test_ThanhToan" />
      <DataSource connectionString="|DataDirectory|\testThanhToan.csv" providerInvariantName="Microsoft.VisualStudio.TestTools.DataSource.CSV" tableName="testThanhToan#csv" />
    </UnitTest>
  </TestDefinitions>
  <TestLists>
    <TestList name="Results Not in a List" id="8c84fa94-04c1-424b-9868-57a2d4851a1d" />
    <TestList name="All Loaded Results" id="19431567-8539-422a-85d7-44ee4e166bda" />
  </TestLists>
  <TestEntries>
    <TestEntry testId="2169934a-9f13-ee0b-caac-0e95b5225d2b" executionId="ca276a45-d4e4-4892-bd0b-56acfc59c0a8" testListId="8c84fa94-04c1-424b-9868-57a2d4851a1d" />
  </TestEntries>
  <Results>
    <UnitTestResult executionId="ca276a45-d4e4-4892-bd0b-56acfc59c0a8" testId="2169934a-9f13-ee0b-caac-0e95b5225d2b" testName="test_ThanhToan" computerName="DESKTOP-LTNHK23" duration="00:00:00.1556099" startTime="2019-11-08T14:17:14.6227564+07:00" endTime="2019-11-08T14:17:15.0078850+07:00" testType="13cdc9d9-ddb5-4fa4-a97d-d965ccfc6d4b" outcome="Failed" testListId="8c84fa94-04c1-424b-9868-57a2d4851a1d" relativeResultsDirectory="ca276a45-d4e4-4892-bd0b-56acfc59c0a8" resultType="DataDrivenTest">
      <Counters error="0" failed="1" timeout="0" aborted="0" inconclusive="0" passedButRunAborted="0" notRunnable="0" notExecuted="0" disconnected="0" warning="0" passed="5" completed="0" inProgress="0" pending="0" />
      <InnerResults>
        <UnitTestResult executionId="dc4c777e-5faa-470b-bc52-91e0c7a7381b" parentExecutionId="ca276a45-d4e4-4892-bd0b-56acfc59c0a8" testId="2169934a-9f13-ee0b-caac-0e95b5225d2b" testName="test_ThanhToan" computerName="DESKTOP-LTNHK23" duration="00:00:00.0208879" startTime="2019-11-08T14:17:14.9509028+07:00" endTime="2019-11-08T14:17:14.9759142+07:00" testType="13cdc9d9-ddb5-4fa4-a97d-d965ccfc6d4b" outcome="Passed" testListId="8c84fa94-04c1-424b-9868-57a2d4851a1d" relativeResultsDirectory="ca276a45-d4e4-4892-bd0b-56acfc59c0a8" dataRowInfo="0" resultType="DataDrivenDataRow" />
        <UnitTestResult executionId="5a60fa7a-9601-49f9-9eb0-2ea5603a44e1" parentExecutionId="ca276a45-d4e4-4892-bd0b-56acfc59c0a8" testId="2169934a-9f13-ee0b-caac-0e95b5225d2b" testName="test_ThanhToan" computerName="DESKTOP-LTNHK23" duration="00:00:00.0004387" startTime="2019-11-08T14:17:14.9759142+07:00" endTime="2019-11-08T14:17:14.9768955+07:00" testType="13cdc9d9-ddb5-4fa4-a97d-d965ccfc6d4b" outcome="Passed" testListId="8c84fa94-04c1-424b-9868-57a2d4851a1d" relativeResultsDirectory="ca276a45-d4e4-4892-bd0b-56acfc59c0a8" dataRowInfo="1" resultType="DataDrivenDataRow" />
        <UnitTestResult executionId="62ec9e83-4e1a-41b4-a44f-c573794287aa" parentExecutionId="ca276a45-d4e4-4892-bd0b-56acfc59c0a8" testId="2169934a-9f13-ee0b-caac-0e95b5225d2b" testName="test_ThanhToan" computerName="DESKTOP-LTNHK23" duration="00:00:00.0000207" startTime="2019-11-08T14:17:14.9768955+07:00" endTime="2019-11-08T14:17:14.9768955+07:00" testType="13cdc9d9-ddb5-4fa4-a97d-d965ccfc6d4b" outcome="Passed" testListId="8c84fa94-04c1-424b-9868-57a2d4851a1d" relativeResultsDirectory="ca276a45-d4e4-4892-bd0b-56acfc59c0a8" dataRowInfo="2" resultType="DataDrivenDataRow" />
        <UnitTestResult executionId="bde5924f-7f56-4753-aa5d-bc3deea73ee0" parentExecutionId="ca276a45-d4e4-4892-bd0b-56acfc59c0a8" testId="2169934a-9f13-ee0b-caac-0e95b5225d2b" testName="test_ThanhToan" computerName="DESKTOP-LTNHK23" duration="00:00:00.0000122" startTime="2019-11-08T14:17:14.9768955+07:00" endTime="2019-11-08T14:17:14.9768955+07:00" testType="13cdc9d9-ddb5-4fa4-a97d-d965ccfc6d4b" outcome="Passed" testListId="8c84fa94-04c1-424b-9868-57a2d4851a1d" relativeResultsDirectory="ca276a45-d4e4-4892-bd0b-56acfc59c0a8" dataRowInfo="3" resultType="DataDrivenDataRow" />
        <UnitTestResult executionId="f84bfa0a-316d-4ff3-827e-26374f918572" parentExecutionId="ca276a45-d4e4-4892-bd0b-56acfc59c0a8" testId="2169934a-9f13-ee0b-caac-0e95b5225d2b" testName="test_ThanhToan" computerName="DESKTOP-LTNHK23" duration="00:00:00.0000168" startTime="2019-11-08T14:17:14.9768955+07:00" endTime="2019-11-08T14:17:14.9768955+07:00" testType="13cdc9d9-ddb5-4fa4-a97d-d965ccfc6d4b" outcome="Passed" testListId="8c84fa94-04c1-424b-9868-57a2d4851a1d" relativeResultsDirectory="ca276a45-d4e4-4892-bd0b-56acfc59c0a8" dataRowInfo="4" resultType="DataDrivenDataRow" />
        <UnitTestResult executionId="f8088248-4005-45c9-9ce9-41d87e1349db" parentExecutionId="ca276a45-d4e4-4892-bd0b-56acfc59c0a8" testId="2169934a-9f13-ee0b-caac-0e95b5225d2b" testName="test_ThanhToan" computerName="DESKTOP-LTNHK23" duration="00:00:00.0140755" startTime="2019-11-08T14:17:14.9768955+07:00" endTime="2019-11-08T14:17:14.9909019+07:00" testType="13cdc9d9-ddb5-4fa4-a97d-d965ccfc6d4b" outcome="Failed" testListId="8c84fa94-04c1-424b-9868-57a2d4851a1d" relativeResultsDirectory="ca276a45-d4e4-4892-bd0b-56acfc59c0a8" dataRowInfo="5" resultType="DataDrivenDataRow">
          <Output>
            <ErrorInfo>
              <Message>Test method testPM.Test_ThanhToan.test_ThanhToan threw exception: 
System.FormatException: Input string was not in a correct format.</Message>
              <StackTrace>    at System.Number.StringToNumber(String str, NumberStyles options, NumberBuffer&amp; number, NumberFormatInfo info, Boolean parseDecimal)
   at System.Number.ParseInt32(String s, NumberStyles style, NumberFormatInfo info)
   at System.Int32.Parse(String s)
   at testPM.Test_ThanhToan.test_ThanhToan() in C:\Users\Dell\Desktop\Dangnhap\testPM\Test_ThanhToan.cs:line 22
</StackTrace>
            </ErrorInfo>
          </Output>
        </UnitTestResult>
      </InnerResults>
    </UnitTestResult>
  </Results>
</TestRun>