<?xml version="1.0" encoding="UTF-8"?>
<TestRun id="7cc1c852-d83e-4785-9b0c-ebae7cf1ccac" name="Dell@DESKTOP-LTNHK23 2019-11-14 14:06:25" runUser="DESKTOP-LTNHK23\Dell" xmlns="http://microsoft.com/schemas/VisualStudio/TeamTest/2010">
  <TestSettings name="Local" id="cea33156-e72c-4d1b-a57b-eb1a5b3c21c1">
    <Description>These are default test settings for a local test run.</Description>
    <Deployment enabled="false" runDeploymentRoot="Dell_DESKTOP-LTNHK23 2019-11-14 14_06_25">
      <DeploymentItem filename="C:\Users\Dell\Desktop\Dangnhap\Dangnhap\bin\Debug\Dangnhap.exe" />
    </Deployment>
    <Execution>
      <TestTypeSpecific />
      <AgentRule name="Execution Agents">
      </AgentRule>
    </Execution>
  </TestSettings>
  <Times creation="2019-11-14T14:06:25.0513410+07:00" queuing="2019-11-14T14:06:25.1013030+07:00" start="2019-11-14T14:06:25.1112957+07:00" finish="2019-11-14T14:06:26.9798611+07:00" />
  <ResultSummary outcome="Failed">
    <Counters total="37" executed="37" passed="30" error="0" failed="7" timeout="0" aborted="0" inconclusive="0" passedButRunAborted="0" notRunnable="0" notExecuted="0" disconnected="0" warning="0" completed="0" inProgress="0" pending="0" />
    <RunInfos>
      <RunInfo computerName="DESKTOP-LTNHK23" outcome="Warning" timestamp="2019-11-14T14:06:25.1013030+07:00">
        <Text>Deployment is currently disabled. The deployment item 'testPM\testLogin.csv' on test 'testPM.TestLogin.TestCNLogin' was not deployed.</Text>
      </RunInfo>
    </RunInfos>
  </ResultSummary>
  <TestDefinitions>
    <UnitTest name="TestCNLogin" storage="c:\users\dell\desktop\dangnhap\testpm\bin\debug\testpm.dll" id="e7975907-abd7-c724-e54c-c8600f564d67">
      <DeploymentItems>
        <DeploymentItem filename="testPM\testLogin.csv" />
      </DeploymentItems>
      <Execution id="01491dfe-f0d4-4810-a363-e15e30296ed3" />
      <TestMethod codeBase="C:/Users/Dell/Desktop/Dangnhap/testPM/bin/Debug/testPM.DLL" adapterTypeName="Microsoft.VisualStudio.TestTools.TestTypes.Unit.UnitTestAdapter, Microsoft.VisualStudio.QualityTools.Tips.UnitTest.Adapter, Version=10.0.0.0, Culture=neutral, PublicKeyToken=b03f5f7f11d50a3a" className="testPM.TestLogin, testPM, Version=1.0.0.0, Culture=neutral, PublicKeyToken=null" name="TestCNLogin" />
      <DataSource connectionString="|DataDirectory|\testLogin.csv" providerInvariantName="Microsoft.VisualStudio.TestTools.DataSource.CSV" tableName="testLogin#csv" />
    </UnitTest>
    <UnitTest name="testThem" storage="c:\users\dell\desktop\dangnhap\testpm\bin\debug\testpm.dll" id="84b817a3-d9ea-4ee7-4bce-6233ff1a22ec">
      <DeploymentItems>
        <DeploymentItem filename="testPM\testThem.csv" />
      </DeploymentItems>
      <Execution id="02a29620-46cf-4511-b94b-25bbcafcf132" />
      <TestMethod codeBase="C:/Users/Dell/Desktop/Dangnhap/testPM/bin/Debug/testPM.DLL" adapterTypeName="Microsoft.VisualStudio.TestTools.TestTypes.Unit.UnitTestAdapter, Microsoft.VisualStudio.QualityTools.Tips.UnitTest.Adapter, Version=10.0.0.0, Culture=neutral, PublicKeyToken=b03f5f7f11d50a3a" className="testPM.Test_Them, testPM, Version=1.0.0.0, Culture=neutral, PublicKeyToken=null" name="testThem" />
      <DataSource connectionString="|DataDirectory|\testThem.csv" providerInvariantName="Microsoft.VisualStudio.TestTools.DataSource.CSV" tableName="testThem#csv" />
    </UnitTest>
    <UnitTest name="test_ThanhToan" storage="c:\users\dell\desktop\dangnhap\testpm\bin\debug\testpm.dll" id="2169934a-9f13-ee0b-caac-0e95b5225d2b">
      <DeploymentItems>
        <DeploymentItem filename="testPM\testThanhToan.csv" />
      </DeploymentItems>
      <Execution id="60af5ed5-7a33-45e7-95c5-8fb9a5c475df" />
      <TestMethod codeBase="C:/Users/Dell/Desktop/Dangnhap/testPM/bin/Debug/testPM.DLL" adapterTypeName="Microsoft.VisualStudio.TestTools.TestTypes.Unit.UnitTestAdapter, Microsoft.VisualStudio.QualityTools.Tips.UnitTest.Adapter, Version=10.0.0.0, Culture=neutral, PublicKeyToken=b03f5f7f11d50a3a" className="testPM.Test_ThanhToan, testPM, Version=1.0.0.0, Culture=neutral, PublicKeyToken=null" name="test_ThanhToan" />
      <DataSource connectionString="|DataDirectory|\testThanhToan.csv" providerInvariantName="Microsoft.VisualStudio.TestTools.DataSource.CSV" tableName="testThanhToan#csv" />
    </UnitTest>
    <UnitTest name="Testsua" storage="c:\users\dell\desktop\dangnhap\testpm\bin\debug\testpm.dll" id="582e6a3f-58c7-92d4-9551-1e46aed3632b">
      <DeploymentItems>
        <DeploymentItem filename="testPM\testsua.csv" />
      </DeploymentItems>
      <Execution id="1ace9b38-b2a5-4fd8-9fc9-c88753b22131" />
      <TestMethod codeBase="C:/Users/Dell/Desktop/Dangnhap/testPM/bin/Debug/testPM.DLL" adapterTypeName="Microsoft.VisualStudio.TestTools.TestTypes.Unit.UnitTestAdapter, Microsoft.VisualStudio.QualityTools.Tips.UnitTest.Adapter, Version=10.0.0.0, Culture=neutral, PublicKeyToken=b03f5f7f11d50a3a" className="testPM.Test_Sua, testPM, Version=1.0.0.0, Culture=neutral, PublicKeyToken=null" name="Testsua" />
      <DataSource connectionString="|DataDirectory|\testsua.csv" providerInvariantName="Microsoft.VisualStudio.TestTools.DataSource.CSV" tableName="testsua#csv" />
    </UnitTest>
    <UnitTest name="testThemMon" storage="c:\users\dell\desktop\dangnhap\testpm\bin\debug\testpm.dll" id="d126ba14-7fa7-4e78-7434-4a28ba2ec146">
      <DeploymentItems>
        <DeploymentItem filename="testPM\TestThemMon.csv" />
      </DeploymentItems>
      <Execution id="e1bc0240-7516-4417-9692-8db19ca7d701" />
      <TestMethod codeBase="C:/Users/Dell/Desktop/Dangnhap/testPM/bin/Debug/testPM.DLL" adapterTypeName="Microsoft.VisualStudio.TestTools.TestTypes.Unit.UnitTestAdapter, Microsoft.VisualStudio.QualityTools.Tips.UnitTest.Adapter, Version=10.0.0.0, Culture=neutral, PublicKeyToken=b03f5f7f11d50a3a" className="testPM.Test_ThemMon, testPM, Version=1.0.0.0, Culture=neutral, PublicKeyToken=null" name="testThemMon" />
      <DataSource connectionString="|DataDirectory|\TestThemMon.csv" providerInvariantName="Microsoft.VisualStudio.TestTools.DataSource.CSV" tableName="TestThemMon#csv" />
    </UnitTest>
    <UnitTest name="Testxoa" storage="c:\users\dell\desktop\dangnhap\testpm\bin\debug\testpm.dll" id="764f383b-c699-f502-7ad3-0926bd1b950d">
      <DeploymentItems>
        <DeploymentItem filename="testPM\testXoa.csv" />
      </DeploymentItems>
      <Execution id="e5ba1b9b-80e6-46d6-acff-23a4079c3707" />
      <TestMethod codeBase="C:/Users/Dell/Desktop/Dangnhap/testPM/bin/Debug/testPM.DLL" adapterTypeName="Microsoft.VisualStudio.TestTools.TestTypes.Unit.UnitTestAdapter, Microsoft.VisualStudio.QualityTools.Tips.UnitTest.Adapter, Version=10.0.0.0, Culture=neutral, PublicKeyToken=b03f5f7f11d50a3a" className="testPM.Test_Xoa, testPM, Version=1.0.0.0, Culture=neutral, PublicKeyToken=null" name="Testxoa" />
      <DataSource connectionString="|DataDirectory|\testXoa.csv" providerInvariantName="Microsoft.VisualStudio.TestTools.DataSource.CSV" tableName="testXoa#csv" />
    </UnitTest>
  </TestDefinitions>
  <TestLists>
    <TestList name="Results Not in a List" id="8c84fa94-04c1-424b-9868-57a2d4851a1d" />
    <TestList name="All Loaded Results" id="19431567-8539-422a-85d7-44ee4e166bda" />
  </TestLists>
  <TestEntries>
    <TestEntry testId="2169934a-9f13-ee0b-caac-0e95b5225d2b" executionId="60af5ed5-7a33-45e7-95c5-8fb9a5c475df" testListId="8c84fa94-04c1-424b-9868-57a2d4851a1d" />
    <TestEntry testId="582e6a3f-58c7-92d4-9551-1e46aed3632b" executionId="1ace9b38-b2a5-4fd8-9fc9-c88753b22131" testListId="8c84fa94-04c1-424b-9868-57a2d4851a1d" />
    <TestEntry testId="764f383b-c699-f502-7ad3-0926bd1b950d" executionId="e5ba1b9b-80e6-46d6-acff-23a4079c3707" testListId="8c84fa94-04c1-424b-9868-57a2d4851a1d" />
    <TestEntry testId="84b817a3-d9ea-4ee7-4bce-6233ff1a22ec" executionId="02a29620-46cf-4511-b94b-25bbcafcf132" testListId="8c84fa94-04c1-424b-9868-57a2d4851a1d" />
    <TestEntry testId="d126ba14-7fa7-4e78-7434-4a28ba2ec146" executionId="e1bc0240-7516-4417-9692-8db19ca7d701" testListId="8c84fa94-04c1-424b-9868-57a2d4851a1d" />
    <TestEntry testId="e7975907-abd7-c724-e54c-c8600f564d67" executionId="01491dfe-f0d4-4810-a363-e15e30296ed3" testListId="8c84fa94-04c1-424b-9868-57a2d4851a1d" />
  </TestEntries>
  <Results>
    <UnitTestResult executionId="60af5ed5-7a33-45e7-95c5-8fb9a5c475df" testId="2169934a-9f13-ee0b-caac-0e95b5225d2b" testName="test_ThanhToan" computerName="DESKTOP-LTNHK23" duration="00:00:00.3004706" startTime="2019-11-14T14:06:25.1212939+07:00" endTime="2019-11-14T14:06:25.8151289+07:00" testType="13cdc9d9-ddb5-4fa4-a97d-d965ccfc6d4b" outcome="Passed" testListId="8c84fa94-04c1-424b-9868-57a2d4851a1d" relativeResultsDirectory="60af5ed5-7a33-45e7-95c5-8fb9a5c475df" resultType="DataDrivenTest">
      <Counters error="0" failed="0" timeout="0" aborted="0" inconclusive="0" passedButRunAborted="0" notRunnable="0" notExecuted="0" disconnected="0" warning="0" passed="5" completed="0" inProgress="0" pending="0" />
      <InnerResults>
        <UnitTestResult executionId="12279109-d5d7-49f5-bc5e-c2d84218c804" parentExecutionId="60af5ed5-7a33-45e7-95c5-8fb9a5c475df" testId="2169934a-9f13-ee0b-caac-0e95b5225d2b" testName="test_ThanhToan" computerName="DESKTOP-LTNHK23" duration="00:00:00.1299180" startTime="2019-11-14T14:06:25.6571702+07:00" endTime="2019-11-14T14:06:25.7921283+07:00" testType="13cdc9d9-ddb5-4fa4-a97d-d965ccfc6d4b" outcome="Passed" testListId="8c84fa94-04c1-424b-9868-57a2d4851a1d" relativeResultsDirectory="60af5ed5-7a33-45e7-95c5-8fb9a5c475df" dataRowInfo="0" resultType="DataDrivenDataRow" />
        <UnitTestResult executionId="d2ee217a-49a4-4e89-954f-40947a638172" parentExecutionId="60af5ed5-7a33-45e7-95c5-8fb9a5c475df" testId="2169934a-9f13-ee0b-caac-0e95b5225d2b" testName="test_ThanhToan" computerName="DESKTOP-LTNHK23" duration="00:00:00.0007982" startTime="2019-11-14T14:06:25.7921283+07:00" endTime="2019-11-14T14:06:25.7931145+07:00" testType="13cdc9d9-ddb5-4fa4-a97d-d965ccfc6d4b" outcome="Passed" testListId="8c84fa94-04c1-424b-9868-57a2d4851a1d" relativeResultsDirectory="60af5ed5-7a33-45e7-95c5-8fb9a5c475df" dataRowInfo="1" resultType="DataDrivenDataRow" />
        <UnitTestResult executionId="d48ab2a1-d041-489b-895d-1fb25fbdd8e0" parentExecutionId="60af5ed5-7a33-45e7-95c5-8fb9a5c475df" testId="2169934a-9f13-ee0b-caac-0e95b5225d2b" testName="test_ThanhToan" computerName="DESKTOP-LTNHK23" duration="00:00:00.0000410" startTime="2019-11-14T14:06:25.7931145+07:00" endTime="2019-11-14T14:06:25.7931145+07:00" testType="13cdc9d9-ddb5-4fa4-a97d-d965ccfc6d4b" outcome="Passed" testListId="8c84fa94-04c1-424b-9868-57a2d4851a1d" relativeResultsDirectory="60af5ed5-7a33-45e7-95c5-8fb9a5c475df" dataRowInfo="2" resultType="DataDrivenDataRow" />
        <UnitTestResult executionId="3e653d68-9a5f-485b-b4b1-5390e70654e8" parentExecutionId="60af5ed5-7a33-45e7-95c5-8fb9a5c475df" testId="2169934a-9f13-ee0b-caac-0e95b5225d2b" testName="test_ThanhToan" computerName="DESKTOP-LTNHK23" duration="00:00:00.0000227" startTime="2019-11-14T14:06:25.7931145+07:00" endTime="2019-11-14T14:06:25.7931145+07:00" testType="13cdc9d9-ddb5-4fa4-a97d-d965ccfc6d4b" outcome="Passed" testListId="8c84fa94-04c1-424b-9868-57a2d4851a1d" relativeResultsDirectory="60af5ed5-7a33-45e7-95c5-8fb9a5c475df" dataRowInfo="3" resultType="DataDrivenDataRow" />
        <UnitTestResult executionId="d3f3bed6-0c9c-4e41-9525-045a3c3b9227" parentExecutionId="60af5ed5-7a33-45e7-95c5-8fb9a5c475df" testId="2169934a-9f13-ee0b-caac-0e95b5225d2b" testName="test_ThanhToan" computerName="DESKTOP-LTNHK23" duration="00:00:00.0000122" startTime="2019-11-14T14:06:25.7931145+07:00" endTime="2019-11-14T14:06:25.7931145+07:00" testType="13cdc9d9-ddb5-4fa4-a97d-d965ccfc6d4b" outcome="Passed" testListId="8c84fa94-04c1-424b-9868-57a2d4851a1d" relativeResultsDirectory="60af5ed5-7a33-45e7-95c5-8fb9a5c475df" dataRowInfo="4" resultType="DataDrivenDataRow" />
      </InnerResults>
    </UnitTestResult>
    <UnitTestResult executionId="1ace9b38-b2a5-4fd8-9fc9-c88753b22131" testId="582e6a3f-58c7-92d4-9551-1e46aed3632b" testName="Testsua" computerName="DESKTOP-LTNHK23" duration="00:00:00.2636732" startTime="2019-11-14T14:06:25.8231021+07:00" endTime="2019-11-14T14:06:26.1010138+07:00" testType="13cdc9d9-ddb5-4fa4-a97d-d965ccfc6d4b" outcome="Failed" testListId="8c84fa94-04c1-424b-9868-57a2d4851a1d" relativeResultsDirectory="1ace9b38-b2a5-4fd8-9fc9-c88753b22131" resultType="DataDrivenTest">
      <Counters error="0" failed="2" timeout="0" aborted="0" inconclusive="0" passedButRunAborted="0" notRunnable="0" notExecuted="0" disconnected="0" warning="0" passed="0" completed="0" inProgress="0" pending="0" />
      <InnerResults>
        <UnitTestResult executionId="bd06fc39-ded9-47d7-bec3-4a7e87d0772e" parentExecutionId="1ace9b38-b2a5-4fd8-9fc9-c88753b22131" testId="582e6a3f-58c7-92d4-9551-1e46aed3632b" testName="Testsua" computerName="DESKTOP-LTNHK23" duration="00:00:00.0813951" startTime="2019-11-14T14:06:25.9720544+07:00" endTime="2019-11-14T14:06:26.0530297+07:00" testType="13cdc9d9-ddb5-4fa4-a97d-d965ccfc6d4b" outcome="Failed" testListId="8c84fa94-04c1-424b-9868-57a2d4851a1d" relativeResultsDirectory="1ace9b38-b2a5-4fd8-9fc9-c88753b22131" dataRowInfo="0" resultType="DataDrivenDataRow">
          <Output>
            <ErrorInfo>
              <Message>Assert.AreEqual failed. Expected:&lt;True&gt;. Actual:&lt;False&gt;. </Message>
              <StackTrace>   at testPM.Test_Sua.Testsua() in C:\Users\Dell\Desktop\Dangnhap\testPM\Test_Sua.cs:line 28
</StackTrace>
            </ErrorInfo>
          </Output>
        </UnitTestResult>
        <UnitTestResult executionId="e17e5e37-59ff-4616-974f-d4f2365879d9" parentExecutionId="1ace9b38-b2a5-4fd8-9fc9-c88753b22131" testId="582e6a3f-58c7-92d4-9551-1e46aed3632b" testName="Testsua" computerName="DESKTOP-LTNHK23" duration="00:00:00.0353555" startTime="2019-11-14T14:06:26.0530297+07:00" endTime="2019-11-14T14:06:26.0890175+07:00" testType="13cdc9d9-ddb5-4fa4-a97d-d965ccfc6d4b" outcome="Failed" testListId="8c84fa94-04c1-424b-9868-57a2d4851a1d" relativeResultsDirectory="1ace9b38-b2a5-4fd8-9fc9-c88753b22131" dataRowInfo="1" resultType="DataDrivenDataRow">
          <Output>
            <ErrorInfo>
              <Message>Assert.AreEqual failed. Expected:&lt;True&gt;. Actual:&lt;False&gt;. </Message>
              <StackTrace>   at testPM.Test_Sua.Testsua() in C:\Users\Dell\Desktop\Dangnhap\testPM\Test_Sua.cs:line 28
</StackTrace>
            </ErrorInfo>
          </Output>
        </UnitTestResult>
      </InnerResults>
    </UnitTestResult>
    <UnitTestResult executionId="e5ba1b9b-80e6-46d6-acff-23a4079c3707" testId="764f383b-c699-f502-7ad3-0926bd1b950d" testName="Testxoa" computerName="DESKTOP-LTNHK23" duration="00:00:00.2046989" startTime="2019-11-14T14:06:26.1120106+07:00" endTime="2019-11-14T14:06:26.3349413+07:00" testType="13cdc9d9-ddb5-4fa4-a97d-d965ccfc6d4b" outcome="Failed" testListId="8c84fa94-04c1-424b-9868-57a2d4851a1d" relativeResultsDirectory="e5ba1b9b-80e6-46d6-acff-23a4079c3707" resultType="DataDrivenTest">
      <Counters error="0" failed="1" timeout="0" aborted="0" inconclusive="0" passedButRunAborted="0" notRunnable="0" notExecuted="0" disconnected="0" warning="0" passed="0" completed="0" inProgress="0" pending="0" />
      <InnerResults>
        <UnitTestResult executionId="f3cf3482-fb0a-484e-9092-cfc46017393e" parentExecutionId="e5ba1b9b-80e6-46d6-acff-23a4079c3707" testId="764f383b-c699-f502-7ad3-0926bd1b950d" testName="Testxoa" computerName="DESKTOP-LTNHK23" duration="00:00:00.0318354" startTime="2019-11-14T14:06:26.2989516+07:00" endTime="2019-11-14T14:06:26.3309438+07:00" testType="13cdc9d9-ddb5-4fa4-a97d-d965ccfc6d4b" outcome="Failed" testListId="8c84fa94-04c1-424b-9868-57a2d4851a1d" relativeResultsDirectory="e5ba1b9b-80e6-46d6-acff-23a4079c3707" dataRowInfo="0" resultType="DataDrivenDataRow">
          <Output>
            <ErrorInfo>
              <Message>Assert.AreEqual failed. Expected:&lt;True&gt;. Actual:&lt;False&gt;. </Message>
              <StackTrace>   at testPM.Test_Xoa.Testxoa() in C:\Users\Dell\Desktop\Dangnhap\testPM\Test_Xoa.cs:line 24
</StackTrace>
            </ErrorInfo>
          </Output>
        </UnitTestResult>
      </InnerResults>
    </UnitTestResult>
    <UnitTestResult executionId="02a29620-46cf-4511-b94b-25bbcafcf132" testId="84b817a3-d9ea-4ee7-4bce-6233ff1a22ec" testName="testThem" computerName="DESKTOP-LTNHK23" duration="00:00:00.2206118" startTime="2019-11-14T14:06:26.3419648+07:00" endTime="2019-11-14T14:06:26.5708653+07:00" testType="13cdc9d9-ddb5-4fa4-a97d-d965ccfc6d4b" outcome="Passed" testListId="8c84fa94-04c1-424b-9868-57a2d4851a1d" relativeResultsDirectory="02a29620-46cf-4511-b94b-25bbcafcf132" resultType="DataDrivenTest">
      <Counters error="0" failed="0" timeout="0" aborted="0" inconclusive="0" passedButRunAborted="0" notRunnable="0" notExecuted="0" disconnected="0" warning="0" passed="2" completed="0" inProgress="0" pending="0" />
      <InnerResults>
        <UnitTestResult executionId="91f9cba3-2cfe-4a67-bad1-de18fde3cf6f" parentExecutionId="02a29620-46cf-4511-b94b-25bbcafcf132" testId="84b817a3-d9ea-4ee7-4bce-6233ff1a22ec" testName="testThem" computerName="DESKTOP-LTNHK23" duration="00:00:00.0297585" startTime="2019-11-14T14:06:26.5078833+07:00" endTime="2019-11-14T14:06:26.5368816+07:00" testType="13cdc9d9-ddb5-4fa4-a97d-d965ccfc6d4b" outcome="Passed" testListId="8c84fa94-04c1-424b-9868-57a2d4851a1d" relativeResultsDirectory="02a29620-46cf-4511-b94b-25bbcafcf132" dataRowInfo="0" resultType="DataDrivenDataRow" />
        <UnitTestResult executionId="1da771a6-3955-4a72-9e7b-bcb932e803b3" parentExecutionId="02a29620-46cf-4511-b94b-25bbcafcf132" testId="84b817a3-d9ea-4ee7-4bce-6233ff1a22ec" testName="testThem" computerName="DESKTOP-LTNHK23" duration="00:00:00.0277333" startTime="2019-11-14T14:06:26.5368816+07:00" endTime="2019-11-14T14:06:26.5648692+07:00" testType="13cdc9d9-ddb5-4fa4-a97d-d965ccfc6d4b" outcome="Passed" testListId="8c84fa94-04c1-424b-9868-57a2d4851a1d" relativeResultsDirectory="02a29620-46cf-4511-b94b-25bbcafcf132" dataRowInfo="1" resultType="DataDrivenDataRow" />
      </InnerResults>
    </UnitTestResult>
    <UnitTestResult executionId="e1bc0240-7516-4417-9692-8db19ca7d701" testId="d126ba14-7fa7-4e78-7434-4a28ba2ec146" testName="testThemMon" computerName="DESKTOP-LTNHK23" duration="00:00:00.1690437" startTime="2019-11-14T14:06:26.5788627+07:00" endTime="2019-11-14T14:06:26.7688001+07:00" testType="13cdc9d9-ddb5-4fa4-a97d-d965ccfc6d4b" outcome="Passed" testListId="8c84fa94-04c1-424b-9868-57a2d4851a1d" relativeResultsDirectory="e1bc0240-7516-4417-9692-8db19ca7d701" resultType="DataDrivenTest">
      <Counters error="0" failed="0" timeout="0" aborted="0" inconclusive="0" passedButRunAborted="0" notRunnable="0" notExecuted="0" disconnected="0" warning="0" passed="6" completed="0" inProgress="0" pending="0" />
      <InnerResults>
        <UnitTestResult executionId="7ba7915c-b57e-443d-b72a-9cfc835ea639" parentExecutionId="e1bc0240-7516-4417-9692-8db19ca7d701" testId="d126ba14-7fa7-4e78-7434-4a28ba2ec146" testName="testThemMon" computerName="DESKTOP-LTNHK23" duration="00:00:00.0018116" startTime="2019-11-14T14:06:26.7398130+07:00" endTime="2019-11-14T14:06:26.7418331+07:00" testType="13cdc9d9-ddb5-4fa4-a97d-d965ccfc6d4b" outcome="Passed" testListId="8c84fa94-04c1-424b-9868-57a2d4851a1d" relativeResultsDirectory="e1bc0240-7516-4417-9692-8db19ca7d701" dataRowInfo="0" resultType="DataDrivenDataRow" />
        <UnitTestResult executionId="c26011ff-5f28-4a4c-b891-a84d044a5caf" parentExecutionId="e1bc0240-7516-4417-9692-8db19ca7d701" testId="d126ba14-7fa7-4e78-7434-4a28ba2ec146" testName="testThemMon" computerName="DESKTOP-LTNHK23" duration="00:00:00.0089280" startTime="2019-11-14T14:06:26.7418331+07:00" endTime="2019-11-14T14:06:26.7508078+07:00" testType="13cdc9d9-ddb5-4fa4-a97d-d965ccfc6d4b" outcome="Passed" testListId="8c84fa94-04c1-424b-9868-57a2d4851a1d" relativeResultsDirectory="e1bc0240-7516-4417-9692-8db19ca7d701" dataRowInfo="1" resultType="DataDrivenDataRow" />
        <UnitTestResult executionId="6258c766-0990-4688-8e9d-7cf71702bb72" parentExecutionId="e1bc0240-7516-4417-9692-8db19ca7d701" testId="d126ba14-7fa7-4e78-7434-4a28ba2ec146" testName="testThemMon" computerName="DESKTOP-LTNHK23" duration="00:00:00.0000547" startTime="2019-11-14T14:06:26.7508078+07:00" endTime="2019-11-14T14:06:26.7508078+07:00" testType="13cdc9d9-ddb5-4fa4-a97d-d965ccfc6d4b" outcome="Passed" testListId="8c84fa94-04c1-424b-9868-57a2d4851a1d" relativeResultsDirectory="e1bc0240-7516-4417-9692-8db19ca7d701" dataRowInfo="2" resultType="DataDrivenDataRow" />
        <UnitTestResult executionId="1f0dddb8-c119-475c-8e08-6892dc1973f5" parentExecutionId="e1bc0240-7516-4417-9692-8db19ca7d701" testId="d126ba14-7fa7-4e78-7434-4a28ba2ec146" testName="testThemMon" computerName="DESKTOP-LTNHK23" duration="00:00:00.0000483" startTime="2019-11-14T14:06:26.7508078+07:00" endTime="2019-11-14T14:06:26.7508078+07:00" testType="13cdc9d9-ddb5-4fa4-a97d-d965ccfc6d4b" outcome="Passed" testListId="8c84fa94-04c1-424b-9868-57a2d4851a1d" relativeResultsDirectory="e1bc0240-7516-4417-9692-8db19ca7d701" dataRowInfo="3" resultType="DataDrivenDataRow" />
        <UnitTestResult executionId="c547e5ed-2aeb-49e1-8cbb-cb7a46c0a7b0" parentExecutionId="e1bc0240-7516-4417-9692-8db19ca7d701" testId="d126ba14-7fa7-4e78-7434-4a28ba2ec146" testName="testThemMon" computerName="DESKTOP-LTNHK23" duration="00:00:00.0000377" startTime="2019-11-14T14:06:26.7508078+07:00" endTime="2019-11-14T14:06:26.7508078+07:00" testType="13cdc9d9-ddb5-4fa4-a97d-d965ccfc6d4b" outcome="Passed" testListId="8c84fa94-04c1-424b-9868-57a2d4851a1d" relativeResultsDirectory="e1bc0240-7516-4417-9692-8db19ca7d701" dataRowInfo="4" resultType="DataDrivenDataRow" />
        <UnitTestResult executionId="dc562fcf-9221-4d67-98d7-9d561705a73d" parentExecutionId="e1bc0240-7516-4417-9692-8db19ca7d701" testId="d126ba14-7fa7-4e78-7434-4a28ba2ec146" testName="testThemMon" computerName="DESKTOP-LTNHK23" duration="00:00:00.0000192" startTime="2019-11-14T14:06:26.7508078+07:00" endTime="2019-11-14T14:06:26.7508078+07:00" testType="13cdc9d9-ddb5-4fa4-a97d-d965ccfc6d4b" outcome="Passed" testListId="8c84fa94-04c1-424b-9868-57a2d4851a1d" relativeResultsDirectory="e1bc0240-7516-4417-9692-8db19ca7d701" dataRowInfo="5" resultType="DataDrivenDataRow" />
      </InnerResults>
    </UnitTestResult>
    <UnitTestResult executionId="01491dfe-f0d4-4810-a363-e15e30296ed3" testId="e7975907-abd7-c724-e54c-c8600f564d67" testName="TestCNLogin" computerName="DESKTOP-LTNHK23" duration="00:00:00.1572872" startTime="2019-11-14T14:06:26.7777980+07:00" endTime="2019-11-14T14:06:26.9578664+07:00" testType="13cdc9d9-ddb5-4fa4-a97d-d965ccfc6d4b" outcome="Failed" testListId="8c84fa94-04c1-424b-9868-57a2d4851a1d" relativeResultsDirectory="01491dfe-f0d4-4810-a363-e15e30296ed3" resultType="DataDrivenTest">
      <Counters error="0" failed="1" timeout="0" aborted="0" inconclusive="0" passedButRunAborted="0" notRunnable="0" notExecuted="0" disconnected="0" warning="0" passed="14" completed="0" inProgress="0" pending="0" />
      <InnerResults>
        <UnitTestResult executionId="ff718c56-4f01-4b5e-96da-f0e960a53f68" parentExecutionId="01491dfe-f0d4-4810-a363-e15e30296ed3" testId="e7975907-abd7-c724-e54c-c8600f564d67" testName="TestCNLogin" computerName="DESKTOP-LTNHK23" duration="00:00:00.0062881" startTime="2019-11-14T14:06:26.9127746+07:00" endTime="2019-11-14T14:06:26.9191224+07:00" testType="13cdc9d9-ddb5-4fa4-a97d-d965ccfc6d4b" outcome="Passed" testListId="8c84fa94-04c1-424b-9868-57a2d4851a1d" relativeResultsDirectory="01491dfe-f0d4-4810-a363-e15e30296ed3" dataRowInfo="0" resultType="DataDrivenDataRow" />
        <UnitTestResult executionId="7985240f-0b84-4da3-9352-f13d3634995b" parentExecutionId="01491dfe-f0d4-4810-a363-e15e30296ed3" testId="e7975907-abd7-c724-e54c-c8600f564d67" testName="TestCNLogin" computerName="DESKTOP-LTNHK23" duration="00:00:00.0010020" startTime="2019-11-14T14:06:26.9191224+07:00" endTime="2019-11-14T14:06:26.9201280+07:00" testType="13cdc9d9-ddb5-4fa4-a97d-d965ccfc6d4b" outcome="Passed" testListId="8c84fa94-04c1-424b-9868-57a2d4851a1d" relativeResultsDirectory="01491dfe-f0d4-4810-a363-e15e30296ed3" dataRowInfo="1" resultType="DataDrivenDataRow" />
        <UnitTestResult executionId="f71e36ec-fadc-47f8-b524-a533b15df5bc" parentExecutionId="01491dfe-f0d4-4810-a363-e15e30296ed3" testId="e7975907-abd7-c724-e54c-c8600f564d67" testName="TestCNLogin" computerName="DESKTOP-LTNHK23" duration="00:00:00.0009131" startTime="2019-11-14T14:06:26.9201280+07:00" endTime="2019-11-14T14:06:26.9211276+07:00" testType="13cdc9d9-ddb5-4fa4-a97d-d965ccfc6d4b" outcome="Passed" testListId="8c84fa94-04c1-424b-9868-57a2d4851a1d" relativeResultsDirectory="01491dfe-f0d4-4810-a363-e15e30296ed3" dataRowInfo="2" resultType="DataDrivenDataRow" />
        <UnitTestResult executionId="8a5a1aba-77a2-4f9a-85b8-92e9ec8736e6" parentExecutionId="01491dfe-f0d4-4810-a363-e15e30296ed3" testId="e7975907-abd7-c724-e54c-c8600f564d67" testName="TestCNLogin" computerName="DESKTOP-LTNHK23" duration="00:00:00.0009145" startTime="2019-11-14T14:06:26.9211276+07:00" endTime="2019-11-14T14:06:26.9221410+07:00" testType="13cdc9d9-ddb5-4fa4-a97d-d965ccfc6d4b" outcome="Passed" testListId="8c84fa94-04c1-424b-9868-57a2d4851a1d" relativeResultsDirectory="01491dfe-f0d4-4810-a363-e15e30296ed3" dataRowInfo="3" resultType="DataDrivenDataRow" />
        <UnitTestResult executionId="609dc9ef-467a-47f6-a1da-740942511877" parentExecutionId="01491dfe-f0d4-4810-a363-e15e30296ed3" testId="e7975907-abd7-c724-e54c-c8600f564d67" testName="TestCNLogin" computerName="DESKTOP-LTNHK23" duration="00:00:00.0009222" startTime="2019-11-14T14:06:26.9221410+07:00" endTime="2019-11-14T14:06:26.9221410+07:00" testType="13cdc9d9-ddb5-4fa4-a97d-d965ccfc6d4b" outcome="Passed" testListId="8c84fa94-04c1-424b-9868-57a2d4851a1d" relativeResultsDirectory="01491dfe-f0d4-4810-a363-e15e30296ed3" dataRowInfo="4" resultType="DataDrivenDataRow" />
        <UnitTestResult executionId="06900717-7692-4c16-96ce-f8431e7d80ed" parentExecutionId="01491dfe-f0d4-4810-a363-e15e30296ed3" testId="e7975907-abd7-c724-e54c-c8600f564d67" testName="TestCNLogin" computerName="DESKTOP-LTNHK23" duration="00:00:00.0009066" startTime="2019-11-14T14:06:26.9221410+07:00" endTime="2019-11-14T14:06:26.9231403+07:00" testType="13cdc9d9-ddb5-4fa4-a97d-d965ccfc6d4b" outcome="Passed" testListId="8c84fa94-04c1-424b-9868-57a2d4851a1d" relativeResultsDirectory="01491dfe-f0d4-4810-a363-e15e30296ed3" dataRowInfo="5" resultType="DataDrivenDataRow" />
        <UnitTestResult executionId="1bab7fe0-9324-411a-b371-61bcec453b4f" parentExecutionId="01491dfe-f0d4-4810-a363-e15e30296ed3" testId="e7975907-abd7-c724-e54c-c8600f564d67" testName="TestCNLogin" computerName="DESKTOP-LTNHK23" duration="00:00:00.0009126" startTime="2019-11-14T14:06:26.9231403+07:00" endTime="2019-11-14T14:06:26.9248741+07:00" testType="13cdc9d9-ddb5-4fa4-a97d-d965ccfc6d4b" outcome="Passed" testListId="8c84fa94-04c1-424b-9868-57a2d4851a1d" relativeResultsDirectory="01491dfe-f0d4-4810-a363-e15e30296ed3" dataRowInfo="6" resultType="DataDrivenDataRow" />
        <UnitTestResult executionId="0f4c1abd-15fa-471d-9e48-73d73184e9ca" parentExecutionId="01491dfe-f0d4-4810-a363-e15e30296ed3" testId="e7975907-abd7-c724-e54c-c8600f564d67" testName="TestCNLogin" computerName="DESKTOP-LTNHK23" duration="00:00:00.0008837" startTime="2019-11-14T14:06:26.9248741+07:00" endTime="2019-11-14T14:06:26.9248741+07:00" testType="13cdc9d9-ddb5-4fa4-a97d-d965ccfc6d4b" outcome="Passed" testListId="8c84fa94-04c1-424b-9868-57a2d4851a1d" relativeResultsDirectory="01491dfe-f0d4-4810-a363-e15e30296ed3" dataRowInfo="7" resultType="DataDrivenDataRow" />
        <UnitTestResult executionId="d57e37ce-f7ec-40d9-85f2-912af8ba5669" parentExecutionId="01491dfe-f0d4-4810-a363-e15e30296ed3" testId="e7975907-abd7-c724-e54c-c8600f564d67" testName="TestCNLogin" computerName="DESKTOP-LTNHK23" duration="00:00:00.0008883" startTime="2019-11-14T14:06:26.9248741+07:00" endTime="2019-11-14T14:06:26.9258768+07:00" testType="13cdc9d9-ddb5-4fa4-a97d-d965ccfc6d4b" outcome="Passed" testListId="8c84fa94-04c1-424b-9868-57a2d4851a1d" relativeResultsDirectory="01491dfe-f0d4-4810-a363-e15e30296ed3" dataRowInfo="8" resultType="DataDrivenDataRow" />
        <UnitTestResult executionId="c002bf63-03b6-4fa5-acc9-c3590f98a5a9" parentExecutionId="01491dfe-f0d4-4810-a363-e15e30296ed3" testId="e7975907-abd7-c724-e54c-c8600f564d67" testName="TestCNLogin" computerName="DESKTOP-LTNHK23" duration="00:00:00.0023370" startTime="2019-11-14T14:06:26.9258768+07:00" endTime="2019-11-14T14:06:26.9288759+07:00" testType="13cdc9d9-ddb5-4fa4-a97d-d965ccfc6d4b" outcome="Passed" testListId="8c84fa94-04c1-424b-9868-57a2d4851a1d" relativeResultsDirectory="01491dfe-f0d4-4810-a363-e15e30296ed3" dataRowInfo="9" resultType="DataDrivenDataRow" />
        <UnitTestResult executionId="03013ce4-0b6b-4e5f-b20b-445bfa9d0722" parentExecutionId="01491dfe-f0d4-4810-a363-e15e30296ed3" testId="e7975907-abd7-c724-e54c-c8600f564d67" testName="TestCNLogin" computerName="DESKTOP-LTNHK23" duration="00:00:00.0017795" startTime="2019-11-14T14:06:26.9288759+07:00" endTime="2019-11-14T14:06:26.9308751+07:00" testType="13cdc9d9-ddb5-4fa4-a97d-d965ccfc6d4b" outcome="Passed" testListId="8c84fa94-04c1-424b-9868-57a2d4851a1d" relativeResultsDirectory="01491dfe-f0d4-4810-a363-e15e30296ed3" dataRowInfo="10" resultType="DataDrivenDataRow" />
        <UnitTestResult executionId="ff08131b-4ef2-4503-a38c-d510a17b4ce4" parentExecutionId="01491dfe-f0d4-4810-a363-e15e30296ed3" testId="e7975907-abd7-c724-e54c-c8600f564d67" testName="TestCNLogin" computerName="DESKTOP-LTNHK23" duration="00:00:00.0009375" startTime="2019-11-14T14:06:26.9308751+07:00" endTime="2019-11-14T14:06:26.9308751+07:00" testType="13cdc9d9-ddb5-4fa4-a97d-d965ccfc6d4b" outcome="Passed" testListId="8c84fa94-04c1-424b-9868-57a2d4851a1d" relativeResultsDirectory="01491dfe-f0d4-4810-a363-e15e30296ed3" dataRowInfo="11" resultType="DataDrivenDataRow" />
        <UnitTestResult executionId="f4becb97-80c5-4570-a2f7-777f7ecae1f7" parentExecutionId="01491dfe-f0d4-4810-a363-e15e30296ed3" testId="e7975907-abd7-c724-e54c-c8600f564d67" testName="TestCNLogin" computerName="DESKTOP-LTNHK23" duration="00:00:00.0010072" startTime="2019-11-14T14:06:26.9318750+07:00" endTime="2019-11-14T14:06:26.9328990+07:00" testType="13cdc9d9-ddb5-4fa4-a97d-d965ccfc6d4b" outcome="Passed" testListId="8c84fa94-04c1-424b-9868-57a2d4851a1d" relativeResultsDirectory="01491dfe-f0d4-4810-a363-e15e30296ed3" dataRowInfo="12" resultType="DataDrivenDataRow" />
        <UnitTestResult executionId="9830e724-c9ac-440f-8b6e-087ccb4b3d18" parentExecutionId="01491dfe-f0d4-4810-a363-e15e30296ed3" testId="e7975907-abd7-c724-e54c-c8600f564d67" testName="TestCNLogin" computerName="DESKTOP-LTNHK23" duration="00:00:00.0009887" startTime="2019-11-14T14:06:26.9328990+07:00" endTime="2019-11-14T14:06:26.9338741+07:00" testType="13cdc9d9-ddb5-4fa4-a97d-d965ccfc6d4b" outcome="Passed" testListId="8c84fa94-04c1-424b-9868-57a2d4851a1d" relativeResultsDirectory="01491dfe-f0d4-4810-a363-e15e30296ed3" dataRowInfo="13" resultType="DataDrivenDataRow" />
        <UnitTestResult executionId="1eece613-20e3-41e0-8235-d53319d06f0a" parentExecutionId="01491dfe-f0d4-4810-a363-e15e30296ed3" testId="e7975907-abd7-c724-e54c-c8600f564d67" testName="TestCNLogin" computerName="DESKTOP-LTNHK23" duration="00:00:00.0043234" startTime="2019-11-14T14:06:26.9338741+07:00" endTime="2019-11-14T14:06:26.9378730+07:00" testType="13cdc9d9-ddb5-4fa4-a97d-d965ccfc6d4b" outcome="Failed" testListId="8c84fa94-04c1-424b-9868-57a2d4851a1d" relativeResultsDirectory="01491dfe-f0d4-4810-a363-e15e30296ed3" dataRowInfo="14" resultType="DataDrivenDataRow">
          <Output>
            <ErrorInfo>
              <Message>Test method testPM.TestLogin.TestCNLogin threw exception: 
System.InvalidOperationException: số kí tự quá lớn</Message>
              <StackTrace>    at testPM.TestLogin.TestCNLogin() in C:\Users\Dell\Desktop\Dangnhap\testPM\Test_Login.cs:line 27
</StackTrace>
            </ErrorInfo>
          </Output>
        </UnitTestResult>
      </InnerResults>
    </UnitTestResult>
  </Results>
</TestRun>