<?xml version="1.0" encoding="UTF-8"?>
<TestRun id="33ab9a68-d1e5-406f-829b-21db62935e31" name="Dell@DESKTOP-LTNHK23 2019-11-15 00:21:06" runUser="DESKTOP-LTNHK23\Dell" xmlns="http://microsoft.com/schemas/VisualStudio/TeamTest/2010">
  <TestSettings name="Local" id="cea33156-e72c-4d1b-a57b-eb1a5b3c21c1">
    <Description>These are default test settings for a local test run.</Description>
    <Deployment enabled="false" runDeploymentRoot="Dell_DESKTOP-LTNHK23 2019-11-15 00_21_06">
      <DeploymentItem filename="C:\Users\Dell\Desktop\Dangnhap\Dangnhap\bin\Debug\Dangnhap.exe" />
    </Deployment>
    <Execution>
      <TestTypeSpecific />
      <AgentRule name="Execution Agents">
      </AgentRule>
    </Execution>
  </TestSettings>
  <Times creation="2019-11-15T00:21:06.6970211+07:00" queuing="2019-11-15T00:21:06.7169967+07:00" start="2019-11-15T00:21:06.7239929+07:00" finish="2019-11-15T00:21:08.4734354+07:00" />
  <ResultSummary outcome="Failed">
    <Counters total="48" executed="48" passed="33" error="0" failed="15" timeout="0" aborted="0" inconclusive="0" passedButRunAborted="0" notRunnable="0" notExecuted="0" disconnected="0" warning="0" completed="0" inProgress="0" pending="0" />
    <RunInfos>
      <RunInfo computerName="DESKTOP-LTNHK23" outcome="Warning" timestamp="2019-11-15T00:21:06.7169967+07:00">
        <Text>Deployment is currently disabled. The deployment item 'testPM\testLogin.csv' on test 'testPM.TestLogin.TestCNLogin' was not deployed.</Text>
      </RunInfo>
    </RunInfos>
  </ResultSummary>
  <TestDefinitions>
    <UnitTest name="TestCNLogin" storage="c:\users\dell\desktop\dangnhap\testpm\bin\debug\testpm.dll" id="e7975907-abd7-c724-e54c-c8600f564d67">
      <DeploymentItems>
        <DeploymentItem filename="testPM\testLogin.csv" />
      </DeploymentItems>
      <Execution id="aa158d28-c536-4c1b-9b17-ed53748bcd26" />
      <TestMethod codeBase="C:/Users/Dell/Desktop/Dangnhap/testPM/bin/Debug/testPM.DLL" adapterTypeName="Microsoft.VisualStudio.TestTools.TestTypes.Unit.UnitTestAdapter, Microsoft.VisualStudio.QualityTools.Tips.UnitTest.Adapter, Version=10.0.0.0, Culture=neutral, PublicKeyToken=b03f5f7f11d50a3a" className="testPM.TestLogin, testPM, Version=1.0.0.0, Culture=neutral, PublicKeyToken=null" name="TestCNLogin" />
      <DataSource connectionString="|DataDirectory|\testLogin.csv" providerInvariantName="Microsoft.VisualStudio.TestTools.DataSource.CSV" tableName="testLogin#csv" />
    </UnitTest>
    <UnitTest name="testThem" storage="c:\users\dell\desktop\dangnhap\testpm\bin\debug\testpm.dll" id="84b817a3-d9ea-4ee7-4bce-6233ff1a22ec">
      <DeploymentItems>
        <DeploymentItem filename="testPM\testThem.csv" />
      </DeploymentItems>
      <Execution id="3970b5f7-fc57-488d-9ba2-70b8ae4e8643" />
      <TestMethod codeBase="C:/Users/Dell/Desktop/Dangnhap/testPM/bin/Debug/testPM.DLL" adapterTypeName="Microsoft.VisualStudio.TestTools.TestTypes.Unit.UnitTestAdapter, Microsoft.VisualStudio.QualityTools.Tips.UnitTest.Adapter, Version=10.0.0.0, Culture=neutral, PublicKeyToken=b03f5f7f11d50a3a" className="testPM.Test_Them, testPM, Version=1.0.0.0, Culture=neutral, PublicKeyToken=null" name="testThem" />
      <DataSource connectionString="|DataDirectory|\testThem.csv" providerInvariantName="Microsoft.VisualStudio.TestTools.DataSource.CSV" tableName="testThem#csv" />
    </UnitTest>
    <UnitTest name="test_ThanhToan" storage="c:\users\dell\desktop\dangnhap\testpm\bin\debug\testpm.dll" id="2169934a-9f13-ee0b-caac-0e95b5225d2b">
      <DeploymentItems>
        <DeploymentItem filename="testPM\testThanhToan.csv" />
      </DeploymentItems>
      <Execution id="0e72e7c2-958f-4a4c-a709-dcdbc6d47308" />
      <TestMethod codeBase="C:/Users/Dell/Desktop/Dangnhap/testPM/bin/Debug/testPM.DLL" adapterTypeName="Microsoft.VisualStudio.TestTools.TestTypes.Unit.UnitTestAdapter, Microsoft.VisualStudio.QualityTools.Tips.UnitTest.Adapter, Version=10.0.0.0, Culture=neutral, PublicKeyToken=b03f5f7f11d50a3a" className="testPM.Test_ThanhToan, testPM, Version=1.0.0.0, Culture=neutral, PublicKeyToken=null" name="test_ThanhToan" />
      <DataSource connectionString="|DataDirectory|\testThanhToan.csv" providerInvariantName="Microsoft.VisualStudio.TestTools.DataSource.CSV" tableName="testThanhToan#csv" />
    </UnitTest>
    <UnitTest name="Testsua" storage="c:\users\dell\desktop\dangnhap\testpm\bin\debug\testpm.dll" id="582e6a3f-58c7-92d4-9551-1e46aed3632b">
      <DeploymentItems>
        <DeploymentItem filename="testPM\testsua.csv" />
      </DeploymentItems>
      <Execution id="bbddbd50-5a2f-408e-a8a5-e15fefcb28a9" />
      <TestMethod codeBase="C:/Users/Dell/Desktop/Dangnhap/testPM/bin/Debug/testPM.DLL" adapterTypeName="Microsoft.VisualStudio.TestTools.TestTypes.Unit.UnitTestAdapter, Microsoft.VisualStudio.QualityTools.Tips.UnitTest.Adapter, Version=10.0.0.0, Culture=neutral, PublicKeyToken=b03f5f7f11d50a3a" className="testPM.Test_Sua, testPM, Version=1.0.0.0, Culture=neutral, PublicKeyToken=null" name="Testsua" />
      <DataSource connectionString="|DataDirectory|\testsua.csv" providerInvariantName="Microsoft.VisualStudio.TestTools.DataSource.CSV" tableName="testsua#csv" />
    </UnitTest>
    <UnitTest name="testThemMon" storage="c:\users\dell\desktop\dangnhap\testpm\bin\debug\testpm.dll" id="d126ba14-7fa7-4e78-7434-4a28ba2ec146">
      <DeploymentItems>
        <DeploymentItem filename="testPM\TestThemMon.csv" />
      </DeploymentItems>
      <Execution id="4c716196-f02b-4f5d-b1a1-70de7f965cf1" />
      <TestMethod codeBase="C:/Users/Dell/Desktop/Dangnhap/testPM/bin/Debug/testPM.DLL" adapterTypeName="Microsoft.VisualStudio.TestTools.TestTypes.Unit.UnitTestAdapter, Microsoft.VisualStudio.QualityTools.Tips.UnitTest.Adapter, Version=10.0.0.0, Culture=neutral, PublicKeyToken=b03f5f7f11d50a3a" className="testPM.Test_ThemMon, testPM, Version=1.0.0.0, Culture=neutral, PublicKeyToken=null" name="testThemMon" />
      <DataSource connectionString="|DataDirectory|\TestThemMon.csv" providerInvariantName="Microsoft.VisualStudio.TestTools.DataSource.CSV" tableName="TestThemMon#csv" />
    </UnitTest>
    <UnitTest name="Testxoa" storage="c:\users\dell\desktop\dangnhap\testpm\bin\debug\testpm.dll" id="764f383b-c699-f502-7ad3-0926bd1b950d">
      <DeploymentItems>
        <DeploymentItem filename="testPM\testXoa.csv" />
      </DeploymentItems>
      <Execution id="94ecba0c-cc46-4080-bb02-4df07a7f1030" />
      <TestMethod codeBase="C:/Users/Dell/Desktop/Dangnhap/testPM/bin/Debug/testPM.DLL" adapterTypeName="Microsoft.VisualStudio.TestTools.TestTypes.Unit.UnitTestAdapter, Microsoft.VisualStudio.QualityTools.Tips.UnitTest.Adapter, Version=10.0.0.0, Culture=neutral, PublicKeyToken=b03f5f7f11d50a3a" className="testPM.Test_Xoa, testPM, Version=1.0.0.0, Culture=neutral, PublicKeyToken=null" name="Testxoa" />
      <DataSource connectionString="|DataDirectory|\testXoa.csv" providerInvariantName="Microsoft.VisualStudio.TestTools.DataSource.CSV" tableName="testXoa#csv" />
    </UnitTest>
    <UnitTest name="testchuyenban" storage="c:\users\dell\desktop\dangnhap\testpm\bin\debug\testpm.dll" id="cdc9cf75-63ba-fe53-246e-69fbea83d298">
      <DeploymentItems>
        <DeploymentItem filename="testPM\testchuyenban.csv" />
      </DeploymentItems>
      <Execution id="6bb154cb-7498-4db7-9e3e-844c50aa9dc8" />
      <TestMethod codeBase="C:/Users/Dell/Desktop/Dangnhap/testPM/bin/Debug/testPM.DLL" adapterTypeName="Microsoft.VisualStudio.TestTools.TestTypes.Unit.UnitTestAdapter, Microsoft.VisualStudio.QualityTools.Tips.UnitTest.Adapter, Version=10.0.0.0, Culture=neutral, PublicKeyToken=b03f5f7f11d50a3a" className="testPM.Test_Chuyenban, testPM, Version=1.0.0.0, Culture=neutral, PublicKeyToken=null" name="testchuyenban" />
      <DataSource connectionString="|DataDirectory|\testchuyenban.csv" providerInvariantName="Microsoft.VisualStudio.TestTools.DataSource.CSV" tableName="testchuyenban#csv" />
    </UnitTest>
  </TestDefinitions>
  <TestLists>
    <TestList name="Results Not in a List" id="8c84fa94-04c1-424b-9868-57a2d4851a1d" />
    <TestList name="All Loaded Results" id="19431567-8539-422a-85d7-44ee4e166bda" />
  </TestLists>
  <TestEntries>
    <TestEntry testId="2169934a-9f13-ee0b-caac-0e95b5225d2b" executionId="0e72e7c2-958f-4a4c-a709-dcdbc6d47308" testListId="8c84fa94-04c1-424b-9868-57a2d4851a1d" />
    <TestEntry testId="582e6a3f-58c7-92d4-9551-1e46aed3632b" executionId="bbddbd50-5a2f-408e-a8a5-e15fefcb28a9" testListId="8c84fa94-04c1-424b-9868-57a2d4851a1d" />
    <TestEntry testId="764f383b-c699-f502-7ad3-0926bd1b950d" executionId="94ecba0c-cc46-4080-bb02-4df07a7f1030" testListId="8c84fa94-04c1-424b-9868-57a2d4851a1d" />
    <TestEntry testId="84b817a3-d9ea-4ee7-4bce-6233ff1a22ec" executionId="3970b5f7-fc57-488d-9ba2-70b8ae4e8643" testListId="8c84fa94-04c1-424b-9868-57a2d4851a1d" />
    <TestEntry testId="cdc9cf75-63ba-fe53-246e-69fbea83d298" executionId="6bb154cb-7498-4db7-9e3e-844c50aa9dc8" testListId="8c84fa94-04c1-424b-9868-57a2d4851a1d" />
    <TestEntry testId="d126ba14-7fa7-4e78-7434-4a28ba2ec146" executionId="4c716196-f02b-4f5d-b1a1-70de7f965cf1" testListId="8c84fa94-04c1-424b-9868-57a2d4851a1d" />
    <TestEntry testId="e7975907-abd7-c724-e54c-c8600f564d67" executionId="aa158d28-c536-4c1b-9b17-ed53748bcd26" testListId="8c84fa94-04c1-424b-9868-57a2d4851a1d" />
  </TestEntries>
  <Results>
    <UnitTestResult executionId="0e72e7c2-958f-4a4c-a709-dcdbc6d47308" testId="2169934a-9f13-ee0b-caac-0e95b5225d2b" testName="test_ThanhToan" computerName="DESKTOP-LTNHK23" duration="00:00:00.2305586" startTime="2019-11-15T00:21:06.7329896+07:00" endTime="2019-11-15T00:21:07.2058543+07:00" testType="13cdc9d9-ddb5-4fa4-a97d-d965ccfc6d4b" outcome="Passed" testListId="8c84fa94-04c1-424b-9868-57a2d4851a1d" relativeResultsDirectory="0e72e7c2-958f-4a4c-a709-dcdbc6d47308" resultType="DataDrivenTest">
      <Counters error="0" failed="0" timeout="0" aborted="0" inconclusive="0" passedButRunAborted="0" notRunnable="0" notExecuted="0" disconnected="0" warning="0" passed="5" completed="0" inProgress="0" pending="0" />
      <InnerResults>
        <UnitTestResult executionId="1987d9b7-b57f-4f5c-ad52-449335ce32b9" parentExecutionId="0e72e7c2-958f-4a4c-a709-dcdbc6d47308" testId="2169934a-9f13-ee0b-caac-0e95b5225d2b" testName="test_ThanhToan" computerName="DESKTOP-LTNHK23" duration="00:00:00.0656928" startTime="2019-11-15T00:21:07.1148668+07:00" endTime="2019-11-15T00:21:07.1848490+07:00" testType="13cdc9d9-ddb5-4fa4-a97d-d965ccfc6d4b" outcome="Passed" testListId="8c84fa94-04c1-424b-9868-57a2d4851a1d" relativeResultsDirectory="0e72e7c2-958f-4a4c-a709-dcdbc6d47308" dataRowInfo="0" resultType="DataDrivenDataRow" />
        <UnitTestResult executionId="99eacb97-6e5c-4f20-8219-79c91c51bad1" parentExecutionId="0e72e7c2-958f-4a4c-a709-dcdbc6d47308" testId="2169934a-9f13-ee0b-caac-0e95b5225d2b" testName="test_ThanhToan" computerName="DESKTOP-LTNHK23" duration="00:00:00.0005732" startTime="2019-11-15T00:21:07.1848490+07:00" endTime="2019-11-15T00:21:07.1858460+07:00" testType="13cdc9d9-ddb5-4fa4-a97d-d965ccfc6d4b" outcome="Passed" testListId="8c84fa94-04c1-424b-9868-57a2d4851a1d" relativeResultsDirectory="0e72e7c2-958f-4a4c-a709-dcdbc6d47308" dataRowInfo="1" resultType="DataDrivenDataRow" />
        <UnitTestResult executionId="927379a7-7839-40ac-9400-2778eee38bd4" parentExecutionId="0e72e7c2-958f-4a4c-a709-dcdbc6d47308" testId="2169934a-9f13-ee0b-caac-0e95b5225d2b" testName="test_ThanhToan" computerName="DESKTOP-LTNHK23" duration="00:00:00.0000278" startTime="2019-11-15T00:21:07.1858460+07:00" endTime="2019-11-15T00:21:07.1858460+07:00" testType="13cdc9d9-ddb5-4fa4-a97d-d965ccfc6d4b" outcome="Passed" testListId="8c84fa94-04c1-424b-9868-57a2d4851a1d" relativeResultsDirectory="0e72e7c2-958f-4a4c-a709-dcdbc6d47308" dataRowInfo="2" resultType="DataDrivenDataRow" />
        <UnitTestResult executionId="83724b00-1fbd-442b-b905-e5a398ed30d6" parentExecutionId="0e72e7c2-958f-4a4c-a709-dcdbc6d47308" testId="2169934a-9f13-ee0b-caac-0e95b5225d2b" testName="test_ThanhToan" computerName="DESKTOP-LTNHK23" duration="00:00:00.0000141" startTime="2019-11-15T00:21:07.1858460+07:00" endTime="2019-11-15T00:21:07.1858460+07:00" testType="13cdc9d9-ddb5-4fa4-a97d-d965ccfc6d4b" outcome="Passed" testListId="8c84fa94-04c1-424b-9868-57a2d4851a1d" relativeResultsDirectory="0e72e7c2-958f-4a4c-a709-dcdbc6d47308" dataRowInfo="3" resultType="DataDrivenDataRow" />
        <UnitTestResult executionId="8c771a99-f26e-4ca0-9bee-868d3661515d" parentExecutionId="0e72e7c2-958f-4a4c-a709-dcdbc6d47308" testId="2169934a-9f13-ee0b-caac-0e95b5225d2b" testName="test_ThanhToan" computerName="DESKTOP-LTNHK23" duration="00:00:00.0000130" startTime="2019-11-15T00:21:07.1858460+07:00" endTime="2019-11-15T00:21:07.1858460+07:00" testType="13cdc9d9-ddb5-4fa4-a97d-d965ccfc6d4b" outcome="Passed" testListId="8c84fa94-04c1-424b-9868-57a2d4851a1d" relativeResultsDirectory="0e72e7c2-958f-4a4c-a709-dcdbc6d47308" dataRowInfo="4" resultType="DataDrivenDataRow" />
      </InnerResults>
    </UnitTestResult>
    <UnitTestResult executionId="bbddbd50-5a2f-408e-a8a5-e15fefcb28a9" testId="582e6a3f-58c7-92d4-9551-1e46aed3632b" testName="Testsua" computerName="DESKTOP-LTNHK23" duration="00:00:00.2314886" startTime="2019-11-15T00:21:07.2128372+07:00" endTime="2019-11-15T00:21:07.4577578+07:00" testType="13cdc9d9-ddb5-4fa4-a97d-d965ccfc6d4b" outcome="Failed" testListId="8c84fa94-04c1-424b-9868-57a2d4851a1d" relativeResultsDirectory="bbddbd50-5a2f-408e-a8a5-e15fefcb28a9" resultType="DataDrivenTest">
      <Counters error="0" failed="6" timeout="0" aborted="0" inconclusive="0" passedButRunAborted="0" notRunnable="0" notExecuted="0" disconnected="0" warning="0" passed="0" completed="0" inProgress="0" pending="0" />
      <InnerResults>
        <UnitTestResult executionId="cd2a17bb-9a2f-4a14-8b51-1466ad22918c" parentExecutionId="bbddbd50-5a2f-408e-a8a5-e15fefcb28a9" testId="582e6a3f-58c7-92d4-9551-1e46aed3632b" testName="Testsua" computerName="DESKTOP-LTNHK23" duration="00:00:00.0720087" startTime="2019-11-15T00:21:07.3447958+07:00" endTime="2019-11-15T00:21:07.4167736+07:00" testType="13cdc9d9-ddb5-4fa4-a97d-d965ccfc6d4b" outcome="Failed" testListId="8c84fa94-04c1-424b-9868-57a2d4851a1d" relativeResultsDirectory="bbddbd50-5a2f-408e-a8a5-e15fefcb28a9" dataRowInfo="0" resultType="DataDrivenDataRow">
          <Output>
            <ErrorInfo>
              <Message>Assert.AreEqual failed. Expected:&lt;True&gt;. Actual:&lt;False&gt;. </Message>
              <StackTrace>   at testPM.Test_Sua.Testsua() in C:\Users\Dell\Desktop\Dangnhap\testPM\Test_Sua.cs:line 28
</StackTrace>
            </ErrorInfo>
          </Output>
        </UnitTestResult>
        <UnitTestResult executionId="63e9ce0b-3107-406b-babc-b30e3e545983" parentExecutionId="bbddbd50-5a2f-408e-a8a5-e15fefcb28a9" testId="582e6a3f-58c7-92d4-9551-1e46aed3632b" testName="Testsua" computerName="DESKTOP-LTNHK23" duration="00:00:00.0114629" startTime="2019-11-15T00:21:07.4167736+07:00" endTime="2019-11-15T00:21:07.4277831+07:00" testType="13cdc9d9-ddb5-4fa4-a97d-d965ccfc6d4b" outcome="Failed" testListId="8c84fa94-04c1-424b-9868-57a2d4851a1d" relativeResultsDirectory="bbddbd50-5a2f-408e-a8a5-e15fefcb28a9" dataRowInfo="1" resultType="DataDrivenDataRow">
          <Output>
            <ErrorInfo>
              <Message>Assert.AreEqual failed. Expected:&lt;True&gt;. Actual:&lt;False&gt;. </Message>
              <StackTrace>   at testPM.Test_Sua.Testsua() in C:\Users\Dell\Desktop\Dangnhap\testPM\Test_Sua.cs:line 28
</StackTrace>
            </ErrorInfo>
          </Output>
        </UnitTestResult>
        <UnitTestResult executionId="fb438727-2e6f-40ae-9c04-8f3c0d8dc28c" parentExecutionId="bbddbd50-5a2f-408e-a8a5-e15fefcb28a9" testId="582e6a3f-58c7-92d4-9551-1e46aed3632b" testName="Testsua" computerName="DESKTOP-LTNHK23" duration="00:00:00.0113628" startTime="2019-11-15T00:21:07.4277831+07:00" endTime="2019-11-15T00:21:07.4397632+07:00" testType="13cdc9d9-ddb5-4fa4-a97d-d965ccfc6d4b" outcome="Failed" testListId="8c84fa94-04c1-424b-9868-57a2d4851a1d" relativeResultsDirectory="bbddbd50-5a2f-408e-a8a5-e15fefcb28a9" dataRowInfo="2" resultType="DataDrivenDataRow">
          <Output>
            <ErrorInfo>
              <Message>Assert.AreEqual failed. Expected:&lt;True&gt;. Actual:&lt;False&gt;. </Message>
              <StackTrace>   at testPM.Test_Sua.Testsua() in C:\Users\Dell\Desktop\Dangnhap\testPM\Test_Sua.cs:line 28
</StackTrace>
            </ErrorInfo>
          </Output>
        </UnitTestResult>
        <UnitTestResult executionId="8834cbe1-55eb-4ec6-a7b2-03f5c67baee2" parentExecutionId="bbddbd50-5a2f-408e-a8a5-e15fefcb28a9" testId="582e6a3f-58c7-92d4-9551-1e46aed3632b" testName="Testsua" computerName="DESKTOP-LTNHK23" duration="00:00:00.0037952" startTime="2019-11-15T00:21:07.4397632+07:00" endTime="2019-11-15T00:21:07.4437621+07:00" testType="13cdc9d9-ddb5-4fa4-a97d-d965ccfc6d4b" outcome="Failed" testListId="8c84fa94-04c1-424b-9868-57a2d4851a1d" relativeResultsDirectory="bbddbd50-5a2f-408e-a8a5-e15fefcb28a9" dataRowInfo="3" resultType="DataDrivenDataRow">
          <Output>
            <ErrorInfo>
              <Message>Test method testPM.Test_Sua.Testsua threw exception: 
System.FormatException: Input string was not in a correct format.</Message>
              <StackTrace>    at System.Number.StringToNumber(String str, NumberStyles options, NumberBuffer&amp; number, NumberFormatInfo info, Boolean parseDecimal)
   at System.Number.ParseInt32(String s, NumberStyles style, NumberFormatInfo info)
   at System.Int32.Parse(String s)
   at testPM.Test_Sua.Testsua() in C:\Users\Dell\Desktop\Dangnhap\testPM\Test_Sua.cs:line 22
</StackTrace>
            </ErrorInfo>
          </Output>
        </UnitTestResult>
        <UnitTestResult executionId="724eacc4-0e7d-4033-9a3b-5941ab3977f3" parentExecutionId="bbddbd50-5a2f-408e-a8a5-e15fefcb28a9" testId="582e6a3f-58c7-92d4-9551-1e46aed3632b" testName="Testsua" computerName="DESKTOP-LTNHK23" duration="00:00:00.0014816" startTime="2019-11-15T00:21:07.4437621+07:00" endTime="2019-11-15T00:21:07.4447619+07:00" testType="13cdc9d9-ddb5-4fa4-a97d-d965ccfc6d4b" outcome="Failed" testListId="8c84fa94-04c1-424b-9868-57a2d4851a1d" relativeResultsDirectory="bbddbd50-5a2f-408e-a8a5-e15fefcb28a9" dataRowInfo="4" resultType="DataDrivenDataRow">
          <Output>
            <ErrorInfo>
              <Message>Test method testPM.Test_Sua.Testsua threw exception: 
System.FormatException: Input string was not in a correct format.</Message>
              <StackTrace>    at System.Number.ParseSingle(String value, NumberStyles options, NumberFormatInfo numfmt)
   at System.Single.Parse(String s)
   at testPM.Test_Sua.Testsua() in C:\Users\Dell\Desktop\Dangnhap\testPM\Test_Sua.cs:line 23
</StackTrace>
            </ErrorInfo>
          </Output>
        </UnitTestResult>
        <UnitTestResult executionId="f1aa9a83-6618-4602-92bc-0f81062ab018" parentExecutionId="bbddbd50-5a2f-408e-a8a5-e15fefcb28a9" testId="582e6a3f-58c7-92d4-9551-1e46aed3632b" testName="Testsua" computerName="DESKTOP-LTNHK23" duration="00:00:00.0016790" startTime="2019-11-15T00:21:07.4447619+07:00" endTime="2019-11-15T00:21:07.4467622+07:00" testType="13cdc9d9-ddb5-4fa4-a97d-d965ccfc6d4b" outcome="Failed" testListId="8c84fa94-04c1-424b-9868-57a2d4851a1d" relativeResultsDirectory="bbddbd50-5a2f-408e-a8a5-e15fefcb28a9" dataRowInfo="5" resultType="DataDrivenDataRow">
          <Output>
            <ErrorInfo>
              <Message>Test method testPM.Test_Sua.Testsua threw exception: 
System.FormatException: Input string was not in a correct format.</Message>
              <StackTrace>    at System.Number.StringToNumber(String str, NumberStyles options, NumberBuffer&amp; number, NumberFormatInfo info, Boolean parseDecimal)
   at System.Number.ParseInt32(String s, NumberStyles style, NumberFormatInfo info)
   at System.Int32.Parse(String s)
   at testPM.Test_Sua.Testsua() in C:\Users\Dell\Desktop\Dangnhap\testPM\Test_Sua.cs:line 24
</StackTrace>
            </ErrorInfo>
          </Output>
        </UnitTestResult>
      </InnerResults>
    </UnitTestResult>
    <UnitTestResult executionId="94ecba0c-cc46-4080-bb02-4df07a7f1030" testId="764f383b-c699-f502-7ad3-0926bd1b950d" testName="Testxoa" computerName="DESKTOP-LTNHK23" duration="00:00:00.1694576" startTime="2019-11-15T00:21:07.4657671+07:00" endTime="2019-11-15T00:21:07.6447255+07:00" testType="13cdc9d9-ddb5-4fa4-a97d-d965ccfc6d4b" outcome="Failed" testListId="8c84fa94-04c1-424b-9868-57a2d4851a1d" relativeResultsDirectory="94ecba0c-cc46-4080-bb02-4df07a7f1030" resultType="DataDrivenTest">
      <Counters error="0" failed="2" timeout="0" aborted="0" inconclusive="0" passedButRunAborted="0" notRunnable="0" notExecuted="0" disconnected="0" warning="0" passed="1" completed="0" inProgress="0" pending="0" />
      <InnerResults>
        <UnitTestResult executionId="e1e878fb-8edf-47e8-b34a-9b72a8e066ac" parentExecutionId="94ecba0c-cc46-4080-bb02-4df07a7f1030" testId="764f383b-c699-f502-7ad3-0926bd1b950d" testName="Testxoa" computerName="DESKTOP-LTNHK23" duration="00:00:00.0199189" startTime="2019-11-15T00:21:07.6087358+07:00" endTime="2019-11-15T00:21:07.6287019+07:00" testType="13cdc9d9-ddb5-4fa4-a97d-d965ccfc6d4b" outcome="Failed" testListId="8c84fa94-04c1-424b-9868-57a2d4851a1d" relativeResultsDirectory="94ecba0c-cc46-4080-bb02-4df07a7f1030" dataRowInfo="0" resultType="DataDrivenDataRow">
          <Output>
            <ErrorInfo>
              <Message>Assert.AreEqual failed. Expected:&lt;True&gt;. Actual:&lt;False&gt;. </Message>
              <StackTrace>   at testPM.Test_Xoa.Testxoa() in C:\Users\Dell\Desktop\Dangnhap\testPM\Test_Xoa.cs:line 24
</StackTrace>
            </ErrorInfo>
          </Output>
        </UnitTestResult>
        <UnitTestResult executionId="f6a72403-38b8-46b1-8318-2a4c4a54f89d" parentExecutionId="94ecba0c-cc46-4080-bb02-4df07a7f1030" testId="764f383b-c699-f502-7ad3-0926bd1b950d" testName="Testxoa" computerName="DESKTOP-LTNHK23" duration="00:00:00.0079646" startTime="2019-11-15T00:21:07.6287019+07:00" endTime="2019-11-15T00:21:07.6367003+07:00" testType="13cdc9d9-ddb5-4fa4-a97d-d965ccfc6d4b" outcome="Passed" testListId="8c84fa94-04c1-424b-9868-57a2d4851a1d" relativeResultsDirectory="94ecba0c-cc46-4080-bb02-4df07a7f1030" dataRowInfo="1" resultType="DataDrivenDataRow" />
        <UnitTestResult executionId="72749f67-6d50-4f1f-a387-93ba52f8e8d4" parentExecutionId="94ecba0c-cc46-4080-bb02-4df07a7f1030" testId="764f383b-c699-f502-7ad3-0926bd1b950d" testName="Testxoa" computerName="DESKTOP-LTNHK23" duration="00:00:00.0018113" startTime="2019-11-15T00:21:07.6367003+07:00" endTime="2019-11-15T00:21:07.6377247+07:00" testType="13cdc9d9-ddb5-4fa4-a97d-d965ccfc6d4b" outcome="Failed" testListId="8c84fa94-04c1-424b-9868-57a2d4851a1d" relativeResultsDirectory="94ecba0c-cc46-4080-bb02-4df07a7f1030" dataRowInfo="2" resultType="DataDrivenDataRow">
          <Output>
            <ErrorInfo>
              <Message>Test method testPM.Test_Xoa.Testxoa threw exception: 
System.FormatException: Input string was not in a correct format.</Message>
              <StackTrace>    at System.Number.StringToNumber(String str, NumberStyles options, NumberBuffer&amp; number, NumberFormatInfo info, Boolean parseDecimal)
   at System.Number.ParseInt32(String s, NumberStyles style, NumberFormatInfo info)
   at System.Int32.Parse(String s)
   at testPM.Test_Xoa.Testxoa() in C:\Users\Dell\Desktop\Dangnhap\testPM\Test_Xoa.cs:line 20
</StackTrace>
            </ErrorInfo>
          </Output>
        </UnitTestResult>
      </InnerResults>
    </UnitTestResult>
    <UnitTestResult executionId="3970b5f7-fc57-488d-9ba2-70b8ae4e8643" testId="84b817a3-d9ea-4ee7-4bce-6233ff1a22ec" testName="testThem" computerName="DESKTOP-LTNHK23" duration="00:00:00.1633857" startTime="2019-11-15T00:21:07.6507234+07:00" endTime="2019-11-15T00:21:07.8246451+07:00" testType="13cdc9d9-ddb5-4fa4-a97d-d965ccfc6d4b" outcome="Passed" testListId="8c84fa94-04c1-424b-9868-57a2d4851a1d" relativeResultsDirectory="3970b5f7-fc57-488d-9ba2-70b8ae4e8643" resultType="DataDrivenTest">
      <Counters error="0" failed="0" timeout="0" aborted="0" inconclusive="0" passedButRunAborted="0" notRunnable="0" notExecuted="0" disconnected="0" warning="0" passed="2" completed="0" inProgress="0" pending="0" />
      <InnerResults>
        <UnitTestResult executionId="709ad4c0-632a-4adb-99f1-31183643b871" parentExecutionId="3970b5f7-fc57-488d-9ba2-70b8ae4e8643" testId="84b817a3-d9ea-4ee7-4bce-6233ff1a22ec" testName="testThem" computerName="DESKTOP-LTNHK23" duration="00:00:00.0194042" startTime="2019-11-15T00:21:07.7786562+07:00" endTime="2019-11-15T00:21:07.7976485+07:00" testType="13cdc9d9-ddb5-4fa4-a97d-d965ccfc6d4b" outcome="Passed" testListId="8c84fa94-04c1-424b-9868-57a2d4851a1d" relativeResultsDirectory="3970b5f7-fc57-488d-9ba2-70b8ae4e8643" dataRowInfo="0" resultType="DataDrivenDataRow" />
        <UnitTestResult executionId="df3ab5a5-b5f3-46da-8337-715012557b31" parentExecutionId="3970b5f7-fc57-488d-9ba2-70b8ae4e8643" testId="84b817a3-d9ea-4ee7-4bce-6233ff1a22ec" testName="testThem" computerName="DESKTOP-LTNHK23" duration="00:00:00.0191531" startTime="2019-11-15T00:21:07.7976485+07:00" endTime="2019-11-15T00:21:07.8166427+07:00" testType="13cdc9d9-ddb5-4fa4-a97d-d965ccfc6d4b" outcome="Passed" testListId="8c84fa94-04c1-424b-9868-57a2d4851a1d" relativeResultsDirectory="3970b5f7-fc57-488d-9ba2-70b8ae4e8643" dataRowInfo="1" resultType="DataDrivenDataRow" />
      </InnerResults>
    </UnitTestResult>
    <UnitTestResult executionId="6bb154cb-7498-4db7-9e3e-844c50aa9dc8" testId="cdc9cf75-63ba-fe53-246e-69fbea83d298" testName="testchuyenban" computerName="DESKTOP-LTNHK23" duration="00:00:00.2316686" startTime="2019-11-15T00:21:07.8436371+07:00" endTime="2019-11-15T00:21:08.0875561+07:00" testType="13cdc9d9-ddb5-4fa4-a97d-d965ccfc6d4b" outcome="Failed" testListId="8c84fa94-04c1-424b-9868-57a2d4851a1d" relativeResultsDirectory="6bb154cb-7498-4db7-9e3e-844c50aa9dc8" resultType="DataDrivenTest">
      <Counters error="0" failed="2" timeout="0" aborted="0" inconclusive="0" passedButRunAborted="0" notRunnable="0" notExecuted="0" disconnected="0" warning="0" passed="2" completed="0" inProgress="0" pending="0" />
      <InnerResults>
        <UnitTestResult executionId="8c04fd60-c471-4c8d-b8ad-ede39ffa471c" parentExecutionId="6bb154cb-7498-4db7-9e3e-844c50aa9dc8" testId="cdc9cf75-63ba-fe53-246e-69fbea83d298" testName="testchuyenban" computerName="DESKTOP-LTNHK23" duration="00:00:00.0315868" startTime="2019-11-15T00:21:08.0375999+07:00" endTime="2019-11-15T00:21:08.0685622+07:00" testType="13cdc9d9-ddb5-4fa4-a97d-d965ccfc6d4b" outcome="Passed" testListId="8c84fa94-04c1-424b-9868-57a2d4851a1d" relativeResultsDirectory="6bb154cb-7498-4db7-9e3e-844c50aa9dc8" dataRowInfo="0" resultType="DataDrivenDataRow" />
        <UnitTestResult executionId="4587d2d0-92c2-4458-8903-2499311e7816" parentExecutionId="6bb154cb-7498-4db7-9e3e-844c50aa9dc8" testId="cdc9cf75-63ba-fe53-246e-69fbea83d298" testName="testchuyenban" computerName="DESKTOP-LTNHK23" duration="00:00:00.0077364" startTime="2019-11-15T00:21:08.0685622+07:00" endTime="2019-11-15T00:21:08.0765589+07:00" testType="13cdc9d9-ddb5-4fa4-a97d-d965ccfc6d4b" outcome="Passed" testListId="8c84fa94-04c1-424b-9868-57a2d4851a1d" relativeResultsDirectory="6bb154cb-7498-4db7-9e3e-844c50aa9dc8" dataRowInfo="1" resultType="DataDrivenDataRow" />
        <UnitTestResult executionId="71ca4ab1-f100-45be-b6f3-9a42b0ad161f" parentExecutionId="6bb154cb-7498-4db7-9e3e-844c50aa9dc8" testId="cdc9cf75-63ba-fe53-246e-69fbea83d298" testName="testchuyenban" computerName="DESKTOP-LTNHK23" duration="00:00:00.0020801" startTime="2019-11-15T00:21:08.0765589+07:00" endTime="2019-11-15T00:21:08.0785586+07:00" testType="13cdc9d9-ddb5-4fa4-a97d-d965ccfc6d4b" outcome="Failed" testListId="8c84fa94-04c1-424b-9868-57a2d4851a1d" relativeResultsDirectory="6bb154cb-7498-4db7-9e3e-844c50aa9dc8" dataRowInfo="2" resultType="DataDrivenDataRow">
          <Output>
            <ErrorInfo>
              <Message>Test method testPM.Test_Chuyenban.testchuyenban threw exception: 
System.FormatException: Input string was not in a correct format.</Message>
              <StackTrace>    at System.Number.StringToNumber(String str, NumberStyles options, NumberBuffer&amp; number, NumberFormatInfo info, Boolean parseDecimal)
   at System.Number.ParseInt32(String s, NumberStyles style, NumberFormatInfo info)
   at System.Int32.Parse(String s)
   at testPM.Test_Chuyenban.testchuyenban() in C:\Users\Dell\Desktop\Dangnhap\testPM\Test_Chuyenban.cs:line 21
</StackTrace>
            </ErrorInfo>
          </Output>
        </UnitTestResult>
        <UnitTestResult executionId="cf4434c7-706e-420f-a974-1d047b689c35" parentExecutionId="6bb154cb-7498-4db7-9e3e-844c50aa9dc8" testId="cdc9cf75-63ba-fe53-246e-69fbea83d298" testName="testchuyenban" computerName="DESKTOP-LTNHK23" duration="00:00:00.0014523" startTime="2019-11-15T00:21:08.0785586+07:00" endTime="2019-11-15T00:21:08.0805576+07:00" testType="13cdc9d9-ddb5-4fa4-a97d-d965ccfc6d4b" outcome="Failed" testListId="8c84fa94-04c1-424b-9868-57a2d4851a1d" relativeResultsDirectory="6bb154cb-7498-4db7-9e3e-844c50aa9dc8" dataRowInfo="3" resultType="DataDrivenDataRow">
          <Output>
            <ErrorInfo>
              <Message>Test method testPM.Test_Chuyenban.testchuyenban threw exception: 
System.FormatException: Input string was not in a correct format.</Message>
              <StackTrace>    at System.Number.StringToNumber(String str, NumberStyles options, NumberBuffer&amp; number, NumberFormatInfo info, Boolean parseDecimal)
   at System.Number.ParseInt32(String s, NumberStyles style, NumberFormatInfo info)
   at System.Int32.Parse(String s)
   at testPM.Test_Chuyenban.testchuyenban() in C:\Users\Dell\Desktop\Dangnhap\testPM\Test_Chuyenban.cs:line 22
</StackTrace>
            </ErrorInfo>
          </Output>
        </UnitTestResult>
      </InnerResults>
    </UnitTestResult>
    <UnitTestResult executionId="4c716196-f02b-4f5d-b1a1-70de7f965cf1" testId="d126ba14-7fa7-4e78-7434-4a28ba2ec146" testName="testThemMon" computerName="DESKTOP-LTNHK23" duration="00:00:00.1400650" startTime="2019-11-15T00:21:08.0955562+07:00" endTime="2019-11-15T00:21:08.2495043+07:00" testType="13cdc9d9-ddb5-4fa4-a97d-d965ccfc6d4b" outcome="Passed" testListId="8c84fa94-04c1-424b-9868-57a2d4851a1d" relativeResultsDirectory="4c716196-f02b-4f5d-b1a1-70de7f965cf1" resultType="DataDrivenTest">
      <Counters error="0" failed="0" timeout="0" aborted="0" inconclusive="0" passedButRunAborted="0" notRunnable="0" notExecuted="0" disconnected="0" warning="0" passed="6" completed="0" inProgress="0" pending="0" />
      <InnerResults>
        <UnitTestResult executionId="247e6883-57c3-4deb-a1da-b89e16f48b5a" parentExecutionId="4c716196-f02b-4f5d-b1a1-70de7f965cf1" testId="d126ba14-7fa7-4e78-7434-4a28ba2ec146" testName="testThemMon" computerName="DESKTOP-LTNHK23" duration="00:00:00.0013698" startTime="2019-11-15T00:21:08.2345083+07:00" endTime="2019-11-15T00:21:08.2355083+07:00" testType="13cdc9d9-ddb5-4fa4-a97d-d965ccfc6d4b" outcome="Passed" testListId="8c84fa94-04c1-424b-9868-57a2d4851a1d" relativeResultsDirectory="4c716196-f02b-4f5d-b1a1-70de7f965cf1" dataRowInfo="0" resultType="DataDrivenDataRow" />
        <UnitTestResult executionId="0076b767-403d-44b7-b5a3-370bb37ce04e" parentExecutionId="4c716196-f02b-4f5d-b1a1-70de7f965cf1" testId="d126ba14-7fa7-4e78-7434-4a28ba2ec146" testName="testThemMon" computerName="DESKTOP-LTNHK23" duration="00:00:00.0026615" startTime="2019-11-15T00:21:08.2355083+07:00" endTime="2019-11-15T00:21:08.2385085+07:00" testType="13cdc9d9-ddb5-4fa4-a97d-d965ccfc6d4b" outcome="Passed" testListId="8c84fa94-04c1-424b-9868-57a2d4851a1d" relativeResultsDirectory="4c716196-f02b-4f5d-b1a1-70de7f965cf1" dataRowInfo="1" resultType="DataDrivenDataRow" />
        <UnitTestResult executionId="bfa86798-cde9-4674-aff3-085515c20840" parentExecutionId="4c716196-f02b-4f5d-b1a1-70de7f965cf1" testId="d126ba14-7fa7-4e78-7434-4a28ba2ec146" testName="testThemMon" computerName="DESKTOP-LTNHK23" duration="00:00:00.0000276" startTime="2019-11-15T00:21:08.2385085+07:00" endTime="2019-11-15T00:21:08.2385085+07:00" testType="13cdc9d9-ddb5-4fa4-a97d-d965ccfc6d4b" outcome="Passed" testListId="8c84fa94-04c1-424b-9868-57a2d4851a1d" relativeResultsDirectory="4c716196-f02b-4f5d-b1a1-70de7f965cf1" dataRowInfo="2" resultType="DataDrivenDataRow" />
        <UnitTestResult executionId="77efc721-9638-43d5-97e6-2bf89ea2f370" parentExecutionId="4c716196-f02b-4f5d-b1a1-70de7f965cf1" testId="d126ba14-7fa7-4e78-7434-4a28ba2ec146" testName="testThemMon" computerName="DESKTOP-LTNHK23" duration="00:00:00.0000124" startTime="2019-11-15T00:21:08.2385085+07:00" endTime="2019-11-15T00:21:08.2385085+07:00" testType="13cdc9d9-ddb5-4fa4-a97d-d965ccfc6d4b" outcome="Passed" testListId="8c84fa94-04c1-424b-9868-57a2d4851a1d" relativeResultsDirectory="4c716196-f02b-4f5d-b1a1-70de7f965cf1" dataRowInfo="3" resultType="DataDrivenDataRow" />
        <UnitTestResult executionId="c7ce0f14-4253-4954-80b6-f2a68292678e" parentExecutionId="4c716196-f02b-4f5d-b1a1-70de7f965cf1" testId="d126ba14-7fa7-4e78-7434-4a28ba2ec146" testName="testThemMon" computerName="DESKTOP-LTNHK23" duration="00:00:00.0000144" startTime="2019-11-15T00:21:08.2385085+07:00" endTime="2019-11-15T00:21:08.2385085+07:00" testType="13cdc9d9-ddb5-4fa4-a97d-d965ccfc6d4b" outcome="Passed" testListId="8c84fa94-04c1-424b-9868-57a2d4851a1d" relativeResultsDirectory="4c716196-f02b-4f5d-b1a1-70de7f965cf1" dataRowInfo="4" resultType="DataDrivenDataRow" />
        <UnitTestResult executionId="8100fa1e-a0e4-4cba-bd7d-a5edec508bf0" parentExecutionId="4c716196-f02b-4f5d-b1a1-70de7f965cf1" testId="d126ba14-7fa7-4e78-7434-4a28ba2ec146" testName="testThemMon" computerName="DESKTOP-LTNHK23" duration="00:00:00.0000116" startTime="2019-11-15T00:21:08.2385085+07:00" endTime="2019-11-15T00:21:08.2385085+07:00" testType="13cdc9d9-ddb5-4fa4-a97d-d965ccfc6d4b" outcome="Passed" testListId="8c84fa94-04c1-424b-9868-57a2d4851a1d" relativeResultsDirectory="4c716196-f02b-4f5d-b1a1-70de7f965cf1" dataRowInfo="5" resultType="DataDrivenDataRow" />
      </InnerResults>
    </UnitTestResult>
    <UnitTestResult executionId="aa158d28-c536-4c1b-9b17-ed53748bcd26" testId="e7975907-abd7-c724-e54c-c8600f564d67" testName="TestCNLogin" computerName="DESKTOP-LTNHK23" duration="00:00:00.1431777" startTime="2019-11-15T00:21:08.2575034+07:00" endTime="2019-11-15T00:21:08.4264478+07:00" testType="13cdc9d9-ddb5-4fa4-a97d-d965ccfc6d4b" outcome="Failed" testListId="8c84fa94-04c1-424b-9868-57a2d4851a1d" relativeResultsDirectory="aa158d28-c536-4c1b-9b17-ed53748bcd26" resultType="DataDrivenTest">
      <Counters error="0" failed="1" timeout="0" aborted="0" inconclusive="0" passedButRunAborted="0" notRunnable="0" notExecuted="0" disconnected="0" warning="0" passed="14" completed="0" inProgress="0" pending="0" />
      <InnerResults>
        <UnitTestResult executionId="3da7175d-80fc-43bc-a458-bc24a4692b80" parentExecutionId="aa158d28-c536-4c1b-9b17-ed53748bcd26" testId="e7975907-abd7-c724-e54c-c8600f564d67" testName="TestCNLogin" computerName="DESKTOP-LTNHK23" duration="00:00:00.0055963" startTime="2019-11-15T00:21:08.3814898+07:00" endTime="2019-11-15T00:21:08.3864642+07:00" testType="13cdc9d9-ddb5-4fa4-a97d-d965ccfc6d4b" outcome="Passed" testListId="8c84fa94-04c1-424b-9868-57a2d4851a1d" relativeResultsDirectory="aa158d28-c536-4c1b-9b17-ed53748bcd26" dataRowInfo="0" resultType="DataDrivenDataRow" />
        <UnitTestResult executionId="ebf22284-1064-464c-8662-442f51829ab6" parentExecutionId="aa158d28-c536-4c1b-9b17-ed53748bcd26" testId="e7975907-abd7-c724-e54c-c8600f564d67" testName="TestCNLogin" computerName="DESKTOP-LTNHK23" duration="00:00:00.0010643" startTime="2019-11-15T00:21:08.3864642+07:00" endTime="2019-11-15T00:21:08.3874860+07:00" testType="13cdc9d9-ddb5-4fa4-a97d-d965ccfc6d4b" outcome="Passed" testListId="8c84fa94-04c1-424b-9868-57a2d4851a1d" relativeResultsDirectory="aa158d28-c536-4c1b-9b17-ed53748bcd26" dataRowInfo="1" resultType="DataDrivenDataRow" />
        <UnitTestResult executionId="5aa836d1-e7c6-4909-a6d0-d130e9daa292" parentExecutionId="aa158d28-c536-4c1b-9b17-ed53748bcd26" testId="e7975907-abd7-c724-e54c-c8600f564d67" testName="TestCNLogin" computerName="DESKTOP-LTNHK23" duration="00:00:00.0009814" startTime="2019-11-15T00:21:08.3874860+07:00" endTime="2019-11-15T00:21:08.3884853+07:00" testType="13cdc9d9-ddb5-4fa4-a97d-d965ccfc6d4b" outcome="Passed" testListId="8c84fa94-04c1-424b-9868-57a2d4851a1d" relativeResultsDirectory="aa158d28-c536-4c1b-9b17-ed53748bcd26" dataRowInfo="2" resultType="DataDrivenDataRow" />
        <UnitTestResult executionId="12dae6dc-2341-4862-a3c5-37dce6127ea0" parentExecutionId="aa158d28-c536-4c1b-9b17-ed53748bcd26" testId="e7975907-abd7-c724-e54c-c8600f564d67" testName="TestCNLogin" computerName="DESKTOP-LTNHK23" duration="00:00:00.0009342" startTime="2019-11-15T00:21:08.3884853+07:00" endTime="2019-11-15T00:21:08.3894869+07:00" testType="13cdc9d9-ddb5-4fa4-a97d-d965ccfc6d4b" outcome="Passed" testListId="8c84fa94-04c1-424b-9868-57a2d4851a1d" relativeResultsDirectory="aa158d28-c536-4c1b-9b17-ed53748bcd26" dataRowInfo="3" resultType="DataDrivenDataRow" />
        <UnitTestResult executionId="4b7baebe-8565-40b5-b984-170310013bfd" parentExecutionId="aa158d28-c536-4c1b-9b17-ed53748bcd26" testId="e7975907-abd7-c724-e54c-c8600f564d67" testName="TestCNLogin" computerName="DESKTOP-LTNHK23" duration="00:00:00.0009255" startTime="2019-11-15T00:21:08.3894869+07:00" endTime="2019-11-15T00:21:08.3904867+07:00" testType="13cdc9d9-ddb5-4fa4-a97d-d965ccfc6d4b" outcome="Passed" testListId="8c84fa94-04c1-424b-9868-57a2d4851a1d" relativeResultsDirectory="aa158d28-c536-4c1b-9b17-ed53748bcd26" dataRowInfo="4" resultType="DataDrivenDataRow" />
        <UnitTestResult executionId="daf7936b-046f-4a96-b6f7-873016bfca28" parentExecutionId="aa158d28-c536-4c1b-9b17-ed53748bcd26" testId="e7975907-abd7-c724-e54c-c8600f564d67" testName="TestCNLogin" computerName="DESKTOP-LTNHK23" duration="00:00:00.0009230" startTime="2019-11-15T00:21:08.3904867+07:00" endTime="2019-11-15T00:21:08.3914863+07:00" testType="13cdc9d9-ddb5-4fa4-a97d-d965ccfc6d4b" outcome="Passed" testListId="8c84fa94-04c1-424b-9868-57a2d4851a1d" relativeResultsDirectory="aa158d28-c536-4c1b-9b17-ed53748bcd26" dataRowInfo="5" resultType="DataDrivenDataRow" />
        <UnitTestResult executionId="5093f45b-d409-4568-9ac3-c914a1b34c56" parentExecutionId="aa158d28-c536-4c1b-9b17-ed53748bcd26" testId="e7975907-abd7-c724-e54c-c8600f564d67" testName="TestCNLogin" computerName="DESKTOP-LTNHK23" duration="00:00:00.0015598" startTime="2019-11-15T00:21:08.3914863+07:00" endTime="2019-11-15T00:21:08.3934587+07:00" testType="13cdc9d9-ddb5-4fa4-a97d-d965ccfc6d4b" outcome="Passed" testListId="8c84fa94-04c1-424b-9868-57a2d4851a1d" relativeResultsDirectory="aa158d28-c536-4c1b-9b17-ed53748bcd26" dataRowInfo="6" resultType="DataDrivenDataRow" />
        <UnitTestResult executionId="d4996090-2430-433f-a0c0-645e048b92c9" parentExecutionId="aa158d28-c536-4c1b-9b17-ed53748bcd26" testId="e7975907-abd7-c724-e54c-c8600f564d67" testName="TestCNLogin" computerName="DESKTOP-LTNHK23" duration="00:00:00.0008293" startTime="2019-11-15T00:21:08.3934587+07:00" endTime="2019-11-15T00:21:08.3944609+07:00" testType="13cdc9d9-ddb5-4fa4-a97d-d965ccfc6d4b" outcome="Passed" testListId="8c84fa94-04c1-424b-9868-57a2d4851a1d" relativeResultsDirectory="aa158d28-c536-4c1b-9b17-ed53748bcd26" dataRowInfo="7" resultType="DataDrivenDataRow" />
        <UnitTestResult executionId="c1e05a8a-e945-483d-a23d-7fd8b287c8e6" parentExecutionId="aa158d28-c536-4c1b-9b17-ed53748bcd26" testId="e7975907-abd7-c724-e54c-c8600f564d67" testName="TestCNLogin" computerName="DESKTOP-LTNHK23" duration="00:00:00.0008865" startTime="2019-11-15T00:21:08.3944609+07:00" endTime="2019-11-15T00:21:08.3954849+07:00" testType="13cdc9d9-ddb5-4fa4-a97d-d965ccfc6d4b" outcome="Passed" testListId="8c84fa94-04c1-424b-9868-57a2d4851a1d" relativeResultsDirectory="aa158d28-c536-4c1b-9b17-ed53748bcd26" dataRowInfo="8" resultType="DataDrivenDataRow" />
        <UnitTestResult executionId="2a101e26-b73b-456e-af55-57b2a76d4515" parentExecutionId="aa158d28-c536-4c1b-9b17-ed53748bcd26" testId="e7975907-abd7-c724-e54c-c8600f564d67" testName="TestCNLogin" computerName="DESKTOP-LTNHK23" duration="00:00:00.0010267" startTime="2019-11-15T00:21:08.3954849+07:00" endTime="2019-11-15T00:21:08.3964606+07:00" testType="13cdc9d9-ddb5-4fa4-a97d-d965ccfc6d4b" outcome="Passed" testListId="8c84fa94-04c1-424b-9868-57a2d4851a1d" relativeResultsDirectory="aa158d28-c536-4c1b-9b17-ed53748bcd26" dataRowInfo="9" resultType="DataDrivenDataRow" />
        <UnitTestResult executionId="d9eaf4d8-49a2-4acb-b7fb-69e76f8e6008" parentExecutionId="aa158d28-c536-4c1b-9b17-ed53748bcd26" testId="e7975907-abd7-c724-e54c-c8600f564d67" testName="TestCNLogin" computerName="DESKTOP-LTNHK23" duration="00:00:00.0011004" startTime="2019-11-15T00:21:08.3964606+07:00" endTime="2019-11-15T00:21:08.3974571+07:00" testType="13cdc9d9-ddb5-4fa4-a97d-d965ccfc6d4b" outcome="Passed" testListId="8c84fa94-04c1-424b-9868-57a2d4851a1d" relativeResultsDirectory="aa158d28-c536-4c1b-9b17-ed53748bcd26" dataRowInfo="10" resultType="DataDrivenDataRow" />
        <UnitTestResult executionId="0245305f-2b3b-4b0e-8983-ed4d5babc596" parentExecutionId="aa158d28-c536-4c1b-9b17-ed53748bcd26" testId="e7975907-abd7-c724-e54c-c8600f564d67" testName="TestCNLogin" computerName="DESKTOP-LTNHK23" duration="00:00:00.0011506" startTime="2019-11-15T00:21:08.3974571+07:00" endTime="2019-11-15T00:21:08.3984571+07:00" testType="13cdc9d9-ddb5-4fa4-a97d-d965ccfc6d4b" outcome="Passed" testListId="8c84fa94-04c1-424b-9868-57a2d4851a1d" relativeResultsDirectory="aa158d28-c536-4c1b-9b17-ed53748bcd26" dataRowInfo="11" resultType="DataDrivenDataRow" />
        <UnitTestResult executionId="3ba20136-f550-4952-af37-cb5a23df7ad5" parentExecutionId="aa158d28-c536-4c1b-9b17-ed53748bcd26" testId="e7975907-abd7-c724-e54c-c8600f564d67" testName="TestCNLogin" computerName="DESKTOP-LTNHK23" duration="00:00:00.0010854" startTime="2019-11-15T00:21:08.3984571+07:00" endTime="2019-11-15T00:21:08.3994571+07:00" testType="13cdc9d9-ddb5-4fa4-a97d-d965ccfc6d4b" outcome="Passed" testListId="8c84fa94-04c1-424b-9868-57a2d4851a1d" relativeResultsDirectory="aa158d28-c536-4c1b-9b17-ed53748bcd26" dataRowInfo="12" resultType="DataDrivenDataRow" />
        <UnitTestResult executionId="de7948e3-4190-4913-9b34-de7e60608017" parentExecutionId="aa158d28-c536-4c1b-9b17-ed53748bcd26" testId="e7975907-abd7-c724-e54c-c8600f564d67" testName="TestCNLogin" computerName="DESKTOP-LTNHK23" duration="00:00:00.0009381" startTime="2019-11-15T00:21:08.3994571+07:00" endTime="2019-11-15T00:21:08.4004557+07:00" testType="13cdc9d9-ddb5-4fa4-a97d-d965ccfc6d4b" outcome="Passed" testListId="8c84fa94-04c1-424b-9868-57a2d4851a1d" relativeResultsDirectory="aa158d28-c536-4c1b-9b17-ed53748bcd26" dataRowInfo="13" resultType="DataDrivenDataRow" />
        <UnitTestResult executionId="27255b8e-762b-42d2-81cd-210d4f452baa" parentExecutionId="aa158d28-c536-4c1b-9b17-ed53748bcd26" testId="e7975907-abd7-c724-e54c-c8600f564d67" testName="TestCNLogin" computerName="DESKTOP-LTNHK23" duration="00:00:00.0022164" startTime="2019-11-15T00:21:08.4004557+07:00" endTime="2019-11-15T00:21:08.4024555+07:00" testType="13cdc9d9-ddb5-4fa4-a97d-d965ccfc6d4b" outcome="Failed" testListId="8c84fa94-04c1-424b-9868-57a2d4851a1d" relativeResultsDirectory="aa158d28-c536-4c1b-9b17-ed53748bcd26" dataRowInfo="14" resultType="DataDrivenDataRow">
          <Output>
            <ErrorInfo>
              <Message>Test method testPM.TestLogin.TestCNLogin threw exception: 
System.InvalidOperationException: số kí tự quá lớn</Message>
              <StackTrace>    at testPM.TestLogin.TestCNLogin() in C:\Users\Dell\Desktop\Dangnhap\testPM\Test_Login.cs:line 27
</StackTrace>
            </ErrorInfo>
          </Output>
        </UnitTestResult>
      </InnerResults>
    </UnitTestResult>
  </Results>
</TestRun>